
> my-project@0.1.0 test:e2e
> playwright test


Running 250 tests using 6 workers

[1A[2K[1/250] [webkit] › tests\subscribe.spec.ts:9:7 › 구독 기능 (Subscribe Feature) › 01. 구독 폼이 페이지에 표시되어야 함
[1A[2K[2/250] [webkit] › tests\blog-navigation.spec.ts:8:9 › 블로그 네비게이션 E2E 테스트 › 시나리오 1: 홈페이지 접속 및 기본 요소 확인 › 홈페이지가 정상적으로 로드된다
[1A[2K[3/250] [chromium] › tests\blog-navigation.spec.ts:8:9 › 블로그 네비게이션 E2E 테스트 › 시나리오 1: 홈페이지 접속 및 기본 요소 확인 › 홈페이지가 정상적으로 로드된다
[1A[2K[4/250] [chromium] › tests\subscribe.spec.ts:9:7 › 구독 기능 (Subscribe Feature) › 01. 구독 폼이 페이지에 표시되어야 함
[1A[2K[5/250] [firefox] › tests\blog-navigation.spec.ts:8:9 › 블로그 네비게이션 E2E 테스트 › 시나리오 1: 홈페이지 접속 및 기본 요소 확인 › 홈페이지가 정상적으로 로드된다
[1A[2K[6/250] [firefox] › tests\subscribe.spec.ts:9:7 › 구독 기능 (Subscribe Feature) › 01. 구독 폼이 페이지에 표시되어야 함
[1A[2K[7/250] [chromium] › tests\subscribe.spec.ts:20:7 › 구독 기능 (Subscribe Feature) › 02. 유효한 이메일로 구독할 수 있어야 함
[1A[2K  1) [webkit] › tests\subscribe.spec.ts:9:7 › 구독 기능 (Subscribe Feature) › 01. 구독 폼이 페이지에 표시되어야 함 ───

    [31mTest timeout of 5000ms exceeded while running "beforeEach" hook.[39m

      2 |
      3 | test.describe('구독 기능 (Subscribe Feature)', () => {
    > 4 |   test.beforeEach(async ({ page }) => {
        |        ^
      5 |     // 각 테스트 전에 홈페이지 방문
      6 |     await page.goto('/');
      7 |   });
        at C:\Users\user\workspaces\courses\my-project\tests\subscribe.spec.ts:4:8

    attachment #1: screenshot (image/png) ──────────────────────────────────────────────────────────
    test-results\subscribe-구독-기능-Subscribe-Feature-01-구독-폼이-페이지에-표시되어야-함-webkit\test-failed-1.png
    ────────────────────────────────────────────────────────────────────────────────────────────────

    attachment #2: video (video/webm) ──────────────────────────────────────────────────────────────
    test-results\subscribe-구독-기능-Subscribe-Feature-01-구독-폼이-페이지에-표시되어야-함-webkit\video.webm
    ────────────────────────────────────────────────────────────────────────────────────────────────

    Error Context: test-results\subscribe-구독-기능-Subscribe-Feature-01-구독-폼이-페이지에-표시되어야-함-webkit\error-context.md


[1A[2K  2) [webkit] › tests\blog-navigation.spec.ts:8:9 › 블로그 네비게이션 E2E 테스트 › 시나리오 1: 홈페이지 접속 및 기본 요소 확인 › 홈페이지가 정상적으로 로드된다 

    [31mTest timeout of 5000ms exceeded.[39m

    Error: [2mexpect([22m[31mpage[39m[2m).[22mtoHaveTitle[2m([22m[32mexpected[39m[2m)[22m failed

    Expected pattern: [32m/Home/[39m
    Received string:  [31m"Create Next App"[39m

    Call log:
    [2m  - Expect "toHaveTitle" with timeout 5000ms[22m
    [2m    2 × unexpected value "Create Next App"[22m


      11 |
      12 |       // 2단계: 페이지가 로드되었는지 확인
    > 13 |       await expect(page).toHaveTitle(/Home/);
         |                          ^
      14 |     });
      15 |
      16 |     test('네비게이션 바(Header)가 표시된다', async ({ page }) => {
        at C:\Users\user\workspaces\courses\my-project\tests\blog-navigation.spec.ts:13:26

    attachment #1: screenshot (image/png) ──────────────────────────────────────────────────────────
    test-results\blog-navigation-블로그-네비게이션--ce93a-및-기본-요소-확인-홈페이지가-정상적으로-로드된다-webkit\test-failed-1.png
    ────────────────────────────────────────────────────────────────────────────────────────────────

    attachment #2: video (video/webm) ──────────────────────────────────────────────────────────────
    test-results\blog-navigation-블로그-네비게이션--ce93a-및-기본-요소-확인-홈페이지가-정상적으로-로드된다-webkit\video.webm
    ────────────────────────────────────────────────────────────────────────────────────────────────

    Error Context: test-results\blog-navigation-블로그-네비게이션--ce93a-및-기본-요소-확인-홈페이지가-정상적으로-로드된다-webkit\error-context.md


[1A[2K  3) [chromium] › tests\blog-navigation.spec.ts:8:9 › 블로그 네비게이션 E2E 테스트 › 시나리오 1: 홈페이지 접속 및 기본 요소 확인 › 홈페이지가 정상적으로 로드된다 

    [31mTest timeout of 5000ms exceeded.[39m

    Error: [2mexpect([22m[31mpage[39m[2m).[22mtoHaveTitle[2m([22m[32mexpected[39m[2m)[22m failed

    Expected pattern: [32m/Home/[39m
    Received string:  [31m"Create Next App"[39m

    Call log:
    [2m  - Expect "toHaveTitle" with timeout 5000ms[22m
    [2m    6 × unexpected value "Create Next App"[22m


      11 |
      12 |       // 2단계: 페이지가 로드되었는지 확인
    > 13 |       await expect(page).toHaveTitle(/Home/);
         |                          ^
      14 |     });
      15 |
      16 |     test('네비게이션 바(Header)가 표시된다', async ({ page }) => {
        at C:\Users\user\workspaces\courses\my-project\tests\blog-navigation.spec.ts:13:26

    attachment #1: screenshot (image/png) ──────────────────────────────────────────────────────────
    test-results\blog-navigation-블로그-네비게이션--ce93a-및-기본-요소-확인-홈페이지가-정상적으로-로드된다-chromium\test-failed-1.png
    ────────────────────────────────────────────────────────────────────────────────────────────────

    attachment #2: video (video/webm) ──────────────────────────────────────────────────────────────
    test-results\blog-navigation-블로그-네비게이션--ce93a-및-기본-요소-확인-홈페이지가-정상적으로-로드된다-chromium\video.webm
    ────────────────────────────────────────────────────────────────────────────────────────────────

    Error Context: test-results\blog-navigation-블로그-네비게이션--ce93a-및-기본-요소-확인-홈페이지가-정상적으로-로드된다-chromium\error-context.md


[1A[2K  4) [firefox] › tests\subscribe.spec.ts:9:7 › 구독 기능 (Subscribe Feature) › 01. 구독 폼이 페이지에 표시되어야 함 ──

    [31mTest timeout of 5000ms exceeded while running "beforeEach" hook.[39m

      2 |
      3 | test.describe('구독 기능 (Subscribe Feature)', () => {
    > 4 |   test.beforeEach(async ({ page }) => {
        |        ^
      5 |     // 각 테스트 전에 홈페이지 방문
      6 |     await page.goto('/');
      7 |   });
        at C:\Users\user\workspaces\courses\my-project\tests\subscribe.spec.ts:4:8

    Error: browserContext.newPage: Test timeout of 5000ms exceeded.


[1A[2K  5) [firefox] › tests\blog-navigation.spec.ts:8:9 › 블로그 네비게이션 E2E 테스트 › 시나리오 1: 홈페이지 접속 및 기본 요소 확인 › 홈페이지가 정상적으로 로드된다 

    [31mTest timeout of 5000ms exceeded while setting up "page".[39m

    Error: browserContext.newPage: Test timeout of 5000ms exceeded.


[1A[2K[8/250] [webkit] › tests\blog-navigation.spec.ts:16:9 › 블로그 네비게이션 E2E 테스트 › 시나리오 1: 홈페이지 접속 및 기본 요소 확인 › 네비게이션 바(Header)가 표시된다
[1A[2K[9/250] [webkit] › tests\subscribe.spec.ts:20:7 › 구독 기능 (Subscribe Feature) › 02. 유효한 이메일로 구독할 수 있어야 함
[1A[2K[10/250] [chromium] › tests\blog-navigation.spec.ts:16:9 › 블로그 네비게이션 E2E 테스트 › 시나리오 1: 홈페이지 접속 및 기본 요소 확인 › 네비게이션 바(Header)가 표시된다
[1A[2K  6) [chromium] › tests\subscribe.spec.ts:20:7 › 구독 기능 (Subscribe Feature) › 02. 유효한 이메일로 구독할 수 있어야 함 

    [31mTest timeout of 5000ms exceeded.[39m

    Error: [2mexpect([22m[31mlocator[39m[2m).[22mtoHaveClass[2m([22m[32mexpected[39m[2m)[22m failed

    Locator: locator('text=구독이 완료되었습니다').locator('..')
    Expected pattern: [32m/bg-green-50/[39m
    Received string:  [31m"flex flex-col gap-3 w-full"[39m

    Call log:
    [2m  - Expect "toHaveClass" with timeout 5000ms[22m
    [2m  - waiting for locator('text=구독이 완료되었습니다').locator('..')[22m
    [2m    6 × locator resolved to <form class="flex flex-col gap-3 w-full">…</form>[22m
    [2m      - unexpected value "flex flex-col gap-3 w-full"[22m


      37 |     // 성공 메시지 스타일 확인 (초록색)
      38 |     const messageDiv = successMessage.locator('..');
    > 39 |     await expect(messageDiv).toHaveClass(/bg-green-50/);
         |                              ^
      40 |   });
      41 |
      42 |   test('03. 이미 구독 중인 이메일로는 중복 구독이 불가능해야 함', async ({ page }) => {
        at C:\Users\user\workspaces\courses\my-project\tests\subscribe.spec.ts:39:30

    attachment #1: screenshot (image/png) ──────────────────────────────────────────────────────────
    test-results\subscribe-구독-기능-Subscribe-Feature-02-유효한-이메일로-구독할-수-있어야-함-chromium\test-failed-1.png
    ────────────────────────────────────────────────────────────────────────────────────────────────

    attachment #2: video (video/webm) ──────────────────────────────────────────────────────────────
    test-results\subscribe-구독-기능-Subscribe-Feature-02-유효한-이메일로-구독할-수-있어야-함-chromium\video.webm
    ────────────────────────────────────────────────────────────────────────────────────────────────

    Error Context: test-results\subscribe-구독-기능-Subscribe-Feature-02-유효한-이메일로-구독할-수-있어야-함-chromium\error-context.md


[1A[2K[11/250] [firefox] › tests\subscribe.spec.ts:20:7 › 구독 기능 (Subscribe Feature) › 02. 유효한 이메일로 구독할 수 있어야 함
[1A[2K[12/250] [firefox] › tests\blog-navigation.spec.ts:16:9 › 블로그 네비게이션 E2E 테스트 › 시나리오 1: 홈페이지 접속 및 기본 요소 확인 › 네비게이션 바(Header)가 표시된다
[1A[2K[13/250] [chromium] › tests\blog-navigation.spec.ts:25:9 › 블로그 네비게이션 E2E 테스트 › 시나리오 1: 홈페이지 접속 및 기본 요소 확인 › 사이트 로고/제목이 네비게이션 바에 표시된다
[1A[2K[14/250] [chromium] › tests\subscribe.spec.ts:42:7 › 구독 기능 (Subscribe Feature) › 03. 이미 구독 중인 이메일로는 중복 구독이 불가능해야 함
[1A[2K[15/250] [chromium] › tests\blog-navigation.spec.ts:37:9 › 블로그 네비게이션 E2E 테스트 › 시나리오 1: 홈페이지 접속 및 기본 요소 확인 › 네비게이션 바에 "가입하기" 버튼이 있다
[1A[2K[16/250] [chromium] › tests\blog-navigation.spec.ts:46:9 › 블로그 네비게이션 E2E 테스트 › 시나리오 1: 홈페이지 접속 및 기본 요소 확인 › 메인 콘텐츠가 표시된다
[1A[2K[17/250] [chromium] › tests\blog-navigation.spec.ts:55:9 › 블로그 네비게이션 E2E 테스트 › 시나리오 1: 홈페이지 접속 및 기본 요소 확인 › 홈페이지에 메인 제목이 표시된다
[1A[2K  7) [webkit] › tests\blog-navigation.spec.ts:16:9 › 블로그 네비게이션 E2E 테스트 › 시나리오 1: 홈페이지 접속 및 기본 요소 확인 › 네비게이션 바(Header)가 표시된다 

    [31mTest timeout of 5000ms exceeded.[39m

    attachment #1: screenshot (image/png) ──────────────────────────────────────────────────────────
    test-results\blog-navigation-블로그-네비게이션--21da7-요소-확인-네비게이션-바-Header-가-표시된다-webkit\test-failed-1.png
    ────────────────────────────────────────────────────────────────────────────────────────────────

    attachment #2: video (video/webm) ──────────────────────────────────────────────────────────────
    test-results\blog-navigation-블로그-네비게이션--21da7-요소-확인-네비게이션-바-Header-가-표시된다-webkit\video.webm
    ────────────────────────────────────────────────────────────────────────────────────────────────

    Error Context: test-results\blog-navigation-블로그-네비게이션--21da7-요소-확인-네비게이션-바-Header-가-표시된다-webkit\error-context.md


[1A[2K  8) [webkit] › tests\subscribe.spec.ts:20:7 › 구독 기능 (Subscribe Feature) › 02. 유효한 이메일로 구독할 수 있어야 함 

    [31mTest timeout of 5000ms exceeded.[39m

    Error: locator.click: Test timeout of 5000ms exceeded.
    Call log:
    [2m  - waiting for locator('button:has-text("구독")')[22m


      29 |     // 구독 버튼 클릭
      30 |     const submitButton = page.locator('button:has-text("구독")');
    > 31 |     await submitButton.click();
         |                        ^
      32 |
      33 |     // 성공 메시지 확인
      34 |     const successMessage = page.locator('text=구독이 완료되었습니다');
        at C:\Users\user\workspaces\courses\my-project\tests\subscribe.spec.ts:31:24

    attachment #1: screenshot (image/png) ──────────────────────────────────────────────────────────
    test-results\subscribe-구독-기능-Subscribe-Feature-02-유효한-이메일로-구독할-수-있어야-함-webkit\test-failed-1.png
    ────────────────────────────────────────────────────────────────────────────────────────────────

    attachment #2: video (video/webm) ──────────────────────────────────────────────────────────────
    test-results\subscribe-구독-기능-Subscribe-Feature-02-유효한-이메일로-구독할-수-있어야-함-webkit\video.webm
    ────────────────────────────────────────────────────────────────────────────────────────────────

    Error Context: test-results\subscribe-구독-기능-Subscribe-Feature-02-유효한-이메일로-구독할-수-있어야-함-webkit\error-context.md


[1A[2K[18/250] [chromium] › tests\blog-navigation.spec.ts:67:9 › 블로그 네비게이션 E2E 테스트 › 시나리오 1: 홈페이지 접속 및 기본 요소 확인 › Footer가 페이지 하단에 표시된다
[1A[2K[19/250] [chromium] › tests\blog-navigation.spec.ts:79:9 › 블로그 네비게이션 E2E 테스트 › 시나리오 1: 홈페이지 접속 및 기본 요소 확인 › Footer에 "문의하기" 버튼이 있다
[1A[2K[20/250] [webkit] › tests\blog-navigation.spec.ts:25:9 › 블로그 네비게이션 E2E 테스트 › 시나리오 1: 홈페이지 접속 및 기본 요소 확인 › 사이트 로고/제목이 네비게이션 바에 표시된다
[1A[2K[21/250] [webkit] › tests\subscribe.spec.ts:42:7 › 구독 기능 (Subscribe Feature) › 03. 이미 구독 중인 이메일로는 중복 구독이 불가능해야 함
[1A[2K[22/250] [chromium] › tests\blog-navigation.spec.ts:91:9 › 블로그 네비게이션 E2E 테스트 › 시나리오 1: 홈페이지 접속 및 기본 요소 확인 › Footer에 저작권 정보가 표시된다
[1A[2K  9) [chromium] › tests\subscribe.spec.ts:42:7 › 구독 기능 (Subscribe Feature) › 03. 이미 구독 중인 이메일로는 중복 구독이 불가능해야 함 

    [31mTest timeout of 5000ms exceeded.[39m

    Error: [2mexpect([22m[31mlocator[39m[2m).[22mtoHaveClass[2m([22m[32mexpected[39m[2m)[22m failed

    Locator: locator('text=이미 구독 중인 이메일 주소입니다').locator('..')
    Expected pattern: [32m/bg-red-50/[39m
    Received string:  [31m"flex flex-col gap-3 w-full"[39m

    Call log:
    [2m  - Expect "toHaveClass" with timeout 5000ms[22m
    [2m  - waiting for locator('text=이미 구독 중인 이메일 주소입니다').locator('..')[22m
    [2m    6 × locator resolved to <form class="flex flex-col gap-3 w-full">…</form>[22m
    [2m      - unexpected value "flex flex-col gap-3 w-full"[22m


      69 |     // 에러 메시지 스타일 확인 (빨간색)
      70 |     const messageDiv = errorMessage.locator('..');
    > 71 |     await expect(messageDiv).toHaveClass(/bg-red-50/);
         |                              ^
      72 |   });
      73 |
      74 |   test('04. 잘못된 이메일 형식으로는 구독할 수 없어야 함', async ({ page }) => {
        at C:\Users\user\workspaces\courses\my-project\tests\subscribe.spec.ts:71:30

    attachment #1: screenshot (image/png) ──────────────────────────────────────────────────────────
    test-results\subscribe-구독-기능-Subscribe--fa09f--구독-중인-이메일로는-중복-구독이-불가능해야-함-chromium\test-failed-1.png
    ────────────────────────────────────────────────────────────────────────────────────────────────

    attachment #2: video (video/webm) ──────────────────────────────────────────────────────────────
    test-results\subscribe-구독-기능-Subscribe--fa09f--구독-중인-이메일로는-중복-구독이-불가능해야-함-chromium\video.webm
    ────────────────────────────────────────────────────────────────────────────────────────────────

    Error Context: test-results\subscribe-구독-기능-Subscribe--fa09f--구독-중인-이메일로는-중복-구독이-불가능해야-함-chromium\error-context.md


[1A[2K[23/250] [chromium] › tests\blog-navigation.spec.ts:103:9 › 블로그 네비게이션 E2E 테스트 › 시나리오 1: 홈페이지 접속 및 기본 요소 확인 › 홈페이지의 모든 이미지가 로드된다
[1A[2K[24/250] [webkit] › tests\blog-navigation.spec.ts:37:9 › 블로그 네비게이션 E2E 테스트 › 시나리오 1: 홈페이지 접속 및 기본 요소 확인 › 네비게이션 바에 "가입하기" 버튼이 있다
[1A[2K[25/250] [chromium] › tests\blog-navigation.spec.ts:121:9 › 블로그 네비게이션 E2E 테스트 › 시나리오 2: 블로그 목록 페이지에서 포스트 확인 › 블로그 목록 페이지로 이동할 수 있다
[1A[2K[26/250] [chromium] › tests\subscribe.spec.ts:74:7 › 구독 기능 (Subscribe Feature) › 04. 잘못된 이메일 형식으로는 구독할 수 없어야 함
[1A[2K[27/250] [webkit] › tests\blog-navigation.spec.ts:46:9 › 블로그 네비게이션 E2E 테스트 › 시나리오 1: 홈페이지 접속 및 기본 요소 확인 › 메인 콘텐츠가 표시된다
[1A[2K[28/250] [webkit] › tests\blog-navigation.spec.ts:55:9 › 블로그 네비게이션 E2E 테스트 › 시나리오 1: 홈페이지 접속 및 기본 요소 확인 › 홈페이지에 메인 제목이 표시된다
[1A[2K  10) [webkit] › tests\subscribe.spec.ts:42:7 › 구독 기능 (Subscribe Feature) › 03. 이미 구독 중인 이메일로는 중복 구독이 불가능해야 함 

    [31mTest timeout of 5000ms exceeded.[39m

    Error: locator.click: Test timeout of 5000ms exceeded.
    Call log:
    [2m  - waiting for locator('button:has-text("구독")')[22m
    [2m    - locator resolved to <button type="submit" class="bg-blue-600 hover:bg-blue-700 text-white font-semibold py-2 px-4 rounded-md shadow-md disabled:bg-gray-400">구독</button>[22m
    [2m  - attempting click action[22m
    [2m    - waiting for element to be visible, enabled and stable[22m


      50 |     // 첫 구독
      51 |     await emailInput.fill(email);
    > 52 |     await submitButton.click();
         |                        ^
      53 |
      54 |     const successMessage = page.locator('text=구독이 완료되었습니다');
      55 |     await expect(successMessage).toBeVisible();
        at C:\Users\user\workspaces\courses\my-project\tests\subscribe.spec.ts:52:24

    attachment #1: screenshot (image/png) ──────────────────────────────────────────────────────────
    test-results\subscribe-구독-기능-Subscribe--fa09f--구독-중인-이메일로는-중복-구독이-불가능해야-함-webkit\test-failed-1.png
    ────────────────────────────────────────────────────────────────────────────────────────────────

    attachment #2: video (video/webm) ──────────────────────────────────────────────────────────────
    test-results\subscribe-구독-기능-Subscribe--fa09f--구독-중인-이메일로는-중복-구독이-불가능해야-함-webkit\video.webm
    ────────────────────────────────────────────────────────────────────────────────────────────────

    Error Context: test-results\subscribe-구독-기능-Subscribe--fa09f--구독-중인-이메일로는-중복-구독이-불가능해야-함-webkit\error-context.md


[1A[2K  11) [chromium] › tests\subscribe.spec.ts:74:7 › 구독 기능 (Subscribe Feature) › 04. 잘못된 이메일 형식으로는 구독할 수 없어야 함 

    [31mTest timeout of 5000ms exceeded.[39m

    Error: [2mexpect([22m[31mlocator[39m[2m).[22mtoBeVisible[2m([22m[2m)[22m failed

    Locator: locator('text=올바른 이메일 주소를 입력해주세요')
    Expected: visible
    Error: element(s) not found

    Call log:
    [2m  - Expect "toBeVisible" with timeout 5000ms[22m
    [2m  - waiting for locator('text=올바른 이메일 주소를 입력해주세요')[22m


      82 |     // 에러 메시지 확인
      83 |     const errorMessage = page.locator('text=올바른 이메일 주소를 입력해주세요');
    > 84 |     await expect(errorMessage).toBeVisible();
         |                                ^
      85 |   });
      86 |
      87 |   test('05. 이메일 필드가 비어있으면 구독할 수 없어야 함', async ({ page }) => {
        at C:\Users\user\workspaces\courses\my-project\tests\subscribe.spec.ts:84:32

    attachment #1: screenshot (image/png) ──────────────────────────────────────────────────────────
    test-results\subscribe-구독-기능-Subscribe--45acc-4-잘못된-이메일-형식으로는-구독할-수-없어야-함-chromium\test-failed-1.png
    ────────────────────────────────────────────────────────────────────────────────────────────────

    attachment #2: video (video/webm) ──────────────────────────────────────────────────────────────
    test-results\subscribe-구독-기능-Subscribe--45acc-4-잘못된-이메일-형식으로는-구독할-수-없어야-함-chromium\video.webm
    ────────────────────────────────────────────────────────────────────────────────────────────────

    Error Context: test-results\subscribe-구독-기능-Subscribe--45acc-4-잘못된-이메일-형식으로는-구독할-수-없어야-함-chromium\error-context.md


[1A[2K  12) [firefox] › tests\blog-navigation.spec.ts:16:9 › 블로그 네비게이션 E2E 테스트 › 시나리오 1: 홈페이지 접속 및 기본 요소 확인 › 네비게이션 바(Header)가 표시된다 

    [31mTest timeout of 5000ms exceeded while setting up "page".[39m

    [31mTearing down "context" exceeded the test timeout of 5000ms.[39m

    Error: browserContext.newPage: Test timeout of 5000ms exceeded.


[1A[2K  13) [firefox] › tests\subscribe.spec.ts:20:7 › 구독 기능 (Subscribe Feature) › 02. 유효한 이메일로 구독할 수 있어야 함 

    [31mTest timeout of 5000ms exceeded while running "beforeEach" hook.[39m

      2 |
      3 | test.describe('구독 기능 (Subscribe Feature)', () => {
    > 4 |   test.beforeEach(async ({ page }) => {
        |        ^
      5 |     // 각 테스트 전에 홈페이지 방문
      6 |     await page.goto('/');
      7 |   });
        at C:\Users\user\workspaces\courses\my-project\tests\subscribe.spec.ts:4:8

    [31mTearing down "context" exceeded the test timeout of 5000ms.[39m

    Error: browserContext.newPage: Test timeout of 5000ms exceeded.


[1A[2K[29/250] [webkit] › tests\blog-navigation.spec.ts:67:9 › 블로그 네비게이션 E2E 테스트 › 시나리오 1: 홈페이지 접속 및 기본 요소 확인 › Footer가 페이지 하단에 표시된다
[1A[2K  14) [chromium] › tests\blog-navigation.spec.ts:121:9 › 블로그 네비게이션 E2E 테스트 › 시나리오 2: 블로그 목록 페이지에서 포스트 확인 › 블로그 목록 페이지로 이동할 수 있다 

    [31mTest timeout of 5000ms exceeded.[39m

    Error: page.goto: Test timeout of 5000ms exceeded.
    Call log:
    [2m  - navigating to "http://localhost:3000/blog", waiting until "load"[22m


      121 |     test('블로그 목록 페이지로 이동할 수 있다', async ({ page }) => {
      122 |       // 1단계: 블로그 페이지로 이동
    > 123 |       await page.goto('/blog');
          |                  ^
      124 |
      125 |       // 2단계: 페이지가 로드되었는지 확인
      126 |       await expect(page).toHaveTitle(/블로그/);
        at C:\Users\user\workspaces\courses\my-project\tests\blog-navigation.spec.ts:123:18

    [31mTearing down "context" exceeded the test timeout of 5000ms.[39m

    attachment #1: screenshot (image/png) ──────────────────────────────────────────────────────────
    test-results\blog-navigation-블로그-네비게이션--4609d-포스트-확인-블로그-목록-페이지로-이동할-수-있다-chromium\test-failed-1.png
    ────────────────────────────────────────────────────────────────────────────────────────────────

    Error Context: test-results\blog-navigation-블로그-네비게이션--4609d-포스트-확인-블로그-목록-페이지로-이동할-수-있다-chromium\error-context.md


[1A[2K[30/250] [webkit] › tests\subscribe.spec.ts:74:7 › 구독 기능 (Subscribe Feature) › 04. 잘못된 이메일 형식으로는 구독할 수 없어야 함
[1A[2K[31/250] [webkit] › tests\blog-navigation.spec.ts:79:9 › 블로그 네비게이션 E2E 테스트 › 시나리오 1: 홈페이지 접속 및 기본 요소 확인 › Footer에 "문의하기" 버튼이 있다
[1A[2K[32/250] [chromium] › tests\subscribe.spec.ts:87:7 › 구독 기능 (Subscribe Feature) › 05. 이메일 필드가 비어있으면 구독할 수 없어야 함
[1A[2K[33/250] [firefox] › tests\blog-navigation.spec.ts:25:9 › 블로그 네비게이션 E2E 테스트 › 시나리오 1: 홈페이지 접속 및 기본 요소 확인 › 사이트 로고/제목이 네비게이션 바에 표시된다
[1A[2K[34/250] [firefox] › tests\subscribe.spec.ts:42:7 › 구독 기능 (Subscribe Feature) › 03. 이미 구독 중인 이메일로는 중복 구독이 불가능해야 함
[1A[2K[35/250] [webkit] › tests\blog-navigation.spec.ts:91:9 › 블로그 네비게이션 E2E 테스트 › 시나리오 1: 홈페이지 접속 및 기본 요소 확인 › Footer에 저작권 정보가 표시된다
[1A[2K[36/250] [chromium] › tests\subscribe.spec.ts:100:7 › 구독 기능 (Subscribe Feature) › 06. 로딩 상태를 표시해야 함
[1A[2K[37/250] [chromium] › tests\blog-navigation.spec.ts:129:9 › 블로그 네비게이션 E2E 테스트 › 시나리오 2: 블로그 목록 페이지에서 포스트 확인 › 블로그 페이지 제목이 표시된다
[1A[2K[38/250] [webkit] › tests\blog-navigation.spec.ts:103:9 › 블로그 네비게이션 E2E 테스트 › 시나리오 1: 홈페이지 접속 및 기본 요소 확인 › 홈페이지의 모든 이미지가 로드된다
[1A[2K[39/250] [chromium] › tests\subscribe.spec.ts:118:7 › 구독 기능 (Subscribe Feature) › 07. 성공 후 이메일 필드가 비워져야 함
[1A[2K  15) [webkit] › tests\subscribe.spec.ts:74:7 › 구독 기능 (Subscribe Feature) › 04. 잘못된 이메일 형식으로는 구독할 수 없어야 함 

    [31mTest timeout of 5000ms exceeded.[39m

    Error: [2mexpect([22m[31mlocator[39m[2m).[22mtoBeVisible[2m([22m[2m)[22m failed

    Locator: locator('text=올바른 이메일 주소를 입력해주세요')
    Expected: visible
    Error: element(s) not found

    Call log:
    [2m  - Expect "toBeVisible" with timeout 5000ms[22m
    [2m  - waiting for locator('text=올바른 이메일 주소를 입력해주세요')[22m


      82 |     // 에러 메시지 확인
      83 |     const errorMessage = page.locator('text=올바른 이메일 주소를 입력해주세요');
    > 84 |     await expect(errorMessage).toBeVisible();
         |                                ^
      85 |   });
      86 |
      87 |   test('05. 이메일 필드가 비어있으면 구독할 수 없어야 함', async ({ page }) => {
        at C:\Users\user\workspaces\courses\my-project\tests\subscribe.spec.ts:84:32

    attachment #1: screenshot (image/png) ──────────────────────────────────────────────────────────
    test-results\subscribe-구독-기능-Subscribe--45acc-4-잘못된-이메일-형식으로는-구독할-수-없어야-함-webkit\test-failed-1.png
    ────────────────────────────────────────────────────────────────────────────────────────────────

    attachment #2: video (video/webm) ──────────────────────────────────────────────────────────────
    test-results\subscribe-구독-기능-Subscribe--45acc-4-잘못된-이메일-형식으로는-구독할-수-없어야-함-webkit\video.webm
    ────────────────────────────────────────────────────────────────────────────────────────────────

    Error Context: test-results\subscribe-구독-기능-Subscribe--45acc-4-잘못된-이메일-형식으로는-구독할-수-없어야-함-webkit\error-context.md


[1A[2K[40/250] [chromium] › tests\blog-navigation.spec.ts:141:9 › 블로그 네비게이션 E2E 테스트 › 시나리오 2: 블로그 목록 페이지에서 포스트 확인 › 블로그 페이지에 설명 텍스트가 표시된다
[1A[2K[41/250] [chromium] › tests\subscribe.spec.ts:136:7 › 구독 기능 (Subscribe Feature) › 08. 여러 개의 서로 다른 이메일로 구독할 수 있어야 함
[1A[2K[42/250] [webkit] › tests\blog-navigation.spec.ts:121:9 › 블로그 네비게이션 E2E 테스트 › 시나리오 2: 블로그 목록 페이지에서 포스트 확인 › 블로그 목록 페이지로 이동할 수 있다
[1A[2K[43/250] [chromium] › tests\blog-navigation.spec.ts:152:9 › 블로그 네비게이션 E2E 테스트 › 시나리오 2: 블로그 목록 페이지에서 포스트 확인 › 첫 번째 포스트가 목록에 표시된다
[1A[2K  16) [firefox] › tests\blog-navigation.spec.ts:25:9 › 블로그 네비게이션 E2E 테스트 › 시나리오 1: 홈페이지 접속 및 기본 요소 확인 › 사이트 로고/제목이 네비게이션 바에 표시된다 

    [31mTest timeout of 5000ms exceeded.[39m

    attachment #1: screenshot (image/png) ──────────────────────────────────────────────────────────
    test-results\blog-navigation-블로그-네비게이션--58ee9-확인-사이트-로고-제목이-네비게이션-바에-표시된다-firefox\test-failed-1.png
    ────────────────────────────────────────────────────────────────────────────────────────────────

    attachment #2: video (video/webm) ──────────────────────────────────────────────────────────────
    test-results\blog-navigation-블로그-네비게이션--58ee9-확인-사이트-로고-제목이-네비게이션-바에-표시된다-firefox\video.webm
    ────────────────────────────────────────────────────────────────────────────────────────────────

    Error Context: test-results\blog-navigation-블로그-네비게이션--58ee9-확인-사이트-로고-제목이-네비게이션-바에-표시된다-firefox\error-context.md


[1A[2K[44/250] [chromium] › tests\blog-navigation.spec.ts:163:9 › 블로그 네비게이션 E2E 테스트 › 시나리오 2: 블로그 목록 페이지에서 포스트 확인 › 두 번째 포스트가 목록에 표시된다
[1A[2K  17) [firefox] › tests\subscribe.spec.ts:42:7 › 구독 기능 (Subscribe Feature) › 03. 이미 구독 중인 이메일로는 중복 구독이 불가능해야 함 

    [31mTest timeout of 5000ms exceeded while running "beforeEach" hook.[39m

      2 |
      3 | test.describe('구독 기능 (Subscribe Feature)', () => {
    > 4 |   test.beforeEach(async ({ page }) => {
        |        ^
      5 |     // 각 테스트 전에 홈페이지 방문
      6 |     await page.goto('/');
      7 |   });
        at C:\Users\user\workspaces\courses\my-project\tests\subscribe.spec.ts:4:8

    attachment #1: screenshot (image/png) ──────────────────────────────────────────────────────────
    test-results\subscribe-구독-기능-Subscribe--fa09f--구독-중인-이메일로는-중복-구독이-불가능해야-함-firefox\test-failed-1.png
    ────────────────────────────────────────────────────────────────────────────────────────────────

    attachment #2: video (video/webm) ──────────────────────────────────────────────────────────────
    test-results\subscribe-구독-기능-Subscribe--fa09f--구독-중인-이메일로는-중복-구독이-불가능해야-함-firefox\video.webm
    ────────────────────────────────────────────────────────────────────────────────────────────────

    Error Context: test-results\subscribe-구독-기능-Subscribe--fa09f--구독-중인-이메일로는-중복-구독이-불가능해야-함-firefox\error-context.md


[1A[2K[45/250] [webkit] › tests\subscribe.spec.ts:87:7 › 구독 기능 (Subscribe Feature) › 05. 이메일 필드가 비어있으면 구독할 수 없어야 함
[1A[2K[46/250] [webkit] › tests\blog-navigation.spec.ts:129:9 › 블로그 네비게이션 E2E 테스트 › 시나리오 2: 블로그 목록 페이지에서 포스트 확인 › 블로그 페이지 제목이 표시된다
[1A[2K[47/250] [chromium] › tests\subscribe.spec.ts:167:7 › 구독 기능 (Subscribe Feature) › 09. 버튼 스타일 검증 (프로젝트 규칙)
[1A[2K[48/250] [chromium] › tests\blog-navigation.spec.ts:174:9 › 블로그 네비게이션 E2E 테스트 › 시나리오 2: 블로그 목록 페이지에서 포스트 확인 › 각 포스트의 발행 날짜가 표시된다
[1A[2K[49/250] [chromium] › tests\subscribe.spec.ts:182:7 › 구독 기능 (Subscribe Feature) › 10. 모바일 환경에서도 구독할 수 있어야 함
[1A[2K[50/250] [chromium] › tests\blog-navigation.spec.ts:186:9 › 블로그 네비게이션 E2E 테스트 › 시나리오 2: 블로그 목록 페이지에서 포스트 확인 › 각 포스트의 미리보기 내용이 표시된다
[1A[2K[51/250] [firefox] › tests\blog-navigation.spec.ts:37:9 › 블로그 네비게이션 E2E 테스트 › 시나리오 1: 홈페이지 접속 및 기본 요소 확인 › 네비게이션 바에 "가입하기" 버튼이 있다
[1A[2K[52/250] [webkit] › tests\blog-navigation.spec.ts:141:9 › 블로그 네비게이션 E2E 테스트 › 시나리오 2: 블로그 목록 페이지에서 포스트 확인 › 블로그 페이지에 설명 텍스트가 표시된다
[1A[2K[53/250] [chromium] › tests\subscribe.spec.ts:198:7 › 구독 기능 (Subscribe Feature) › 11. 브라우저 백 버튼 후에도 폼이 정상 작동해야 함
[1A[2K[54/250] [chromium] › tests\blog-navigation.spec.ts:198:9 › 블로그 네비게이션 E2E 테스트 › 시나리오 2: 블로그 목록 페이지에서 포스트 확인 › 각 포스트에 작가 정보가 표시된다
[1A[2K[55/250] [firefox] › tests\subscribe.spec.ts:74:7 › 구독 기능 (Subscribe Feature) › 04. 잘못된 이메일 형식으로는 구독할 수 없어야 함
[1A[2K[56/250] [webkit] › tests\subscribe.spec.ts:100:7 › 구독 기능 (Subscribe Feature) › 06. 로딩 상태를 표시해야 함
[1A[2K[57/250] [webkit] › tests\blog-navigation.spec.ts:152:9 › 블로그 네비게이션 E2E 테스트 › 시나리오 2: 블로그 목록 페이지에서 포스트 확인 › 첫 번째 포스트가 목록에 표시된다
[1A[2K[58/250] [chromium] › tests\subscribe.spec.ts:220:7 › 구독 기능 (Subscribe Feature) › 12. 아주 긴 이메일 주소로도 구독할 수 있어야 함
[1A[2K[59/250] [webkit] › tests\blog-navigation.spec.ts:163:9 › 블로그 네비게이션 E2E 테스트 › 시나리오 2: 블로그 목록 페이지에서 포스트 확인 › 두 번째 포스트가 목록에 표시된다
[1A[2K[60/250] [webkit] › tests\blog-navigation.spec.ts:174:9 › 블로그 네비게이션 E2E 테스트 › 시나리오 2: 블로그 목록 페이지에서 포스트 확인 › 각 포스트의 발행 날짜가 표시된다
[1A[2K[61/250] [webkit] › tests\blog-navigation.spec.ts:186:9 › 블로그 네비게이션 E2E 테스트 › 시나리오 2: 블로그 목록 페이지에서 포스트 확인 › 각 포스트의 미리보기 내용이 표시된다
[1A[2K  18) [webkit] › tests\subscribe.spec.ts:100:7 › 구독 기능 (Subscribe Feature) › 06. 로딩 상태를 표시해야 함 ─────

    [31mTest timeout of 5000ms exceeded.[39m

    Error: [2mexpect([22m[31mlocator[39m[2m).[22mtoBeVisible[2m([22m[2m)[22m failed

    Locator: locator('text=구독이 완료되었습니다')
    Expected: visible
    Timeout: 5000ms
    Error: element(s) not found

    Call log:
    [2m  - Expect "toBeVisible" with timeout 5000ms[22m
    [2m  - waiting for locator('text=구독이 완료되었습니다')[22m


      113 |
      114 |     // 로딩 후 성공 메시지 확인
    > 115 |     await expect(page.locator('text=구독이 완료되었습니다')).toBeVisible();
          |                                                    ^
      116 |   });
      117 |
      118 |   test('07. 성공 후 이메일 필드가 비워져야 함', async ({ page }) => {
        at C:\Users\user\workspaces\courses\my-project\tests\subscribe.spec.ts:115:52

    [31mTearing down "context" exceeded the test timeout of 5000ms.[39m

    attachment #1: screenshot (image/png) ──────────────────────────────────────────────────────────
    test-results\subscribe-구독-기능-Subscribe-Feature-06-로딩-상태를-표시해야-함-webkit\test-failed-1.png
    ────────────────────────────────────────────────────────────────────────────────────────────────

    Error Context: test-results\subscribe-구독-기능-Subscribe-Feature-06-로딩-상태를-표시해야-함-webkit\error-context.md

    attachment #3: video (video/webm) ──────────────────────────────────────────────────────────────
    test-results\subscribe-구독-기능-Subscribe-Feature-06-로딩-상태를-표시해야-함-webkit\video.webm
    ────────────────────────────────────────────────────────────────────────────────────────────────


[1A[2K  19) [chromium] › tests\blog-navigation.spec.ts:198:9 › 블로그 네비게이션 E2E 테스트 › 시나리오 2: 블로그 목록 페이지에서 포스트 확인 › 각 포스트에 작가 정보가 표시된다 

    Error: [2mexpect([22m[31mlocator[39m[2m).[22mtoBeVisible[2m([22m[2m)[22m failed

    Locator: getByText('Jane Doe')
    Expected: visible
    Error: strict mode violation: getByText('Jane Doe') resolved to 2 elements:
        1) <p class="font-semibold text-gray-900">Jane Doe</p> aka getByTestId('blog-post-0').getByText('Jane Doe')
        2) <p class="font-semibold text-gray-900">Jane Doe</p> aka getByTestId('blog-post-1').getByText('Jane Doe')

    Call log:
    [2m  - Expect "toBeVisible" with timeout 5000ms[22m
    [2m  - waiting for getByText('Jane Doe')[22m


      202 |       // 2단계: 작가명 확인
      203 |       const authorName = page.getByText('Jane Doe');
    > 204 |       await expect(authorName).toBeVisible();
          |                                ^
      205 |     });
      206 |
      207 |     test('각 포스트에 작가 프로필 이미지가 표시된다', async ({ page }) => {
        at C:\Users\user\workspaces\courses\my-project\tests\blog-navigation.spec.ts:204:32

    attachment #1: screenshot (image/png) ──────────────────────────────────────────────────────────
    test-results\blog-navigation-블로그-네비게이션--10c2b-서-포스트-확인-각-포스트에-작가-정보가-표시된다-chromium\test-failed-1.png
    ────────────────────────────────────────────────────────────────────────────────────────────────

    attachment #2: video (video/webm) ──────────────────────────────────────────────────────────────
    test-results\blog-navigation-블로그-네비게이션--10c2b-서-포스트-확인-각-포스트에-작가-정보가-표시된다-chromium\video.webm
    ────────────────────────────────────────────────────────────────────────────────────────────────

    Error Context: test-results\blog-navigation-블로그-네비게이션--10c2b-서-포스트-확인-각-포스트에-작가-정보가-표시된다-chromium\error-context.md


[1A[2K  20) [chromium] › tests\subscribe.spec.ts:220:7 › 구독 기능 (Subscribe Feature) › 12. 아주 긴 이메일 주소로도 구독할 수 있어야 함 

    [31mTest timeout of 5000ms exceeded.[39m

    Error: [2mexpect([22m[31mlocator[39m[2m).[22mtoBeVisible[2m([22m[2m)[22m failed

    Locator: locator('text=구독이 완료되었습니다')
    Expected: visible
    Timeout: 5000ms
    Error: element(s) not found

    Call log:
    [2m  - Expect "toBeVisible" with timeout 5000ms[22m
    [2m  - waiting for locator('text=구독이 완료되었습니다')[22m


      229 |
      230 |     // 성공 메시지 확인
    > 231 |     await expect(page.locator('text=구독이 완료되었습니다')).toBeVisible();
          |                                                    ^
      232 |   });
      233 |
      234 |   test('13. 특수 문자가 포함된 이메일로는 구독할 수 없어야 함', async ({ page }) => {
        at C:\Users\user\workspaces\courses\my-project\tests\subscribe.spec.ts:231:52

    attachment #1: screenshot (image/png) ──────────────────────────────────────────────────────────
    test-results\subscribe-구독-기능-Subscribe--e0f0b-2-아주-긴-이메일-주소로도-구독할-수-있어야-함-chromium\test-failed-1.png
    ────────────────────────────────────────────────────────────────────────────────────────────────

    attachment #2: video (video/webm) ──────────────────────────────────────────────────────────────
    test-results\subscribe-구독-기능-Subscribe--e0f0b-2-아주-긴-이메일-주소로도-구독할-수-있어야-함-chromium\video.webm
    ────────────────────────────────────────────────────────────────────────────────────────────────

    Error Context: test-results\subscribe-구독-기능-Subscribe--e0f0b-2-아주-긴-이메일-주소로도-구독할-수-있어야-함-chromium\error-context.md


[1A[2K[62/250] [webkit] › tests\blog-navigation.spec.ts:198:9 › 블로그 네비게이션 E2E 테스트 › 시나리오 2: 블로그 목록 페이지에서 포스트 확인 › 각 포스트에 작가 정보가 표시된다
[1A[2K  21) [firefox] › tests\subscribe.spec.ts:74:7 › 구독 기능 (Subscribe Feature) › 04. 잘못된 이메일 형식으로는 구독할 수 없어야 함 

    [31mTest timeout of 5000ms exceeded while running "beforeEach" hook.[39m

      2 |
      3 | test.describe('구독 기능 (Subscribe Feature)', () => {
    > 4 |   test.beforeEach(async ({ page }) => {
        |        ^
      5 |     // 각 테스트 전에 홈페이지 방문
      6 |     await page.goto('/');
      7 |   });
        at C:\Users\user\workspaces\courses\my-project\tests\subscribe.spec.ts:4:8

    Error: browserContext.newPage: Test timeout of 5000ms exceeded.


[1A[2K  22) [firefox] › tests\blog-navigation.spec.ts:37:9 › 블로그 네비게이션 E2E 테스트 › 시나리오 1: 홈페이지 접속 및 기본 요소 확인 › 네비게이션 바에 "가입하기" 버튼이 있다 

    [31mTest timeout of 5000ms exceeded while setting up "page".[39m

    [31mTearing down "context" exceeded the test timeout of 5000ms.[39m

    attachment #1: video (video/webm) ──────────────────────────────────────────────────────────────
    test-results\blog-navigation-블로그-네비게이션--6c719--요소-확인-네비게이션-바에-가입하기-버튼이-있다-firefox\video.webm
    ────────────────────────────────────────────────────────────────────────────────────────────────


[1A[2K  23) [webkit] › tests\blog-navigation.spec.ts:198:9 › 블로그 네비게이션 E2E 테스트 › 시나리오 2: 블로그 목록 페이지에서 포스트 확인 › 각 포스트에 작가 정보가 표시된다 

    Error: [2mexpect([22m[31mlocator[39m[2m).[22mtoBeVisible[2m([22m[2m)[22m failed

    Locator: getByText('Jane Doe')
    Expected: visible
    Error: strict mode violation: getByText('Jane Doe') resolved to 2 elements:
        1) <p class="font-semibold text-gray-900">Jane Doe</p> aka getByTestId('blog-post-0').getByText('Jane Doe')
        2) <p class="font-semibold text-gray-900">Jane Doe</p> aka getByTestId('blog-post-1').getByText('Jane Doe')

    Call log:
    [2m  - Expect "toBeVisible" with timeout 5000ms[22m
    [2m  - waiting for getByText('Jane Doe')[22m


      202 |       // 2단계: 작가명 확인
      203 |       const authorName = page.getByText('Jane Doe');
    > 204 |       await expect(authorName).toBeVisible();
          |                                ^
      205 |     });
      206 |
      207 |     test('각 포스트에 작가 프로필 이미지가 표시된다', async ({ page }) => {
        at C:\Users\user\workspaces\courses\my-project\tests\blog-navigation.spec.ts:204:32

    attachment #1: screenshot (image/png) ──────────────────────────────────────────────────────────
    test-results\blog-navigation-블로그-네비게이션--10c2b-서-포스트-확인-각-포스트에-작가-정보가-표시된다-webkit\test-failed-1.png
    ────────────────────────────────────────────────────────────────────────────────────────────────

    attachment #2: video (video/webm) ──────────────────────────────────────────────────────────────
    test-results\blog-navigation-블로그-네비게이션--10c2b-서-포스트-확인-각-포스트에-작가-정보가-표시된다-webkit\video.webm
    ────────────────────────────────────────────────────────────────────────────────────────────────

    Error Context: test-results\blog-navigation-블로그-네비게이션--10c2b-서-포스트-확인-각-포스트에-작가-정보가-표시된다-webkit\error-context.md


[1A[2K[63/250] [webkit] › tests\subscribe.spec.ts:118:7 › 구독 기능 (Subscribe Feature) › 07. 성공 후 이메일 필드가 비워져야 함
[1A[2K[64/250] [chromium] › tests\blog-navigation.spec.ts:207:9 › 블로그 네비게이션 E2E 테스트 › 시나리오 2: 블로그 목록 페이지에서 포스트 확인 › 각 포스트에 작가 프로필 이미지가 표시된다
[1A[2K[65/250] [chromium] › tests\subscribe.spec.ts:234:7 › 구독 기능 (Subscribe Feature) › 13. 특수 문자가 포함된 이메일로는 구독할 수 없어야 함
[1A[2K[66/250] [chromium] › tests\blog-navigation.spec.ts:217:9 › 블로그 네비게이션 E2E 테스트 › 시나리오 2: 블로그 목록 페이지에서 포스트 확인 › 각 포스트에 "더 읽기" 링크가 있다
[1A[2K[67/250] [firefox] › tests\blog-navigation.spec.ts:46:9 › 블로그 네비게이션 E2E 테스트 › 시나리오 1: 홈페이지 접속 및 기본 요소 확인 › 메인 콘텐츠가 표시된다
[1A[2K[68/250] [firefox] › tests\subscribe.spec.ts:87:7 › 구독 기능 (Subscribe Feature) › 05. 이메일 필드가 비어있으면 구독할 수 없어야 함
[1A[2K[69/250] [webkit] › tests\blog-navigation.spec.ts:207:9 › 블로그 네비게이션 E2E 테스트 › 시나리오 2: 블로그 목록 페이지에서 포스트 확인 › 각 포스트에 작가 프로필 이미지가 표시된다
[1A[2K[70/250] [chromium] › tests\blog-navigation.spec.ts:227:9 › 블로그 네비게이션 E2E 테스트 › 시나리오 2: 블로그 목록 페이지에서 포스트 확인 › 블로그 목록 페이지에서도 Header와 Footer가 표시된다
[1A[2K[71/250] [chromium] › tests\blog-navigation.spec.ts:248:9 › 블로그 네비게이션 E2E 테스트 › 시나리오 3: 개별 블로그 포스트 페이지 접근 및 콘텐츠 확인 › 블로그 목록에서 첫 번째 포스트 제목을 클릭하면 상세 페이지로 이동한다
[1A[2K  24) [chromium] › tests\subscribe.spec.ts:234:7 › 구독 기능 (Subscribe Feature) › 13. 특수 문자가 포함된 이메일로는 구독할 수 없어야 함 

    [31mTest timeout of 5000ms exceeded.[39m

    Error: [2mexpect([22m[31mlocator[39m[2m).[22mtoBeVisible[2m([22m[2m)[22m failed

    Locator: locator('text=올바른 이메일 주소를 입력해주세요')
    Expected: visible
    Error: element(s) not found

    Call log:
    [2m  - Expect "toBeVisible" with timeout 5000ms[22m
    [2m  - waiting for locator('text=올바른 이메일 주소를 입력해주세요')[22m


      246 |     await emailInput.fill('user<script>@example.com');
      247 |     await submitButton.click();
    > 248 |     await expect(page.locator('text=올바른 이메일 주소를 입력해주세요')).toBeVisible();
          |                                                           ^
      249 |   });
      250 |
      251 |   test('14. 페이지 성능 확인 (로딩 시간)', async ({ page }) => {
        at C:\Users\user\workspaces\courses\my-project\tests\subscribe.spec.ts:248:59

    attachment #1: screenshot (image/png) ──────────────────────────────────────────────────────────
    test-results\subscribe-구독-기능-Subscribe--1c514-수-문자가-포함된-이메일로는-구독할-수-없어야-함-chromium\test-failed-1.png
    ────────────────────────────────────────────────────────────────────────────────────────────────

    attachment #2: video (video/webm) ──────────────────────────────────────────────────────────────
    test-results\subscribe-구독-기능-Subscribe--1c514-수-문자가-포함된-이메일로는-구독할-수-없어야-함-chromium\video.webm
    ────────────────────────────────────────────────────────────────────────────────────────────────

    Error Context: test-results\subscribe-구독-기능-Subscribe--1c514-수-문자가-포함된-이메일로는-구독할-수-없어야-함-chromium\error-context.md


[1A[2K[72/250] [webkit] › tests\blog-navigation.spec.ts:217:9 › 블로그 네비게이션 E2E 테스트 › 시나리오 2: 블로그 목록 페이지에서 포스트 확인 › 각 포스트에 "더 읽기" 링크가 있다
[1A[2K  25) [webkit] › tests\subscribe.spec.ts:118:7 › 구독 기능 (Subscribe Feature) › 07. 성공 후 이메일 필드가 비워져야 함 

    [31mTest timeout of 5000ms exceeded.[39m

    Error: [2mexpect([22m[31mlocator[39m[2m).[22mtoBeVisible[2m([22m[2m)[22m failed

    Locator: locator('text=구독이 완료되었습니다')
    Expected: visible
    Error: element(s) not found

    Call log:
    [2m  - Expect "toBeVisible" with timeout 5000ms[22m
    [2m  - waiting for locator('text=구독이 완료되었습니다')[22m


      128 |
      129 |     // 성공 메시지 확인
    > 130 |     await expect(page.locator('text=구독이 완료되었습니다')).toBeVisible();
          |                                                    ^
      131 |
      132 |     // 입력 필드가 비워졌는지 확인
      133 |     await expect(emailInput).toHaveValue('');
        at C:\Users\user\workspaces\courses\my-project\tests\subscribe.spec.ts:130:52

    attachment #1: screenshot (image/png) ──────────────────────────────────────────────────────────
    test-results\subscribe-구독-기능-Subscribe-Feature-07-성공-후-이메일-필드가-비워져야-함-webkit\test-failed-1.png
    ────────────────────────────────────────────────────────────────────────────────────────────────

    attachment #2: video (video/webm) ──────────────────────────────────────────────────────────────
    test-results\subscribe-구독-기능-Subscribe-Feature-07-성공-후-이메일-필드가-비워져야-함-webkit\video.webm
    ────────────────────────────────────────────────────────────────────────────────────────────────

    Error Context: test-results\subscribe-구독-기능-Subscribe-Feature-07-성공-후-이메일-필드가-비워져야-함-webkit\error-context.md


[1A[2K[73/250] [webkit] › tests\blog-navigation.spec.ts:227:9 › 블로그 네비게이션 E2E 테스트 › 시나리오 2: 블로그 목록 페이지에서 포스트 확인 › 블로그 목록 페이지에서도 Header와 Footer가 표시된다
[1A[2K  26) [chromium] › tests\blog-navigation.spec.ts:248:9 › 블로그 네비게이션 E2E 테스트 › 시나리오 3: 개별 블로그 포스트 페이지 접근 및 콘텐츠 확인 › 블로그 목록에서 첫 번째 포스트 제목을 클릭하면 상세 페이지로 이동한다 

    [31mTest timeout of 5000ms exceeded.[39m

    Error: [2mexpect([22m[31mpage[39m[2m).[22mtoHaveURL[2m([22m[32mexpected[39m[2m)[22m failed

    Expected pattern: [32m/\/posts\/first-post/[39m
    Received string:  [31m"http://localhost:3000/blog"[39m

    Call log:
    [2m  - Expect "toHaveURL" with timeout 5000ms[22m
    [2m    8 × unexpected value "http://localhost:3000/blog"[22m


      259 |
      260 |       // 3단계: 포스트 상세 페이지로 이동했는지 확인
    > 261 |       await expect(page).toHaveURL(/\/posts\/first-post/);
          |                          ^
      262 |     });
      263 |
      264 |     test('포스트 상세 페이지에 포스트 제목이 표시된다', async ({ page }) => {
        at C:\Users\user\workspaces\courses\my-project\tests\blog-navigation.spec.ts:261:26

    attachment #1: screenshot (image/png) ──────────────────────────────────────────────────────────
    test-results\blog-navigation-블로그-네비게이션--e44a5-째-포스트-제목을-클릭하면-상세-페이지로-이동한다-chromium\test-failed-1.png
    ────────────────────────────────────────────────────────────────────────────────────────────────

    attachment #2: video (video/webm) ──────────────────────────────────────────────────────────────
    test-results\blog-navigation-블로그-네비게이션--e44a5-째-포스트-제목을-클릭하면-상세-페이지로-이동한다-chromium\video.webm
    ────────────────────────────────────────────────────────────────────────────────────────────────

    Error Context: test-results\blog-navigation-블로그-네비게이션--e44a5-째-포스트-제목을-클릭하면-상세-페이지로-이동한다-chromium\error-context.md


[1A[2K  27) [firefox] › tests\blog-navigation.spec.ts:46:9 › 블로그 네비게이션 E2E 테스트 › 시나리오 1: 홈페이지 접속 및 기본 요소 확인 › 메인 콘텐츠가 표시된다 

    [31mTest timeout of 5000ms exceeded.[39m

    attachment #1: screenshot (image/png) ──────────────────────────────────────────────────────────
    test-results\blog-navigation-블로그-네비게이션--6ff45--접속-및-기본-요소-확인-메인-콘텐츠가-표시된다-firefox\test-failed-1.png
    ────────────────────────────────────────────────────────────────────────────────────────────────

    attachment #2: video (video/webm) ──────────────────────────────────────────────────────────────
    test-results\blog-navigation-블로그-네비게이션--6ff45--접속-및-기본-요소-확인-메인-콘텐츠가-표시된다-firefox\video.webm
    ────────────────────────────────────────────────────────────────────────────────────────────────

    Error Context: test-results\blog-navigation-블로그-네비게이션--6ff45--접속-및-기본-요소-확인-메인-콘텐츠가-표시된다-firefox\error-context.md


[1A[2K[74/250] [chromium] › tests\subscribe.spec.ts:251:7 › 구독 기능 (Subscribe Feature) › 14. 페이지 성능 확인 (로딩 시간)
[1A[2K  28) [firefox] › tests\subscribe.spec.ts:87:7 › 구독 기능 (Subscribe Feature) › 05. 이메일 필드가 비어있으면 구독할 수 없어야 함 

    [31mTest timeout of 5000ms exceeded while running "beforeEach" hook.[39m

      2 |
      3 | test.describe('구독 기능 (Subscribe Feature)', () => {
    > 4 |   test.beforeEach(async ({ page }) => {
        |        ^
      5 |     // 각 테스트 전에 홈페이지 방문
      6 |     await page.goto('/');
      7 |   });
        at C:\Users\user\workspaces\courses\my-project\tests\subscribe.spec.ts:4:8

    Error: page.goto: Test timeout of 5000ms exceeded.
    Call log:
    [2m  - navigating to "http://localhost:3000/", waiting until "load"[22m


      4 |   test.beforeEach(async ({ page }) => {
      5 |     // 각 테스트 전에 홈페이지 방문
    > 6 |     await page.goto('/');
        |                ^
      7 |   });
      8 |
      9 |   test('01. 구독 폼이 페이지에 표시되어야 함', async ({ page }) => {
        at C:\Users\user\workspaces\courses\my-project\tests\subscribe.spec.ts:6:16

    attachment #1: screenshot (image/png) ──────────────────────────────────────────────────────────
    test-results\subscribe-구독-기능-Subscribe--9cf81-5-이메일-필드가-비어있으면-구독할-수-없어야-함-firefox\test-failed-1.png
    ────────────────────────────────────────────────────────────────────────────────────────────────

    attachment #2: video (video/webm) ──────────────────────────────────────────────────────────────
    test-results\subscribe-구독-기능-Subscribe--9cf81-5-이메일-필드가-비어있으면-구독할-수-없어야-함-firefox\video.webm
    ────────────────────────────────────────────────────────────────────────────────────────────────

    Error Context: test-results\subscribe-구독-기능-Subscribe--9cf81-5-이메일-필드가-비어있으면-구독할-수-없어야-함-firefox\error-context.md


[1A[2K[75/250] [webkit] › tests\subscribe.spec.ts:136:7 › 구독 기능 (Subscribe Feature) › 08. 여러 개의 서로 다른 이메일로 구독할 수 있어야 함
[1A[2K[76/250] [webkit] › tests\blog-navigation.spec.ts:248:9 › 블로그 네비게이션 E2E 테스트 › 시나리오 3: 개별 블로그 포스트 페이지 접근 및 콘텐츠 확인 › 블로그 목록에서 첫 번째 포스트 제목을 클릭하면 상세 페이지로 이동한다
[1A[2K[77/250] [chromium] › tests\subscribe.spec.ts:260:7 › 구독 기능 (Subscribe Feature) › 15. API 엔드포인트 응답 검증
[1A[2K[78/250] [chromium] › tests\blog-navigation.spec.ts:264:9 › 블로그 네비게이션 E2E 테스트 › 시나리오 3: 개별 블로그 포스트 페이지 접근 및 콘텐츠 확인 › 포스트 상세 페이지에 포스트 제목이 표시된다
[1A[2K[79/250] [firefox] › tests\blog-navigation.spec.ts:55:9 › 블로그 네비게이션 E2E 테스트 › 시나리오 1: 홈페이지 접속 및 기본 요소 확인 › 홈페이지에 메인 제목이 표시된다
[1A[2K[80/250] [webkit] › tests\blog-navigation.spec.ts:264:9 › 블로그 네비게이션 E2E 테스트 › 시나리오 3: 개별 블로그 포스트 페이지 접근 및 콘텐츠 확인 › 포스트 상세 페이지에 포스트 제목이 표시된다
[1A[2K[81/250] [chromium] › tests\blog-navigation.spec.ts:276:9 › 블로그 네비게이션 E2E 테스트 › 시나리오 3: 개별 블로그 포스트 페이지 접근 및 콘텐츠 확인 › 포스트 상세 페이지에 발행 날짜가 표시된다
[1A[2K[82/250] [firefox] › tests\subscribe.spec.ts:100:7 › 구독 기능 (Subscribe Feature) › 06. 로딩 상태를 표시해야 함
[1A[2K[83/250] [chromium] › tests\blog-navigation.spec.ts:285:9 › 블로그 네비게이션 E2E 테스트 › 시나리오 3: 개별 블로그 포스트 페이지 접근 및 콘텐츠 확인 › 포스트 상세 페이지에 전체 콘텐츠가 표시된다
[1A[2K  29) [webkit] › tests\subscribe.spec.ts:136:7 › 구독 기능 (Subscribe Feature) › 08. 여러 개의 서로 다른 이메일로 구독할 수 있어야 함 

    [31mTest timeout of 5000ms exceeded.[39m

    Error: [2mexpect([22m[31mlocator[39m[2m).[22mtoBeVisible[2m([22m[2m)[22m failed

    Locator: locator('text=구독이 완료되었습니다')
    Expected: visible
    Error: element(s) not found

    Call log:
    [2m  - Expect "toBeVisible" with timeout 5000ms[22m
    [2m  - waiting for locator('text=구독이 완료되었습니다')[22m


      144 |     await emailInput.fill(email1);
      145 |     await submitButton.click();
    > 146 |     await expect(page.locator('text=구독이 완료되었습니다')).toBeVisible();
          |                                                    ^
      147 |
      148 |     // 페이지 새로고침 (메시지 숨김)
      149 |     await page.reload();
        at C:\Users\user\workspaces\courses\my-project\tests\subscribe.spec.ts:146:52

    attachment #1: screenshot (image/png) ──────────────────────────────────────────────────────────
    test-results\subscribe-구독-기능-Subscribe--c8aca-러-개의-서로-다른-이메일로-구독할-수-있어야-함-webkit\test-failed-1.png
    ────────────────────────────────────────────────────────────────────────────────────────────────

    attachment #2: video (video/webm) ──────────────────────────────────────────────────────────────
    test-results\subscribe-구독-기능-Subscribe--c8aca-러-개의-서로-다른-이메일로-구독할-수-있어야-함-webkit\video.webm
    ────────────────────────────────────────────────────────────────────────────────────────────────

    Error Context: test-results\subscribe-구독-기능-Subscribe--c8aca-러-개의-서로-다른-이메일로-구독할-수-있어야-함-webkit\error-context.md


[1A[2K[84/250] [webkit] › tests\blog-navigation.spec.ts:276:9 › 블로그 네비게이션 E2E 테스트 › 시나리오 3: 개별 블로그 포스트 페이지 접근 및 콘텐츠 확인 › 포스트 상세 페이지에 발행 날짜가 표시된다
[1A[2K[85/250] [chromium] › tests\blog-navigation.spec.ts:296:9 › 블로그 네비게이션 E2E 테스트 › 시나리오 3: 개별 블로그 포스트 페이지 접근 및 콘텐츠 확인 › 포스트 상세 페이지에 작가 정보 섹션이 표시된다
[1A[2K[86/250] [Mobile Chrome] › tests\blog-navigation.spec.ts:8:9 › 블로그 네비게이션 E2E 테스트 › 시나리오 1: 홈페이지 접속 및 기본 요소 확인 › 홈페이지가 정상적으로 로드된다
[1A[2K[87/250] [chromium] › tests\blog-navigation.spec.ts:305:9 › 블로그 네비게이션 E2E 테스트 › 시나리오 3: 개별 블로그 포스트 페이지 접근 및 콘텐츠 확인 › 포스트 상세 페이지에 작가명이 표시된다
[1A[2K[88/250] [firefox] › tests\blog-navigation.spec.ts:67:9 › 블로그 네비게이션 E2E 테스트 › 시나리오 1: 홈페이지 접속 및 기본 요소 확인 › Footer가 페이지 하단에 표시된다
[1A[2K[89/250] [webkit] › tests\blog-navigation.spec.ts:285:9 › 블로그 네비게이션 E2E 테스트 › 시나리오 3: 개별 블로그 포스트 페이지 접근 및 콘텐츠 확인 › 포스트 상세 페이지에 전체 콘텐츠가 표시된다
[1A[2K[90/250] [chromium] › tests\blog-navigation.spec.ts:317:9 › 블로그 네비게이션 E2E 테스트 › 시나리오 3: 개별 블로그 포스트 페이지 접근 및 콘텐츠 확인 › 포스트 상세 페이지에 작가 자기소개가 표시된다
[1A[2K[91/250] [webkit] › tests\subscribe.spec.ts:167:7 › 구독 기능 (Subscribe Feature) › 09. 버튼 스타일 검증 (프로젝트 규칙)
[1A[2K[92/250] [firefox] › tests\blog-navigation.spec.ts:79:9 › 블로그 네비게이션 E2E 테스트 › 시나리오 1: 홈페이지 접속 및 기본 요소 확인 › Footer에 "문의하기" 버튼이 있다
[1A[2K[93/250] [chromium] › tests\blog-navigation.spec.ts:328:9 › 블로그 네비게이션 E2E 테스트 › 시나리오 3: 개별 블로그 포스트 페이지 접근 및 콘텐츠 확인 › 포스트 상세 페이지에 작가 프로필 이미지가 표시된다
[1A[2K  30) [firefox] › tests\subscribe.spec.ts:100:7 › 구독 기능 (Subscribe Feature) › 06. 로딩 상태를 표시해야 함 ────

    [31mTest timeout of 5000ms exceeded.[39m

    Error: [2mexpect([22m[31mlocator[39m[2m).[22mtoBeVisible[2m([22m[2m)[22m failed

    Locator: locator('text=구독이 완료되었습니다')
    Expected: visible
    Error: element(s) not found

    Call log:
    [2m  - Expect "toBeVisible" with timeout 5000ms[22m
    [2m  - waiting for locator('text=구독이 완료되었습니다')[22m


      113 |
      114 |     // 로딩 후 성공 메시지 확인
    > 115 |     await expect(page.locator('text=구독이 완료되었습니다')).toBeVisible();
          |                                                    ^
      116 |   });
      117 |
      118 |   test('07. 성공 후 이메일 필드가 비워져야 함', async ({ page }) => {
        at C:\Users\user\workspaces\courses\my-project\tests\subscribe.spec.ts:115:52

    Error: locator.click: Test timeout of 5000ms exceeded.
    Call log:
    [2m  - waiting for locator('button:has-text("구독")')[22m
    [2m    - locator resolved to <button type="submit" class="bg-blue-600 hover:bg-blue-700 text-white font-semibold py-2 px-4 rounded-md shadow-md disabled:bg-gray-400">구독</button>[22m
    [2m  - attempting click action[22m
    [2m    - waiting for element to be visible, enabled and stable[22m
    [2m    - element is visible, enabled and stable[22m
    [2m    - scrolling into view if needed[22m
    [2m    - done scrolling[22m


      110 |     // 버튼 클릭하면서 로딩 상태 관찰
      111 |     // (비동기 처리로 인해 순간적이므로, 응답이 올 때까지 대기)
    > 112 |     const submitButtonPromise = submitButton.click();
          |                                              ^
      113 |
      114 |     // 로딩 후 성공 메시지 확인
      115 |     await expect(page.locator('text=구독이 완료되었습니다')).toBeVisible();
        at C:\Users\user\workspaces\courses\my-project\tests\subscribe.spec.ts:112:46

    attachment #1: screenshot (image/png) ──────────────────────────────────────────────────────────
    test-results\subscribe-구독-기능-Subscribe-Feature-06-로딩-상태를-표시해야-함-firefox\test-failed-1.png
    ────────────────────────────────────────────────────────────────────────────────────────────────

    Error Context: test-results\subscribe-구독-기능-Subscribe-Feature-06-로딩-상태를-표시해야-함-firefox\error-context.md

    attachment #3: video (video/webm) ──────────────────────────────────────────────────────────────
    test-results\subscribe-구독-기능-Subscribe-Feature-06-로딩-상태를-표시해야-함-firefox\video.webm
    ────────────────────────────────────────────────────────────────────────────────────────────────


[1A[2K  31) [Mobile Chrome] › tests\blog-navigation.spec.ts:8:9 › 블로그 네비게이션 E2E 테스트 › 시나리오 1: 홈페이지 접속 및 기본 요소 확인 › 홈페이지가 정상적으로 로드된다 

    [31mTest timeout of 5000ms exceeded.[39m

    Error: [2mexpect([22m[31mpage[39m[2m).[22mtoHaveTitle[2m([22m[32mexpected[39m[2m)[22m failed

    Expected pattern: [32m/Home/[39m
    Received string:  [31m"Create Next App"[39m

    Call log:
    [2m  - Expect "toHaveTitle" with timeout 5000ms[22m
    [2m    7 × unexpected value "Create Next App"[22m


      11 |
      12 |       // 2단계: 페이지가 로드되었는지 확인
    > 13 |       await expect(page).toHaveTitle(/Home/);
         |                          ^
      14 |     });
      15 |
      16 |     test('네비게이션 바(Header)가 표시된다', async ({ page }) => {
        at C:\Users\user\workspaces\courses\my-project\tests\blog-navigation.spec.ts:13:26

    attachment #1: screenshot (image/png) ──────────────────────────────────────────────────────────
    test-results\blog-navigation-블로그-네비게이션--ce93a-및-기본-요소-확인-홈페이지가-정상적으로-로드된다-Mobile-Chrome\test-failed-1.png
    ────────────────────────────────────────────────────────────────────────────────────────────────

    attachment #2: video (video/webm) ──────────────────────────────────────────────────────────────
    test-results\blog-navigation-블로그-네비게이션--ce93a-및-기본-요소-확인-홈페이지가-정상적으로-로드된다-Mobile-Chrome\video.webm
    ────────────────────────────────────────────────────────────────────────────────────────────────

    Error Context: test-results\blog-navigation-블로그-네비게이션--ce93a-및-기본-요소-확인-홈페이지가-정상적으로-로드된다-Mobile-Chrome\error-context.md


[1A[2K[94/250] [webkit] › tests\blog-navigation.spec.ts:296:9 › 블로그 네비게이션 E2E 테스트 › 시나리오 3: 개별 블로그 포스트 페이지 접근 및 콘텐츠 확인 › 포스트 상세 페이지에 작가 정보 섹션이 표시된다
[1A[2K[95/250] [firefox] › tests\blog-navigation.spec.ts:91:9 › 블로그 네비게이션 E2E 테스트 › 시나리오 1: 홈페이지 접속 및 기본 요소 확인 › Footer에 저작권 정보가 표시된다
[1A[2K[96/250] [chromium] › tests\blog-navigation.spec.ts:345:9 › 블로그 네비게이션 E2E 테스트 › 시나리오 3: 개별 블로그 포스트 페이지 접근 및 콘텐츠 확인 › 다른 포스트 상세 페이지도 정상적으로 표시된다
[1A[2K[97/250] [webkit] › tests\subscribe.spec.ts:182:7 › 구독 기능 (Subscribe Feature) › 10. 모바일 환경에서도 구독할 수 있어야 함
[1A[2K[98/250] [chromium] › tests\blog-navigation.spec.ts:370:9 › 블로그 네비게이션 E2E 테스트 › 시나리오 3: 개별 블로그 포스트 페이지 접근 및 콘텐츠 확인 › 포스트 상세 페이지에서도 Header와 Footer가 표시된다
[1A[2K[99/250] [firefox] › tests\blog-navigation.spec.ts:103:9 › 블로그 네비게이션 E2E 테스트 › 시나리오 1: 홈페이지 접속 및 기본 요소 확인 › 홈페이지의 모든 이미지가 로드된다
[1A[2K[100/250] [firefox] › tests\subscribe.spec.ts:118:7 › 구독 기능 (Subscribe Feature) › 07. 성공 후 이메일 필드가 비워져야 함
[1A[2K[101/250] [webkit] › tests\blog-navigation.spec.ts:305:9 › 블로그 네비게이션 E2E 테스트 › 시나리오 3: 개별 블로그 포스트 페이지 접근 및 콘텐츠 확인 › 포스트 상세 페이지에 작가명이 표시된다
[1A[2K[102/250] [chromium] › tests\blog-navigation.spec.ts:386:9 › 블로그 네비게이션 E2E 테스트 › 시나리오 3: 개별 블로그 포스트 페이지 접근 및 콘텐츠 확인 › 포스트 목록에서 '더 읽기' 버튼으로 상세 페이지에 접근할 수 있다
[1A[2K[103/250] [Mobile Chrome] › tests\blog-navigation.spec.ts:16:9 › 블로그 네비게이션 E2E 테스트 › 시나리오 1: 홈페이지 접속 및 기본 요소 확인 › 네비게이션 바(Header)가 표시된다
[1A[2K[104/250] [firefox] › tests\blog-navigation.spec.ts:121:9 › 블로그 네비게이션 E2E 테스트 › 시나리오 2: 블로그 목록 페이지에서 포스트 확인 › 블로그 목록 페이지로 이동할 수 있다
[1A[2K[105/250] [webkit] › tests\blog-navigation.spec.ts:317:9 › 블로그 네비게이션 E2E 테스트 › 시나리오 3: 개별 블로그 포스트 페이지 접근 및 콘텐츠 확인 › 포스트 상세 페이지에 작가 자기소개가 표시된다
[1A[2K  32) [webkit] › tests\subscribe.spec.ts:182:7 › 구독 기능 (Subscribe Feature) › 10. 모바일 환경에서도 구독할 수 있어야 함 

    [31mTest timeout of 5000ms exceeded.[39m

    Error: [2mexpect([22m[31mlocator[39m[2m).[22mtoBeVisible[2m([22m[2m)[22m failed

    Locator: locator('text=구독이 완료되었습니다')
    Expected: visible
    Error: element(s) not found

    Call log:
    [2m  - Expect "toBeVisible" with timeout 5000ms[22m
    [2m  - waiting for locator('text=구독이 완료되었습니다')[22m


      193 |
      194 |     // 성공 메시지 확인
    > 195 |     await expect(page.locator('text=구독이 완료되었습니다')).toBeVisible();
          |                                                    ^
      196 |   });
      197 |
      198 |   test('11. 브라우저 백 버튼 후에도 폼이 정상 작동해야 함', async ({ page }) => {
        at C:\Users\user\workspaces\courses\my-project\tests\subscribe.spec.ts:195:52

    attachment #1: screenshot (image/png) ──────────────────────────────────────────────────────────
    test-results\subscribe-구독-기능-Subscribe-Feature-10-모바일-환경에서도-구독할-수-있어야-함-webkit\test-failed-1.png
    ────────────────────────────────────────────────────────────────────────────────────────────────

    attachment #2: video (video/webm) ──────────────────────────────────────────────────────────────
    test-results\subscribe-구독-기능-Subscribe-Feature-10-모바일-환경에서도-구독할-수-있어야-함-webkit\video.webm
    ────────────────────────────────────────────────────────────────────────────────────────────────

    Error Context: test-results\subscribe-구독-기능-Subscribe-Feature-10-모바일-환경에서도-구독할-수-있어야-함-webkit\error-context.md


[1A[2K[106/250] [webkit] › tests\blog-navigation.spec.ts:328:9 › 블로그 네비게이션 E2E 테스트 › 시나리오 3: 개별 블로그 포스트 페이지 접근 및 콘텐츠 확인 › 포스트 상세 페이지에 작가 프로필 이미지가 표시된다
[1A[2K[107/250] [webkit] › tests\subscribe.spec.ts:198:7 › 구독 기능 (Subscribe Feature) › 11. 브라우저 백 버튼 후에도 폼이 정상 작동해야 함
[1A[2K[108/250] [webkit] › tests\blog-navigation.spec.ts:345:9 › 블로그 네비게이션 E2E 테스트 › 시나리오 3: 개별 블로그 포스트 페이지 접근 및 콘텐츠 확인 › 다른 포스트 상세 페이지도 정상적으로 표시된다
[1A[2K[109/250] [Mobile Chrome] › tests\blog-navigation.spec.ts:25:9 › 블로그 네비게이션 E2E 테스트 › 시나리오 1: 홈페이지 접속 및 기본 요소 확인 › 사이트 로고/제목이 네비게이션 바에 표시된다
[1A[2K[110/250] [webkit] › tests\blog-navigation.spec.ts:370:9 › 블로그 네비게이션 E2E 테스트 › 시나리오 3: 개별 블로그 포스트 페이지 접근 및 콘텐츠 확인 › 포스트 상세 페이지에서도 Header와 Footer가 표시된다
[1A[2K[111/250] [webkit] › tests\blog-navigation.spec.ts:386:9 › 블로그 네비게이션 E2E 테스트 › 시나리오 3: 개별 블로그 포스트 페이지 접근 및 콘텐츠 확인 › 포스트 목록에서 '더 읽기' 버튼으로 상세 페이지에 접근할 수 있다
[1A[2K  33) [chromium] › tests\blog-navigation.spec.ts:386:9 › 블로그 네비게이션 E2E 테스트 › 시나리오 3: 개별 블로그 포스트 페이지 접근 및 콘텐츠 확인 › 포스트 목록에서 '더 읽기' 버튼으로 상세 페이지에 접근할 수 있다 

    [31mTest timeout of 5000ms exceeded.[39m

    [31mTest timeout of 5000ms exceeded.[39m

    Error: [2mexpect([22m[31mlocator[39m[2m).[22mtoBeVisible[2m([22m[2m)[22m failed

    Locator: getByRole('heading', { level: 1 })
    Expected: visible
    Error: strict mode violation: getByRole('heading', { level: 1 }) resolved to 2 elements:
        1) <h1 class="text-2xl font-bold text-gray-900 cursor-pointer hover:text-blue-600 transition-colors">My Awesome Site</h1> aka getByRole('link', { name: 'My Awesome Site' })
        2) <h1 class="text-3xl font-bold text-gray-900 mt-2">첫 번째 블로그 게시글</h1> aka getByRole('heading', { name: '첫 번째 블로그 게시글' })

    Call log:
    [2m  - Expect "toBeVisible" with timeout 5000ms[22m
    [2m  - waiting for getByRole('heading', { level: 1 })[22m


      399 |       // 4단계: 포스트 제목이 표시되는지 확인
      400 |       const title = page.getByRole('heading', { level: 1 });
    > 401 |       await expect(title).toBeVisible();
          |                           ^
      402 |     });
      403 |   });
      404 |
        at C:\Users\user\workspaces\courses\my-project\tests\blog-navigation.spec.ts:401:27

    Error Context: test-results\blog-navigation-블로그-네비게이션--20132--더-읽기-버튼으로-상세-페이지에-접근할-수-있다-chromium\error-context.md


[1A[2K  34) [webkit] › tests\subscribe.spec.ts:198:7 › 구독 기능 (Subscribe Feature) › 11. 브라우저 백 버튼 후에도 폼이 정상 작동해야 함 

    [31mTest timeout of 5000ms exceeded.[39m

    Error: locator.click: Test timeout of 5000ms exceeded.
    Call log:
    [2m  - waiting for locator('button:has-text("구독")')[22m
    [2m    - locator resolved to <button type="submit" class="bg-blue-600 hover:bg-blue-700 text-white font-semibold py-2 px-4 rounded-md shadow-md disabled:bg-gray-400">구독</button>[22m
    [2m  - attempting click action[22m
    [2m    - waiting for element to be visible, enabled and stable[22m
    [2m    - element is visible, enabled and stable[22m
    [2m    - scrolling into view if needed[22m
    [2m    - done scrolling[22m


      213 |
      214 |     await emailInput.fill(email);
    > 215 |     await submitButton.click();
          |                        ^
      216 |
      217 |     await expect(page.locator('text=구독이 완료되었습니다')).toBeVisible();
      218 |   });
        at C:\Users\user\workspaces\courses\my-project\tests\subscribe.spec.ts:215:24

    attachment #1: screenshot (image/png) ──────────────────────────────────────────────────────────
    test-results\subscribe-구독-기능-Subscribe--f8f17--브라우저-백-버튼-후에도-폼이-정상-작동해야-함-webkit\test-failed-1.png
    ────────────────────────────────────────────────────────────────────────────────────────────────

    attachment #2: video (video/webm) ──────────────────────────────────────────────────────────────
    test-results\subscribe-구독-기능-Subscribe--f8f17--브라우저-백-버튼-후에도-폼이-정상-작동해야-함-webkit\video.webm
    ────────────────────────────────────────────────────────────────────────────────────────────────

    Error Context: test-results\subscribe-구독-기능-Subscribe--f8f17--브라우저-백-버튼-후에도-폼이-정상-작동해야-함-webkit\error-context.md


[1A[2K  35) [Mobile Chrome] › tests\blog-navigation.spec.ts:25:9 › 블로그 네비게이션 E2E 테스트 › 시나리오 1: 홈페이지 접속 및 기본 요소 확인 › 사이트 로고/제목이 네비게이션 바에 표시된다 

    [31mTest timeout of 5000ms exceeded.[39m

    attachment #1: screenshot (image/png) ──────────────────────────────────────────────────────────
    test-results\blog-navigation-블로그-네비게이션--58ee9-확인-사이트-로고-제목이-네비게이션-바에-표시된다-Mobile-Chrome\test-failed-1.png
    ────────────────────────────────────────────────────────────────────────────────────────────────

    attachment #2: video (video/webm) ──────────────────────────────────────────────────────────────
    test-results\blog-navigation-블로그-네비게이션--58ee9-확인-사이트-로고-제목이-네비게이션-바에-표시된다-Mobile-Chrome\video.webm
    ────────────────────────────────────────────────────────────────────────────────────────────────

    Error Context: test-results\blog-navigation-블로그-네비게이션--58ee9-확인-사이트-로고-제목이-네비게이션-바에-표시된다-Mobile-Chrome\error-context.md


[1A[2K  36) [firefox] › tests\blog-navigation.spec.ts:121:9 › 블로그 네비게이션 E2E 테스트 › 시나리오 2: 블로그 목록 페이지에서 포스트 확인 › 블로그 목록 페이지로 이동할 수 있다 

    [31mTest timeout of 5000ms exceeded.[39m

    [31mTest timeout of 5000ms exceeded.[39m

    Error Context: test-results\blog-navigation-블로그-네비게이션--4609d-포스트-확인-블로그-목록-페이지로-이동할-수-있다-firefox\error-context.md


[1A[2K  37) [firefox] › tests\subscribe.spec.ts:118:7 › 구독 기능 (Subscribe Feature) › 07. 성공 후 이메일 필드가 비워져야 함 

    [31mTest timeout of 5000ms exceeded while running "beforeEach" hook.[39m

      2 |
      3 | test.describe('구독 기능 (Subscribe Feature)', () => {
    > 4 |   test.beforeEach(async ({ page }) => {
        |        ^
      5 |     // 각 테스트 전에 홈페이지 방문
      6 |     await page.goto('/');
      7 |   });
        at C:\Users\user\workspaces\courses\my-project\tests\subscribe.spec.ts:4:8

    attachment #1: screenshot (image/png) ──────────────────────────────────────────────────────────
    test-results\subscribe-구독-기능-Subscribe-Feature-07-성공-후-이메일-필드가-비워져야-함-firefox\test-failed-1.png
    ────────────────────────────────────────────────────────────────────────────────────────────────

    attachment #2: video (video/webm) ──────────────────────────────────────────────────────────────
    test-results\subscribe-구독-기능-Subscribe-Feature-07-성공-후-이메일-필드가-비워져야-함-firefox\video.webm
    ────────────────────────────────────────────────────────────────────────────────────────────────

    Error Context: test-results\subscribe-구독-기능-Subscribe-Feature-07-성공-후-이메일-필드가-비워져야-함-firefox\error-context.md


[1A[2K  38) [webkit] › tests\blog-navigation.spec.ts:386:9 › 블로그 네비게이션 E2E 테스트 › 시나리오 3: 개별 블로그 포스트 페이지 접근 및 콘텐츠 확인 › 포스트 목록에서 '더 읽기' 버튼으로 상세 페이지에 접근할 수 있다 

    Error: [2mexpect([22m[31mlocator[39m[2m).[22mtoBeVisible[2m([22m[2m)[22m failed

    Locator: getByRole('heading', { level: 1 })
    Expected: visible
    Error: strict mode violation: getByRole('heading', { level: 1 }) resolved to 2 elements:
        1) <h1 class="text-2xl font-bold text-gray-900 cursor-pointer hover:text-blue-600 transition-colors">My Awesome Site</h1> aka getByRole('link', { name: 'My Awesome Site' })
        2) <h1 class="text-3xl font-bold text-gray-900 mt-2">첫 번째 블로그 게시글</h1> aka getByRole('heading', { name: '첫 번째 블로그 게시글' })

    Call log:
    [2m  - Expect "toBeVisible" with timeout 5000ms[22m
    [2m  - waiting for getByRole('heading', { level: 1 })[22m


      399 |       // 4단계: 포스트 제목이 표시되는지 확인
      400 |       const title = page.getByRole('heading', { level: 1 });
    > 401 |       await expect(title).toBeVisible();
          |                           ^
      402 |     });
      403 |   });
      404 |
        at C:\Users\user\workspaces\courses\my-project\tests\blog-navigation.spec.ts:401:27

    attachment #1: screenshot (image/png) ──────────────────────────────────────────────────────────
    test-results\blog-navigation-블로그-네비게이션--20132--더-읽기-버튼으로-상세-페이지에-접근할-수-있다-webkit\test-failed-1.png
    ────────────────────────────────────────────────────────────────────────────────────────────────

    attachment #2: video (video/webm) ──────────────────────────────────────────────────────────────
    test-results\blog-navigation-블로그-네비게이션--20132--더-읽기-버튼으로-상세-페이지에-접근할-수-있다-webkit\video.webm
    ────────────────────────────────────────────────────────────────────────────────────────────────

    Error Context: test-results\blog-navigation-블로그-네비게이션--20132--더-읽기-버튼으로-상세-페이지에-접근할-수-있다-webkit\error-context.md


[1A[2K[112/250] [chromium] › tests\blog-navigation.spec.ts:409:9 › 블로그 네비게이션 E2E 테스트 › 추가 테스트: 전체 플로우 검증 › 홈페이지 → 블로그 목록 → 포스트 상세 페이지의 완전한 네비게이션 플로우
[1A[2K[113/250] [webkit] › tests\subscribe.spec.ts:220:7 › 구독 기능 (Subscribe Feature) › 12. 아주 긴 이메일 주소로도 구독할 수 있어야 함
[1A[2K[114/250] [Mobile Chrome] › tests\blog-navigation.spec.ts:37:9 › 블로그 네비게이션 E2E 테스트 › 시나리오 1: 홈페이지 접속 및 기본 요소 확인 › 네비게이션 바에 "가입하기" 버튼이 있다
[1A[2K[115/250] [Mobile Chrome] › tests\blog-navigation.spec.ts:46:9 › 블로그 네비게이션 E2E 테스트 › 시나리오 1: 홈페이지 접속 및 기본 요소 확인 › 메인 콘텐츠가 표시된다
[1A[2K[116/250] [firefox] › tests\blog-navigation.spec.ts:129:9 › 블로그 네비게이션 E2E 테스트 › 시나리오 2: 블로그 목록 페이지에서 포스트 확인 › 블로그 페이지 제목이 표시된다
[1A[2K[117/250] [firefox] › tests\subscribe.spec.ts:136:7 › 구독 기능 (Subscribe Feature) › 08. 여러 개의 서로 다른 이메일로 구독할 수 있어야 함
[1A[2K[118/250] [webkit] › tests\blog-navigation.spec.ts:409:9 › 블로그 네비게이션 E2E 테스트 › 추가 테스트: 전체 플로우 검증 › 홈페이지 → 블로그 목록 → 포스트 상세 페이지의 완전한 네비게이션 플로우
[1A[2K[119/250] [Mobile Chrome] › tests\blog-navigation.spec.ts:55:9 › 블로그 네비게이션 E2E 테스트 › 시나리오 1: 홈페이지 접속 및 기본 요소 확인 › 홈페이지에 메인 제목이 표시된다
[1A[2K[120/250] [webkit] › tests\subscribe.spec.ts:234:7 › 구독 기능 (Subscribe Feature) › 13. 특수 문자가 포함된 이메일로는 구독할 수 없어야 함
[1A[2K[121/250] [Mobile Chrome] › tests\blog-navigation.spec.ts:67:9 › 블로그 네비게이션 E2E 테스트 › 시나리오 1: 홈페이지 접속 및 기본 요소 확인 › Footer가 페이지 하단에 표시된다
[1A[2K[122/250] [Mobile Chrome] › tests\blog-navigation.spec.ts:79:9 › 블로그 네비게이션 E2E 테스트 › 시나리오 1: 홈페이지 접속 및 기본 요소 확인 › Footer에 "문의하기" 버튼이 있다
[1A[2K[123/250] [Mobile Chrome] › tests\blog-navigation.spec.ts:91:9 › 블로그 네비게이션 E2E 테스트 › 시나리오 1: 홈페이지 접속 및 기본 요소 확인 › Footer에 저작권 정보가 표시된다
[1A[2K  39) [webkit] › tests\blog-navigation.spec.ts:409:9 › 블로그 네비게이션 E2E 테스트 › 추가 테스트: 전체 플로우 검증 › 홈페이지 → 블로그 목록 → 포스트 상세 페이지의 완전한 네비게이션 플로우 

    [31mTest timeout of 5000ms exceeded.[39m

    Error: [2mexpect([22m[31mpage[39m[2m).[22mtoHaveTitle[2m([22m[32mexpected[39m[2m)[22m failed

    Expected pattern: [32m/Home/[39m
    Received string:  [31m"Create Next App"[39m
    Timeout: 5000ms

    Call log:
    [2m  - Expect "toHaveTitle" with timeout 5000ms[22m
    [2m    7 × unexpected value "Create Next App"[22m


      412 |       // 1단계: 홈페이지 접속
      413 |       await page.goto('/');
    > 414 |       await expect(page).toHaveTitle(/Home/);
          |                          ^
      415 |
      416 |       // 2단계: 블로그 페이지로 이동
      417 |       await page.goto('/blog');
        at C:\Users\user\workspaces\courses\my-project\tests\blog-navigation.spec.ts:414:26

    attachment #1: screenshot (image/png) ──────────────────────────────────────────────────────────
    test-results\blog-navigation-블로그-네비게이션--00cef-→-포스트-상세-페이지의-완전한-네비게이션-플로우-webkit\test-failed-1.png
    ────────────────────────────────────────────────────────────────────────────────────────────────

    attachment #2: video (video/webm) ──────────────────────────────────────────────────────────────
    test-results\blog-navigation-블로그-네비게이션--00cef-→-포스트-상세-페이지의-완전한-네비게이션-플로우-webkit\video.webm
    ────────────────────────────────────────────────────────────────────────────────────────────────

    Error Context: test-results\blog-navigation-블로그-네비게이션--00cef-→-포스트-상세-페이지의-완전한-네비게이션-플로우-webkit\error-context.md


[1A[2K  40) [webkit] › tests\subscribe.spec.ts:234:7 › 구독 기능 (Subscribe Feature) › 13. 특수 문자가 포함된 이메일로는 구독할 수 없어야 함 

    [31mTest timeout of 5000ms exceeded.[39m

    Error: [2mexpect([22m[31mlocator[39m[2m).[22mtoBeVisible[2m([22m[2m)[22m failed

    Locator: locator('text=구독이 완료되었습니다')
    Expected: visible
    Error: element(s) not found

    Call log:
    [2m  - Expect "toBeVisible" with timeout 5000ms[22m
    [2m  - waiting for locator('text=구독이 완료되었습니다')[22m


      239 |     await emailInput.fill('user+tag@example.com'); // + 기호는 유효함
      240 |     await submitButton.click();
    > 241 |     await expect(page.locator('text=구독이 완료되었습니다')).toBeVisible();
          |                                                    ^
      242 |
      243 |     await page.reload();
      244 |
        at C:\Users\user\workspaces\courses\my-project\tests\subscribe.spec.ts:241:52

    attachment #1: screenshot (image/png) ──────────────────────────────────────────────────────────
    test-results\subscribe-구독-기능-Subscribe--1c514-수-문자가-포함된-이메일로는-구독할-수-없어야-함-webkit\test-failed-1.png
    ────────────────────────────────────────────────────────────────────────────────────────────────

    attachment #2: video (video/webm) ──────────────────────────────────────────────────────────────
    test-results\subscribe-구독-기능-Subscribe--1c514-수-문자가-포함된-이메일로는-구독할-수-없어야-함-webkit\video.webm
    ────────────────────────────────────────────────────────────────────────────────────────────────

    Error Context: test-results\subscribe-구독-기능-Subscribe--1c514-수-문자가-포함된-이메일로는-구독할-수-없어야-함-webkit\error-context.md


[1A[2K  41) [chromium] › tests\blog-navigation.spec.ts:409:9 › 블로그 네비게이션 E2E 테스트 › 추가 테스트: 전체 플로우 검증 › 홈페이지 → 블로그 목록 → 포스트 상세 페이지의 완전한 네비게이션 플로우 

    [31mTest timeout of 5000ms exceeded.[39m

    Error: [2mexpect([22m[31mpage[39m[2m).[22mtoHaveTitle[2m([22m[32mexpected[39m[2m)[22m failed

    Expected pattern: [32m/Home/[39m
    Received string:  [31m"Create Next App"[39m

    Call log:
    [2m  - Expect "toHaveTitle" with timeout 5000ms[22m
    [2m    8 × unexpected value "Create Next App"[22m


      412 |       // 1단계: 홈페이지 접속
      413 |       await page.goto('/');
    > 414 |       await expect(page).toHaveTitle(/Home/);
          |                          ^
      415 |
      416 |       // 2단계: 블로그 페이지로 이동
      417 |       await page.goto('/blog');
        at C:\Users\user\workspaces\courses\my-project\tests\blog-navigation.spec.ts:414:26

    attachment #1: screenshot (image/png) ──────────────────────────────────────────────────────────
    test-results\blog-navigation-블로그-네비게이션--00cef-→-포스트-상세-페이지의-완전한-네비게이션-플로우-chromium\test-failed-1.png
    ────────────────────────────────────────────────────────────────────────────────────────────────

    attachment #2: video (video/webm) ──────────────────────────────────────────────────────────────
    test-results\blog-navigation-블로그-네비게이션--00cef-→-포스트-상세-페이지의-완전한-네비게이션-플로우-chromium\video.webm
    ────────────────────────────────────────────────────────────────────────────────────────────────

    Error Context: test-results\blog-navigation-블로그-네비게이션--00cef-→-포스트-상세-페이지의-완전한-네비게이션-플로우-chromium\error-context.md


[1A[2K  42) [Mobile Chrome] › tests\blog-navigation.spec.ts:91:9 › 블로그 네비게이션 E2E 테스트 › 시나리오 1: 홈페이지 접속 및 기본 요소 확인 › Footer에 저작권 정보가 표시된다 

    [31mTest timeout of 5000ms exceeded.[39m

    attachment #1: screenshot (image/png) ──────────────────────────────────────────────────────────
    test-results\blog-navigation-블로그-네비게이션--75de6--요소-확인-Footer에-저작권-정보가-표시된다-Mobile-Chrome\test-failed-1.png
    ────────────────────────────────────────────────────────────────────────────────────────────────

    attachment #2: video (video/webm) ──────────────────────────────────────────────────────────────
    test-results\blog-navigation-블로그-네비게이션--75de6--요소-확인-Footer에-저작권-정보가-표시된다-Mobile-Chrome\video.webm
    ────────────────────────────────────────────────────────────────────────────────────────────────

    Error Context: test-results\blog-navigation-블로그-네비게이션--75de6--요소-확인-Footer에-저작권-정보가-표시된다-Mobile-Chrome\error-context.md


[1A[2K  43) [firefox] › tests\subscribe.spec.ts:136:7 › 구독 기능 (Subscribe Feature) › 08. 여러 개의 서로 다른 이메일로 구독할 수 있어야 함 

    [31mTest timeout of 5000ms exceeded while running "beforeEach" hook.[39m

      2 |
      3 | test.describe('구독 기능 (Subscribe Feature)', () => {
    > 4 |   test.beforeEach(async ({ page }) => {
        |        ^
      5 |     // 각 테스트 전에 홈페이지 방문
      6 |     await page.goto('/');
      7 |   });
        at C:\Users\user\workspaces\courses\my-project\tests\subscribe.spec.ts:4:8

    [31mTearing down "context" exceeded the test timeout of 5000ms.[39m

    Error: browserContext.newPage: Test timeout of 5000ms exceeded.


[1A[2K  44) [firefox] › tests\blog-navigation.spec.ts:129:9 › 블로그 네비게이션 E2E 테스트 › 시나리오 2: 블로그 목록 페이지에서 포스트 확인 › 블로그 페이지 제목이 표시된다 

    [31mTest timeout of 5000ms exceeded while setting up "page".[39m

    [31mTearing down "context" exceeded the test timeout of 5000ms.[39m

    Error: browserContext.newPage: Test timeout of 5000ms exceeded.


[1A[2K[124/250] [webkit] › tests\subscribe.spec.ts:251:7 › 구독 기능 (Subscribe Feature) › 14. 페이지 성능 확인 (로딩 시간)
[1A[2K[125/250] [chromium] › tests\blog-navigation.spec.ts:446:9 › 블로그 네비게이션 E2E 테스트 › 추가 테스트: 전체 플로우 검증 › 페이지 로드 성능 기본 검증
[1A[2K[126/250] [webkit] › tests\blog-navigation.spec.ts:446:9 › 블로그 네비게이션 E2E 테스트 › 추가 테스트: 전체 플로우 검증 › 페이지 로드 성능 기본 검증
[1A[2K[127/250] [Mobile Chrome] › tests\blog-navigation.spec.ts:103:9 › 블로그 네비게이션 E2E 테스트 › 시나리오 1: 홈페이지 접속 및 기본 요소 확인 › 홈페이지의 모든 이미지가 로드된다
[1A[2K[128/250] [firefox] › tests\subscribe.spec.ts:167:7 › 구독 기능 (Subscribe Feature) › 09. 버튼 스타일 검증 (프로젝트 규칙)
[1A[2K[129/250] [chromium] › tests\blog-navigation.spec.ts:459:9 › 블로그 네비게이션 E2E 테스트 › 추가 테스트: 전체 플로우 검증 › 반응형 디자인 검증 - 모바일 뷰에서도 정상 작동
[1A[2K[130/250] [firefox] › tests\blog-navigation.spec.ts:141:9 › 블로그 네비게이션 E2E 테스트 › 시나리오 2: 블로그 목록 페이지에서 포스트 확인 › 블로그 페이지에 설명 텍스트가 표시된다
[1A[2K[131/250] [Mobile Chrome] › tests\blog-navigation.spec.ts:121:9 › 블로그 네비게이션 E2E 테스트 › 시나리오 2: 블로그 목록 페이지에서 포스트 확인 › 블로그 목록 페이지로 이동할 수 있다
[1A[2K[132/250] [webkit] › tests\blog-navigation.spec.ts:459:9 › 블로그 네비게이션 E2E 테스트 › 추가 테스트: 전체 플로우 검증 › 반응형 디자인 검증 - 모바일 뷰에서도 정상 작동
[1A[2K[133/250] [webkit] › tests\subscribe.spec.ts:260:7 › 구독 기능 (Subscribe Feature) › 15. API 엔드포인트 응답 검증
[1A[2K[134/250] [Mobile Chrome] › tests\blog-navigation.spec.ts:129:9 › 블로그 네비게이션 E2E 테스트 › 시나리오 2: 블로그 목록 페이지에서 포스트 확인 › 블로그 페이지 제목이 표시된다
[1A[2K[135/250] [Mobile Chrome] › tests\blog-navigation.spec.ts:141:9 › 블로그 네비게이션 E2E 테스트 › 시나리오 2: 블로그 목록 페이지에서 포스트 확인 › 블로그 페이지에 설명 텍스트가 표시된다
[1A[2K[136/250] [Mobile Chrome] › tests\blog-navigation.spec.ts:152:9 › 블로그 네비게이션 E2E 테스트 › 시나리오 2: 블로그 목록 페이지에서 포스트 확인 › 첫 번째 포스트가 목록에 표시된다
[1A[2K  45) [webkit] › tests\subscribe.spec.ts:260:7 › 구독 기능 (Subscribe Feature) › 15. API 엔드포인트 응답 검증 ───

    Error: [2mexpect([22m[31mreceived[39m[2m).[22mtoBe[2m([22m[32mexpected[39m[2m) // Object.is equality[22m

    Expected: [32m201[39m
    Received: [31m400[39m

      283 |     expect(apiResponse).not.toBeNull();
      284 |     if (apiResponse) {
    > 285 |       expect(apiResponse.status()).toBe(201); // Created
          |                                    ^
      286 |     }
      287 |   });
      288 | });
        at C:\Users\user\workspaces\courses\my-project\tests\subscribe.spec.ts:285:36

    attachment #1: screenshot (image/png) ──────────────────────────────────────────────────────────
    test-results\subscribe-구독-기능-Subscribe-Feature-15-API-엔드포인트-응답-검증-webkit\test-failed-1.png
    ────────────────────────────────────────────────────────────────────────────────────────────────

    attachment #2: video (video/webm) ──────────────────────────────────────────────────────────────
    test-results\subscribe-구독-기능-Subscribe-Feature-15-API-엔드포인트-응답-검증-webkit\video.webm
    ────────────────────────────────────────────────────────────────────────────────────────────────

    Error Context: test-results\subscribe-구독-기능-Subscribe-Feature-15-API-엔드포인트-응답-검증-webkit\error-context.md


[1A[2K[137/250] [firefox] › tests\subscribe.spec.ts:182:7 › 구독 기능 (Subscribe Feature) › 10. 모바일 환경에서도 구독할 수 있어야 함
[1A[2K[138/250] [Mobile Chrome] › tests\subscribe.spec.ts:9:7 › 구독 기능 (Subscribe Feature) › 01. 구독 폼이 페이지에 표시되어야 함
[1A[2K[139/250] [Mobile Chrome] › tests\blog-navigation.spec.ts:163:9 › 블로그 네비게이션 E2E 테스트 › 시나리오 2: 블로그 목록 페이지에서 포스트 확인 › 두 번째 포스트가 목록에 표시된다
[1A[2K[140/250] [firefox] › tests\blog-navigation.spec.ts:152:9 › 블로그 네비게이션 E2E 테스트 › 시나리오 2: 블로그 목록 페이지에서 포스트 확인 › 첫 번째 포스트가 목록에 표시된다
[1A[2K[141/250] [Mobile Safari] › tests\blog-navigation.spec.ts:8:9 › 블로그 네비게이션 E2E 테스트 › 시나리오 1: 홈페이지 접속 및 기본 요소 확인 › 홈페이지가 정상적으로 로드된다
[1A[2K[142/250] [Mobile Chrome] › tests\subscribe.spec.ts:20:7 › 구독 기능 (Subscribe Feature) › 02. 유효한 이메일로 구독할 수 있어야 함
[1A[2K[143/250] [Mobile Chrome] › tests\blog-navigation.spec.ts:174:9 › 블로그 네비게이션 E2E 테스트 › 시나리오 2: 블로그 목록 페이지에서 포스트 확인 › 각 포스트의 발행 날짜가 표시된다
[1A[2K[144/250] [firefox] › tests\subscribe.spec.ts:198:7 › 구독 기능 (Subscribe Feature) › 11. 브라우저 백 버튼 후에도 폼이 정상 작동해야 함
[1A[2K[145/250] [Mobile Chrome] › tests\blog-navigation.spec.ts:186:9 › 블로그 네비게이션 E2E 테스트 › 시나리오 2: 블로그 목록 페이지에서 포스트 확인 › 각 포스트의 미리보기 내용이 표시된다
[1A[2K[146/250] [firefox] › tests\blog-navigation.spec.ts:163:9 › 블로그 네비게이션 E2E 테스트 › 시나리오 2: 블로그 목록 페이지에서 포스트 확인 › 두 번째 포스트가 목록에 표시된다
[1A[2K[147/250] [Mobile Safari] › tests\subscribe.spec.ts:9:7 › 구독 기능 (Subscribe Feature) › 01. 구독 폼이 페이지에 표시되어야 함
[1A[2K[148/250] [Mobile Chrome] › tests\blog-navigation.spec.ts:198:9 › 블로그 네비게이션 E2E 테스트 › 시나리오 2: 블로그 목록 페이지에서 포스트 확인 › 각 포스트에 작가 정보가 표시된다
[1A[2K[149/250] [firefox] › tests\blog-navigation.spec.ts:174:9 › 블로그 네비게이션 E2E 테스트 › 시나리오 2: 블로그 목록 페이지에서 포스트 확인 › 각 포스트의 발행 날짜가 표시된다
[1A[2K  46) [Mobile Safari] › tests\blog-navigation.spec.ts:8:9 › 블로그 네비게이션 E2E 테스트 › 시나리오 1: 홈페이지 접속 및 기본 요소 확인 › 홈페이지가 정상적으로 로드된다 

    [31mTest timeout of 5000ms exceeded.[39m

    Error: [2mexpect([22m[31mpage[39m[2m).[22mtoHaveTitle[2m([22m[32mexpected[39m[2m)[22m failed

    Expected pattern: [32m/Home/[39m
    Received string:  [31m"Create Next App"[39m

    Call log:
    [2m  - Expect "toHaveTitle" with timeout 5000ms[22m
    [2m    5 × unexpected value "Create Next App"[22m


      11 |
      12 |       // 2단계: 페이지가 로드되었는지 확인
    > 13 |       await expect(page).toHaveTitle(/Home/);
         |                          ^
      14 |     });
      15 |
      16 |     test('네비게이션 바(Header)가 표시된다', async ({ page }) => {
        at C:\Users\user\workspaces\courses\my-project\tests\blog-navigation.spec.ts:13:26

    attachment #1: screenshot (image/png) ──────────────────────────────────────────────────────────
    test-results\blog-navigation-블로그-네비게이션--ce93a-및-기본-요소-확인-홈페이지가-정상적으로-로드된다-Mobile-Safari\test-failed-1.png
    ────────────────────────────────────────────────────────────────────────────────────────────────

    attachment #2: video (video/webm) ──────────────────────────────────────────────────────────────
    test-results\blog-navigation-블로그-네비게이션--ce93a-및-기본-요소-확인-홈페이지가-정상적으로-로드된다-Mobile-Safari\video.webm
    ────────────────────────────────────────────────────────────────────────────────────────────────

    Error Context: test-results\blog-navigation-블로그-네비게이션--ce93a-및-기본-요소-확인-홈페이지가-정상적으로-로드된다-Mobile-Safari\error-context.md


[1A[2K  47) [Mobile Chrome] › tests\subscribe.spec.ts:20:7 › 구독 기능 (Subscribe Feature) › 02. 유효한 이메일로 구독할 수 있어야 함 

    [31mTest timeout of 5000ms exceeded.[39m

    Error: [2mexpect([22m[31mlocator[39m[2m).[22mtoHaveClass[2m([22m[32mexpected[39m[2m)[22m failed

    Locator: locator('text=구독이 완료되었습니다').locator('..')
    Expected pattern: [32m/bg-green-50/[39m
    Received string:  [31m"flex flex-col gap-3 w-full"[39m

    Call log:
    [2m  - Expect "toHaveClass" with timeout 5000ms[22m
    [2m  - waiting for locator('text=구독이 완료되었습니다').locator('..')[22m
    [2m    6 × locator resolved to <form class="flex flex-col gap-3 w-full">…</form>[22m
    [2m      - unexpected value "flex flex-col gap-3 w-full"[22m


      37 |     // 성공 메시지 스타일 확인 (초록색)
      38 |     const messageDiv = successMessage.locator('..');
    > 39 |     await expect(messageDiv).toHaveClass(/bg-green-50/);
         |                              ^
      40 |   });
      41 |
      42 |   test('03. 이미 구독 중인 이메일로는 중복 구독이 불가능해야 함', async ({ page }) => {
        at C:\Users\user\workspaces\courses\my-project\tests\subscribe.spec.ts:39:30

    attachment #1: screenshot (image/png) ──────────────────────────────────────────────────────────
    test-results\subscribe-구독-기능-Subscribe-Feature-02-유효한-이메일로-구독할-수-있어야-함-Mobile-Chrome\test-failed-1.png
    ────────────────────────────────────────────────────────────────────────────────────────────────

    attachment #2: video (video/webm) ──────────────────────────────────────────────────────────────
    test-results\subscribe-구독-기능-Subscribe-Feature-02-유효한-이메일로-구독할-수-있어야-함-Mobile-Chrome\video.webm
    ────────────────────────────────────────────────────────────────────────────────────────────────

    Error Context: test-results\subscribe-구독-기능-Subscribe-Feature-02-유효한-이메일로-구독할-수-있어야-함-Mobile-Chrome\error-context.md


[1A[2K[150/250] [Mobile Safari] › tests\subscribe.spec.ts:20:7 › 구독 기능 (Subscribe Feature) › 02. 유효한 이메일로 구독할 수 있어야 함
[1A[2K  48) [Mobile Chrome] › tests\blog-navigation.spec.ts:198:9 › 블로그 네비게이션 E2E 테스트 › 시나리오 2: 블로그 목록 페이지에서 포스트 확인 › 각 포스트에 작가 정보가 표시된다 

    Error: [2mexpect([22m[31mlocator[39m[2m).[22mtoBeVisible[2m([22m[2m)[22m failed

    Locator: getByText('Jane Doe')
    Expected: visible
    Error: strict mode violation: getByText('Jane Doe') resolved to 2 elements:
        1) <p class="font-semibold text-gray-900">Jane Doe</p> aka getByTestId('blog-post-0').getByText('Jane Doe')
        2) <p class="font-semibold text-gray-900">Jane Doe</p> aka getByTestId('blog-post-1').getByText('Jane Doe')

    Call log:
    [2m  - Expect "toBeVisible" with timeout 5000ms[22m
    [2m  - waiting for getByText('Jane Doe')[22m


      202 |       // 2단계: 작가명 확인
      203 |       const authorName = page.getByText('Jane Doe');
    > 204 |       await expect(authorName).toBeVisible();
          |                                ^
      205 |     });
      206 |
      207 |     test('각 포스트에 작가 프로필 이미지가 표시된다', async ({ page }) => {
        at C:\Users\user\workspaces\courses\my-project\tests\blog-navigation.spec.ts:204:32

    attachment #1: screenshot (image/png) ──────────────────────────────────────────────────────────
    test-results\blog-navigation-블로그-네비게이션--10c2b-서-포스트-확인-각-포스트에-작가-정보가-표시된다-Mobile-Chrome\test-failed-1.png
    ────────────────────────────────────────────────────────────────────────────────────────────────

    attachment #2: video (video/webm) ──────────────────────────────────────────────────────────────
    test-results\blog-navigation-블로그-네비게이션--10c2b-서-포스트-확인-각-포스트에-작가-정보가-표시된다-Mobile-Chrome\video.webm
    ────────────────────────────────────────────────────────────────────────────────────────────────

    Error Context: test-results\blog-navigation-블로그-네비게이션--10c2b-서-포스트-확인-각-포스트에-작가-정보가-표시된다-Mobile-Chrome\error-context.md


[1A[2K[151/250] [firefox] › tests\blog-navigation.spec.ts:186:9 › 블로그 네비게이션 E2E 테스트 › 시나리오 2: 블로그 목록 페이지에서 포스트 확인 › 각 포스트의 미리보기 내용이 표시된다
[1A[2K  49) [firefox] › tests\subscribe.spec.ts:198:7 › 구독 기능 (Subscribe Feature) › 11. 브라우저 백 버튼 후에도 폼이 정상 작동해야 함 

    [31mTest timeout of 5000ms exceeded.[39m

    Error: locator.click: Test timeout of 5000ms exceeded.
    Call log:
    [2m  - waiting for locator('button:has-text("구독")')[22m
    [2m    - locator resolved to <button type="submit" class="bg-blue-600 hover:bg-blue-700 text-white font-semibold py-2 px-4 rounded-md shadow-md disabled:bg-gray-400">구독</button>[22m


      213 |
      214 |     await emailInput.fill(email);
    > 215 |     await submitButton.click();
          |                        ^
      216 |
      217 |     await expect(page.locator('text=구독이 완료되었습니다')).toBeVisible();
      218 |   });
        at C:\Users\user\workspaces\courses\my-project\tests\subscribe.spec.ts:215:24

    attachment #1: screenshot (image/png) ──────────────────────────────────────────────────────────
    test-results\subscribe-구독-기능-Subscribe--f8f17--브라우저-백-버튼-후에도-폼이-정상-작동해야-함-firefox\test-failed-1.png
    ────────────────────────────────────────────────────────────────────────────────────────────────

    attachment #2: video (video/webm) ──────────────────────────────────────────────────────────────
    test-results\subscribe-구독-기능-Subscribe--f8f17--브라우저-백-버튼-후에도-폼이-정상-작동해야-함-firefox\video.webm
    ────────────────────────────────────────────────────────────────────────────────────────────────

    Error Context: test-results\subscribe-구독-기능-Subscribe--f8f17--브라우저-백-버튼-후에도-폼이-정상-작동해야-함-firefox\error-context.md


[1A[2K[152/250] [firefox] › tests\blog-navigation.spec.ts:198:9 › 블로그 네비게이션 E2E 테스트 › 시나리오 2: 블로그 목록 페이지에서 포스트 확인 › 각 포스트에 작가 정보가 표시된다
[1A[2K[153/250] [Mobile Safari] › tests\blog-navigation.spec.ts:16:9 › 블로그 네비게이션 E2E 테스트 › 시나리오 1: 홈페이지 접속 및 기본 요소 확인 › 네비게이션 바(Header)가 표시된다
[1A[2K[154/250] [Mobile Chrome] › tests\subscribe.spec.ts:42:7 › 구독 기능 (Subscribe Feature) › 03. 이미 구독 중인 이메일로는 중복 구독이 불가능해야 함
[1A[2K[155/250] [Mobile Chrome] › tests\blog-navigation.spec.ts:207:9 › 블로그 네비게이션 E2E 테스트 › 시나리오 2: 블로그 목록 페이지에서 포스트 확인 › 각 포스트에 작가 프로필 이미지가 표시된다
[1A[2K[156/250] [firefox] › tests\subscribe.spec.ts:220:7 › 구독 기능 (Subscribe Feature) › 12. 아주 긴 이메일 주소로도 구독할 수 있어야 함
[1A[2K  50) [Mobile Safari] › tests\subscribe.spec.ts:20:7 › 구독 기능 (Subscribe Feature) › 02. 유효한 이메일로 구독할 수 있어야 함 

    [31mTest timeout of 5000ms exceeded.[39m

    Error: [2mexpect([22m[31mlocator[39m[2m).[22mtoBeVisible[2m([22m[2m)[22m failed

    Locator: locator('text=구독이 완료되었습니다')
    Expected: visible
    Error: element(s) not found

    Call log:
    [2m  - Expect "toBeVisible" with timeout 5000ms[22m
    [2m  - waiting for locator('text=구독이 완료되었습니다')[22m


      33 |     // 성공 메시지 확인
      34 |     const successMessage = page.locator('text=구독이 완료되었습니다');
    > 35 |     await expect(successMessage).toBeVisible();
         |                                  ^
      36 |
      37 |     // 성공 메시지 스타일 확인 (초록색)
      38 |     const messageDiv = successMessage.locator('..');
        at C:\Users\user\workspaces\courses\my-project\tests\subscribe.spec.ts:35:34

    attachment #1: screenshot (image/png) ──────────────────────────────────────────────────────────
    test-results\subscribe-구독-기능-Subscribe-Feature-02-유효한-이메일로-구독할-수-있어야-함-Mobile-Safari\test-failed-1.png
    ────────────────────────────────────────────────────────────────────────────────────────────────

    attachment #2: video (video/webm) ──────────────────────────────────────────────────────────────
    test-results\subscribe-구독-기능-Subscribe-Feature-02-유효한-이메일로-구독할-수-있어야-함-Mobile-Safari\video.webm
    ────────────────────────────────────────────────────────────────────────────────────────────────

    Error Context: test-results\subscribe-구독-기능-Subscribe-Feature-02-유효한-이메일로-구독할-수-있어야-함-Mobile-Safari\error-context.md


[1A[2K[157/250] [Mobile Safari] › tests\blog-navigation.spec.ts:25:9 › 블로그 네비게이션 E2E 테스트 › 시나리오 1: 홈페이지 접속 및 기본 요소 확인 › 사이트 로고/제목이 네비게이션 바에 표시된다
[1A[2K[158/250] [Mobile Chrome] › tests\blog-navigation.spec.ts:217:9 › 블로그 네비게이션 E2E 테스트 › 시나리오 2: 블로그 목록 페이지에서 포스트 확인 › 각 포스트에 "더 읽기" 링크가 있다
[1A[2K[159/250] [Mobile Safari] › tests\blog-navigation.spec.ts:37:9 › 블로그 네비게이션 E2E 테스트 › 시나리오 1: 홈페이지 접속 및 기본 요소 확인 › 네비게이션 바에 "가입하기" 버튼이 있다
[1A[2K[160/250] [Mobile Safari] › tests\subscribe.spec.ts:42:7 › 구독 기능 (Subscribe Feature) › 03. 이미 구독 중인 이메일로는 중복 구독이 불가능해야 함
[1A[2K[161/250] [Mobile Chrome] › tests\blog-navigation.spec.ts:227:9 › 블로그 네비게이션 E2E 테스트 › 시나리오 2: 블로그 목록 페이지에서 포스트 확인 › 블로그 목록 페이지에서도 Header와 Footer가 표시된다
[1A[2K[162/250] [Mobile Safari] › tests\blog-navigation.spec.ts:46:9 › 블로그 네비게이션 E2E 테스트 › 시나리오 1: 홈페이지 접속 및 기본 요소 확인 › 메인 콘텐츠가 표시된다
[1A[2K[163/250] [Mobile Chrome] › tests\blog-navigation.spec.ts:248:9 › 블로그 네비게이션 E2E 테스트 › 시나리오 3: 개별 블로그 포스트 페이지 접근 및 콘텐츠 확인 › 블로그 목록에서 첫 번째 포스트 제목을 클릭하면 상세 페이지로 이동한다
[1A[2K[164/250] [Mobile Safari] › tests\blog-navigation.spec.ts:55:9 › 블로그 네비게이션 E2E 테스트 › 시나리오 1: 홈페이지 접속 및 기본 요소 확인 › 홈페이지에 메인 제목이 표시된다
[1A[2K  51) [Mobile Safari] › tests\blog-navigation.spec.ts:55:9 › 블로그 네비게이션 E2E 테스트 › 시나리오 1: 홈페이지 접속 및 기본 요소 확인 › 홈페이지에 메인 제목이 표시된다 

    [31mTest timeout of 5000ms exceeded.[39m

    Error: page.goto: Test timeout of 5000ms exceeded.
    Call log:
    [2m  - navigating to "http://localhost:3000/", waiting until "load"[22m


      55 |     test('홈페이지에 메인 제목이 표시된다', async ({ page }) => {
      56 |       // 1단계: 홈페이지로 이동
    > 57 |       await page.goto('/');
         |                  ^
      58 |
      59 |       // 2단계: 페이지 제목 확인
      60 |       const mainHeading = page.getByRole('heading', {
        at C:\Users\user\workspaces\courses\my-project\tests\blog-navigation.spec.ts:57:18

    attachment #1: screenshot (image/png) ──────────────────────────────────────────────────────────
    test-results\blog-navigation-블로그-네비게이션--ec22f--기본-요소-확인-홈페이지에-메인-제목이-표시된다-Mobile-Safari\test-failed-1.png
    ────────────────────────────────────────────────────────────────────────────────────────────────

    attachment #2: video (video/webm) ──────────────────────────────────────────────────────────────
    test-results\blog-navigation-블로그-네비게이션--ec22f--기본-요소-확인-홈페이지에-메인-제목이-표시된다-Mobile-Safari\video.webm
    ────────────────────────────────────────────────────────────────────────────────────────────────


[1A[2K  52) [Mobile Chrome] › tests\subscribe.spec.ts:42:7 › 구독 기능 (Subscribe Feature) › 03. 이미 구독 중인 이메일로는 중복 구독이 불가능해야 함 

    [31mTest timeout of 5000ms exceeded.[39m

    Error: locator.fill: Test timeout of 5000ms exceeded.
    Call log:
    [2m  - waiting for locator('input[type="email"]')[22m
    [2m    - locator resolved to <input value="" required="" type="email" placeholder="이메일 주소를 입력하세요" class="flex-1 px-4 py-2 border border-gray-300 rounded-md text-gray-900 placeholder-gray-500 disabled:bg-gray-100"/>[22m
    [2m    - fill("duplicate-1773729574427@example.com")[22m
    [2m  - attempting fill action[22m
    [2m    - waiting for element to be visible, enabled and editable[22m


      60 |     // 같은 이메일로 재구독 시도
      61 |     const emailInputAfterReload = page.locator('input[type="email"]');
    > 62 |     await emailInputAfterReload.fill(email);
         |                                 ^
      63 |     await submitButton.click();
      64 |
      65 |     // 에러 메시지 확인
        at C:\Users\user\workspaces\courses\my-project\tests\subscribe.spec.ts:62:33

    [31mTearing down "context" exceeded the test timeout of 5000ms.[39m

    attachment #1: screenshot (image/png) ──────────────────────────────────────────────────────────
    test-results\subscribe-구독-기능-Subscribe--fa09f--구독-중인-이메일로는-중복-구독이-불가능해야-함-Mobile-Chrome\test-failed-1.png
    ────────────────────────────────────────────────────────────────────────────────────────────────

    attachment #2: video (video/webm) ──────────────────────────────────────────────────────────────
    test-results\subscribe-구독-기능-Subscribe--fa09f--구독-중인-이메일로는-중복-구독이-불가능해야-함-Mobile-Chrome\video.webm
    ────────────────────────────────────────────────────────────────────────────────────────────────

    Error Context: test-results\subscribe-구독-기능-Subscribe--fa09f--구독-중인-이메일로는-중복-구독이-불가능해야-함-Mobile-Chrome\error-context.md


[1A[2K  53) [firefox] › tests\blog-navigation.spec.ts:198:9 › 블로그 네비게이션 E2E 테스트 › 시나리오 2: 블로그 목록 페이지에서 포스트 확인 › 각 포스트에 작가 정보가 표시된다 

    Error: [2mexpect([22m[31mlocator[39m[2m).[22mtoBeVisible[2m([22m[2m)[22m failed

    Locator: getByText('Jane Doe')
    Expected: visible
    Error: strict mode violation: getByText('Jane Doe') resolved to 2 elements:
        1) <p class="font-semibold text-gray-900">Jane Doe</p> aka getByTestId('blog-post-0').getByText('Jane Doe')
        2) <p class="font-semibold text-gray-900">Jane Doe</p> aka getByTestId('blog-post-1').getByText('Jane Doe')

    Call log:
    [2m  - Expect "toBeVisible" with timeout 5000ms[22m
    [2m  - waiting for getByText('Jane Doe')[22m


      202 |       // 2단계: 작가명 확인
      203 |       const authorName = page.getByText('Jane Doe');
    > 204 |       await expect(authorName).toBeVisible();
          |                                ^
      205 |     });
      206 |
      207 |     test('각 포스트에 작가 프로필 이미지가 표시된다', async ({ page }) => {
        at C:\Users\user\workspaces\courses\my-project\tests\blog-navigation.spec.ts:204:32

    attachment #1: screenshot (image/png) ──────────────────────────────────────────────────────────
    test-results\blog-navigation-블로그-네비게이션--10c2b-서-포스트-확인-각-포스트에-작가-정보가-표시된다-firefox\test-failed-1.png
    ────────────────────────────────────────────────────────────────────────────────────────────────

    attachment #2: video (video/webm) ──────────────────────────────────────────────────────────────
    test-results\blog-navigation-블로그-네비게이션--10c2b-서-포스트-확인-각-포스트에-작가-정보가-표시된다-firefox\video.webm
    ────────────────────────────────────────────────────────────────────────────────────────────────

    Error Context: test-results\blog-navigation-블로그-네비게이션--10c2b-서-포스트-확인-각-포스트에-작가-정보가-표시된다-firefox\error-context.md


[1A[2K  54) [Mobile Safari] › tests\subscribe.spec.ts:42:7 › 구독 기능 (Subscribe Feature) › 03. 이미 구독 중인 이메일로는 중복 구독이 불가능해야 함 

    [31mTest timeout of 5000ms exceeded.[39m

    Error: [2mexpect([22m[31mlocator[39m[2m).[22mtoBeVisible[2m([22m[2m)[22m failed

    Locator: locator('text=구독이 완료되었습니다')
    Expected: visible
    Timeout: 5000ms
    Error: element(s) not found

    Call log:
    [2m  - Expect "toBeVisible" with timeout 5000ms[22m
    [2m  - waiting for locator('text=구독이 완료되었습니다')[22m


      53 |
      54 |     const successMessage = page.locator('text=구독이 완료되었습니다');
    > 55 |     await expect(successMessage).toBeVisible();
         |                                  ^
      56 |
      57 |     // 페이지 새로고침 (폼 초기화)
      58 |     await page.reload();
        at C:\Users\user\workspaces\courses\my-project\tests\subscribe.spec.ts:55:34

    [31mTearing down "context" exceeded the test timeout of 5000ms.[39m

    attachment #1: screenshot (image/png) ──────────────────────────────────────────────────────────
    test-results\subscribe-구독-기능-Subscribe--fa09f--구독-중인-이메일로는-중복-구독이-불가능해야-함-Mobile-Safari\test-failed-1.png
    ────────────────────────────────────────────────────────────────────────────────────────────────

    Error Context: test-results\subscribe-구독-기능-Subscribe--fa09f--구독-중인-이메일로는-중복-구독이-불가능해야-함-Mobile-Safari\error-context.md


[1A[2K  55) [Mobile Chrome] › tests\blog-navigation.spec.ts:248:9 › 블로그 네비게이션 E2E 테스트 › 시나리오 3: 개별 블로그 포스트 페이지 접근 및 콘텐츠 확인 › 블로그 목록에서 첫 번째 포스트 제목을 클릭하면 상세 페이지로 이동한다 

    [31mTest timeout of 5000ms exceeded.[39m

    Error: locator.click: Test timeout of 5000ms exceeded.
    Call log:
    [2m  - waiting for getByRole('heading', { name: '첫 번째 블로그 게시글' })[22m
    [2m    - locator resolved to <h2 class="text-2xl font-bold text-gray-900 hover:text-blue-600 transition-colors">첫 번째 블로그 게시글</h2>[22m
    [2m  - attempting click action[22m
    [2m    - waiting for element to be visible, enabled and stable[22m


      256 |         name: '첫 번째 블로그 게시글',
      257 |       });
    > 258 |       await firstPostTitle.click();
          |                            ^
      259 |
      260 |       // 3단계: 포스트 상세 페이지로 이동했는지 확인
      261 |       await expect(page).toHaveURL(/\/posts\/first-post/);
        at C:\Users\user\workspaces\courses\my-project\tests\blog-navigation.spec.ts:258:28

    attachment #1: screenshot (image/png) ──────────────────────────────────────────────────────────
    test-results\blog-navigation-블로그-네비게이션--e44a5-째-포스트-제목을-클릭하면-상세-페이지로-이동한다-Mobile-Chrome\test-failed-1.png
    ────────────────────────────────────────────────────────────────────────────────────────────────

    attachment #2: video (video/webm) ──────────────────────────────────────────────────────────────
    test-results\blog-navigation-블로그-네비게이션--e44a5-째-포스트-제목을-클릭하면-상세-페이지로-이동한다-Mobile-Chrome\video.webm
    ────────────────────────────────────────────────────────────────────────────────────────────────

    Error Context: test-results\blog-navigation-블로그-네비게이션--e44a5-째-포스트-제목을-클릭하면-상세-페이지로-이동한다-Mobile-Chrome\error-context.md


[1A[2K[165/250] [Mobile Safari] › tests\blog-navigation.spec.ts:67:9 › 블로그 네비게이션 E2E 테스트 › 시나리오 1: 홈페이지 접속 및 기본 요소 확인 › Footer가 페이지 하단에 표시된다
[1A[2K[166/250] [Mobile Chrome] › tests\subscribe.spec.ts:74:7 › 구독 기능 (Subscribe Feature) › 04. 잘못된 이메일 형식으로는 구독할 수 없어야 함
[1A[2K[167/250] [firefox] › tests\blog-navigation.spec.ts:207:9 › 블로그 네비게이션 E2E 테스트 › 시나리오 2: 블로그 목록 페이지에서 포스트 확인 › 각 포스트에 작가 프로필 이미지가 표시된다
[1A[2K[168/250] [Mobile Safari] › tests\subscribe.spec.ts:74:7 › 구독 기능 (Subscribe Feature) › 04. 잘못된 이메일 형식으로는 구독할 수 없어야 함
[1A[2K[169/250] [firefox] › tests\subscribe.spec.ts:234:7 › 구독 기능 (Subscribe Feature) › 13. 특수 문자가 포함된 이메일로는 구독할 수 없어야 함
[1A[2K[170/250] [Mobile Chrome] › tests\blog-navigation.spec.ts:264:9 › 블로그 네비게이션 E2E 테스트 › 시나리오 3: 개별 블로그 포스트 페이지 접근 및 콘텐츠 확인 › 포스트 상세 페이지에 포스트 제목이 표시된다
[1A[2K[171/250] [Mobile Safari] › tests\blog-navigation.spec.ts:79:9 › 블로그 네비게이션 E2E 테스트 › 시나리오 1: 홈페이지 접속 및 기본 요소 확인 › Footer에 "문의하기" 버튼이 있다
[1A[2K[172/250] [Mobile Chrome] › tests\blog-navigation.spec.ts:276:9 › 블로그 네비게이션 E2E 테스트 › 시나리오 3: 개별 블로그 포스트 페이지 접근 및 콘텐츠 확인 › 포스트 상세 페이지에 발행 날짜가 표시된다
[1A[2K  56) [Mobile Chrome] › tests\subscribe.spec.ts:74:7 › 구독 기능 (Subscribe Feature) › 04. 잘못된 이메일 형식으로는 구독할 수 없어야 함 

    [31mTest timeout of 5000ms exceeded.[39m

    Error: [2mexpect([22m[31mlocator[39m[2m).[22mtoBeVisible[2m([22m[2m)[22m failed

    Locator: locator('text=올바른 이메일 주소를 입력해주세요')
    Expected: visible
    Error: element(s) not found

    Call log:
    [2m  - Expect "toBeVisible" with timeout 5000ms[22m
    [2m  - waiting for locator('text=올바른 이메일 주소를 입력해주세요')[22m


      82 |     // 에러 메시지 확인
      83 |     const errorMessage = page.locator('text=올바른 이메일 주소를 입력해주세요');
    > 84 |     await expect(errorMessage).toBeVisible();
         |                                ^
      85 |   });
      86 |
      87 |   test('05. 이메일 필드가 비어있으면 구독할 수 없어야 함', async ({ page }) => {
        at C:\Users\user\workspaces\courses\my-project\tests\subscribe.spec.ts:84:32

    attachment #1: screenshot (image/png) ──────────────────────────────────────────────────────────
    test-results\subscribe-구독-기능-Subscribe--45acc-4-잘못된-이메일-형식으로는-구독할-수-없어야-함-Mobile-Chrome\test-failed-1.png
    ────────────────────────────────────────────────────────────────────────────────────────────────

    attachment #2: video (video/webm) ──────────────────────────────────────────────────────────────
    test-results\subscribe-구독-기능-Subscribe--45acc-4-잘못된-이메일-형식으로는-구독할-수-없어야-함-Mobile-Chrome\video.webm
    ────────────────────────────────────────────────────────────────────────────────────────────────

    Error Context: test-results\subscribe-구독-기능-Subscribe--45acc-4-잘못된-이메일-형식으로는-구독할-수-없어야-함-Mobile-Chrome\error-context.md


[1A[2K[173/250] [Mobile Safari] › tests\blog-navigation.spec.ts:91:9 › 블로그 네비게이션 E2E 테스트 › 시나리오 1: 홈페이지 접속 및 기본 요소 확인 › Footer에 저작권 정보가 표시된다
[1A[2K  57) [Mobile Safari] › tests\subscribe.spec.ts:74:7 › 구독 기능 (Subscribe Feature) › 04. 잘못된 이메일 형식으로는 구독할 수 없어야 함 

    [31mTest timeout of 5000ms exceeded.[39m

    Error: [2mexpect([22m[31mlocator[39m[2m).[22mtoBeVisible[2m([22m[2m)[22m failed

    Locator: locator('text=올바른 이메일 주소를 입력해주세요')
    Expected: visible
    Error: element(s) not found

    Call log:
    [2m  - Expect "toBeVisible" with timeout 5000ms[22m
    [2m  - waiting for locator('text=올바른 이메일 주소를 입력해주세요')[22m


      82 |     // 에러 메시지 확인
      83 |     const errorMessage = page.locator('text=올바른 이메일 주소를 입력해주세요');
    > 84 |     await expect(errorMessage).toBeVisible();
         |                                ^
      85 |   });
      86 |
      87 |   test('05. 이메일 필드가 비어있으면 구독할 수 없어야 함', async ({ page }) => {
        at C:\Users\user\workspaces\courses\my-project\tests\subscribe.spec.ts:84:32

    attachment #1: screenshot (image/png) ──────────────────────────────────────────────────────────
    test-results\subscribe-구독-기능-Subscribe--45acc-4-잘못된-이메일-형식으로는-구독할-수-없어야-함-Mobile-Safari\test-failed-1.png
    ────────────────────────────────────────────────────────────────────────────────────────────────

    attachment #2: video (video/webm) ──────────────────────────────────────────────────────────────
    test-results\subscribe-구독-기능-Subscribe--45acc-4-잘못된-이메일-형식으로는-구독할-수-없어야-함-Mobile-Safari\video.webm
    ────────────────────────────────────────────────────────────────────────────────────────────────

    Error Context: test-results\subscribe-구독-기능-Subscribe--45acc-4-잘못된-이메일-형식으로는-구독할-수-없어야-함-Mobile-Safari\error-context.md


[1A[2K[174/250] [Mobile Chrome] › tests\blog-navigation.spec.ts:285:9 › 블로그 네비게이션 E2E 테스트 › 시나리오 3: 개별 블로그 포스트 페이지 접근 및 콘텐츠 확인 › 포스트 상세 페이지에 전체 콘텐츠가 표시된다
[1A[2K  58) [firefox] › tests\subscribe.spec.ts:234:7 › 구독 기능 (Subscribe Feature) › 13. 특수 문자가 포함된 이메일로는 구독할 수 없어야 함 

    [31mTest timeout of 5000ms exceeded.[39m

    Error: [2mexpect([22m[31mlocator[39m[2m).[22mtoBeVisible[2m([22m[2m)[22m failed

    Locator: locator('text=구독이 완료되었습니다')
    Expected: visible
    Error: element(s) not found

    Call log:
    [2m  - Expect "toBeVisible" with timeout 5000ms[22m
    [2m  - waiting for locator('text=구독이 완료되었습니다')[22m


      239 |     await emailInput.fill('user+tag@example.com'); // + 기호는 유효함
      240 |     await submitButton.click();
    > 241 |     await expect(page.locator('text=구독이 완료되었습니다')).toBeVisible();
          |                                                    ^
      242 |
      243 |     await page.reload();
      244 |
        at C:\Users\user\workspaces\courses\my-project\tests\subscribe.spec.ts:241:52

    attachment #1: screenshot (image/png) ──────────────────────────────────────────────────────────
    test-results\subscribe-구독-기능-Subscribe--1c514-수-문자가-포함된-이메일로는-구독할-수-없어야-함-firefox\test-failed-1.png
    ────────────────────────────────────────────────────────────────────────────────────────────────

    attachment #2: video (video/webm) ──────────────────────────────────────────────────────────────
    test-results\subscribe-구독-기능-Subscribe--1c514-수-문자가-포함된-이메일로는-구독할-수-없어야-함-firefox\video.webm
    ────────────────────────────────────────────────────────────────────────────────────────────────

    Error Context: test-results\subscribe-구독-기능-Subscribe--1c514-수-문자가-포함된-이메일로는-구독할-수-없어야-함-firefox\error-context.md


[1A[2K[175/250] [Mobile Chrome] › tests\blog-navigation.spec.ts:296:9 › 블로그 네비게이션 E2E 테스트 › 시나리오 3: 개별 블로그 포스트 페이지 접근 및 콘텐츠 확인 › 포스트 상세 페이지에 작가 정보 섹션이 표시된다
[1A[2K[176/250] [Mobile Safari] › tests\blog-navigation.spec.ts:103:9 › 블로그 네비게이션 E2E 테스트 › 시나리오 1: 홈페이지 접속 및 기본 요소 확인 › 홈페이지의 모든 이미지가 로드된다
[1A[2K  59) [firefox] › tests\blog-navigation.spec.ts:207:9 › 블로그 네비게이션 E2E 테스트 › 시나리오 2: 블로그 목록 페이지에서 포스트 확인 › 각 포스트에 작가 프로필 이미지가 표시된다 

    [31mTest timeout of 5000ms exceeded.[39m

    Error: page.goto: Test timeout of 5000ms exceeded.
    Call log:
    [2m  - navigating to "http://localhost:3000/blog", waiting until "load"[22m


      207 |     test('각 포스트에 작가 프로필 이미지가 표시된다', async ({ page }) => {
      208 |       // 1단계: 블로그 페이지로 이동
    > 209 |       await page.goto('/blog');
          |                  ^
      210 |
      211 |       // 2단계: 작가 이미지 확인
      212 |       const avatars = page.locator('img[alt*="프로필 사진"]');
        at C:\Users\user\workspaces\courses\my-project\tests\blog-navigation.spec.ts:209:18

    attachment #1: screenshot (image/png) ──────────────────────────────────────────────────────────
    test-results\blog-navigation-블로그-네비게이션--891c6--확인-각-포스트에-작가-프로필-이미지가-표시된다-firefox\test-failed-1.png
    ────────────────────────────────────────────────────────────────────────────────────────────────

    attachment #2: video (video/webm) ──────────────────────────────────────────────────────────────
    test-results\blog-navigation-블로그-네비게이션--891c6--확인-각-포스트에-작가-프로필-이미지가-표시된다-firefox\video.webm
    ────────────────────────────────────────────────────────────────────────────────────────────────

    Error Context: test-results\blog-navigation-블로그-네비게이션--891c6--확인-각-포스트에-작가-프로필-이미지가-표시된다-firefox\error-context.md


[1A[2K[177/250] [Mobile Chrome] › tests\blog-navigation.spec.ts:305:9 › 블로그 네비게이션 E2E 테스트 › 시나리오 3: 개별 블로그 포스트 페이지 접근 및 콘텐츠 확인 › 포스트 상세 페이지에 작가명이 표시된다
[1A[2K[178/250] [Mobile Chrome] › tests\subscribe.spec.ts:87:7 › 구독 기능 (Subscribe Feature) › 05. 이메일 필드가 비어있으면 구독할 수 없어야 함
[1A[2K[179/250] [Mobile Safari] › tests\subscribe.spec.ts:87:7 › 구독 기능 (Subscribe Feature) › 05. 이메일 필드가 비어있으면 구독할 수 없어야 함
[1A[2K[180/250] [Mobile Chrome] › tests\blog-navigation.spec.ts:317:9 › 블로그 네비게이션 E2E 테스트 › 시나리오 3: 개별 블로그 포스트 페이지 접근 및 콘텐츠 확인 › 포스트 상세 페이지에 작가 자기소개가 표시된다
[1A[2K[181/250] [Mobile Safari] › tests\blog-navigation.spec.ts:121:9 › 블로그 네비게이션 E2E 테스트 › 시나리오 2: 블로그 목록 페이지에서 포스트 확인 › 블로그 목록 페이지로 이동할 수 있다
[1A[2K[182/250] [firefox] › tests\subscribe.spec.ts:251:7 › 구독 기능 (Subscribe Feature) › 14. 페이지 성능 확인 (로딩 시간)
[1A[2K[183/250] [Mobile Chrome] › tests\subscribe.spec.ts:100:7 › 구독 기능 (Subscribe Feature) › 06. 로딩 상태를 표시해야 함
[1A[2K[184/250] [Mobile Chrome] › tests\blog-navigation.spec.ts:328:9 › 블로그 네비게이션 E2E 테스트 › 시나리오 3: 개별 블로그 포스트 페이지 접근 및 콘텐츠 확인 › 포스트 상세 페이지에 작가 프로필 이미지가 표시된다
[1A[2K[185/250] [Mobile Safari] › tests\blog-navigation.spec.ts:129:9 › 블로그 네비게이션 E2E 테스트 › 시나리오 2: 블로그 목록 페이지에서 포스트 확인 › 블로그 페이지 제목이 표시된다
[1A[2K[186/250] [firefox] › tests\blog-navigation.spec.ts:217:9 › 블로그 네비게이션 E2E 테스트 › 시나리오 2: 블로그 목록 페이지에서 포스트 확인 › 각 포스트에 "더 읽기" 링크가 있다
[1A[2K[187/250] [Mobile Chrome] › tests\blog-navigation.spec.ts:345:9 › 블로그 네비게이션 E2E 테스트 › 시나리오 3: 개별 블로그 포스트 페이지 접근 및 콘텐츠 확인 › 다른 포스트 상세 페이지도 정상적으로 표시된다
[1A[2K[188/250] [Mobile Safari] › tests\subscribe.spec.ts:100:7 › 구독 기능 (Subscribe Feature) › 06. 로딩 상태를 표시해야 함
[1A[2K[189/250] [Mobile Chrome] › tests\subscribe.spec.ts:118:7 › 구독 기능 (Subscribe Feature) › 07. 성공 후 이메일 필드가 비워져야 함
[1A[2K[190/250] [Mobile Safari] › tests\blog-navigation.spec.ts:141:9 › 블로그 네비게이션 E2E 테스트 › 시나리오 2: 블로그 목록 페이지에서 포스트 확인 › 블로그 페이지에 설명 텍스트가 표시된다
[1A[2K[191/250] [Mobile Chrome] › tests\blog-navigation.spec.ts:370:9 › 블로그 네비게이션 E2E 테스트 › 시나리오 3: 개별 블로그 포스트 페이지 접근 및 콘텐츠 확인 › 포스트 상세 페이지에서도 Header와 Footer가 표시된다
[1A[2K[192/250] [Mobile Chrome] › tests\subscribe.spec.ts:136:7 › 구독 기능 (Subscribe Feature) › 08. 여러 개의 서로 다른 이메일로 구독할 수 있어야 함
[1A[2K[193/250] [Mobile Chrome] › tests\blog-navigation.spec.ts:386:9 › 블로그 네비게이션 E2E 테스트 › 시나리오 3: 개별 블로그 포스트 페이지 접근 및 콘텐츠 확인 › 포스트 목록에서 '더 읽기' 버튼으로 상세 페이지에 접근할 수 있다
[1A[2K[194/250] [Mobile Safari] › tests\blog-navigation.spec.ts:152:9 › 블로그 네비게이션 E2E 테스트 › 시나리오 2: 블로그 목록 페이지에서 포스트 확인 › 첫 번째 포스트가 목록에 표시된다
[1A[2K  60) [Mobile Safari] › tests\subscribe.spec.ts:100:7 › 구독 기능 (Subscribe Feature) › 06. 로딩 상태를 표시해야 함 

    [31mTest timeout of 5000ms exceeded.[39m

    Error: [2mexpect([22m[31mlocator[39m[2m).[22mtoBeVisible[2m([22m[2m)[22m failed

    Locator: locator('text=구독이 완료되었습니다')
    Expected: visible
    Error: element(s) not found

    Call log:
    [2m  - Expect "toBeVisible" with timeout 5000ms[22m
    [2m  - waiting for locator('text=구독이 완료되었습니다')[22m


      113 |
      114 |     // 로딩 후 성공 메시지 확인
    > 115 |     await expect(page.locator('text=구독이 완료되었습니다')).toBeVisible();
          |                                                    ^
      116 |   });
      117 |
      118 |   test('07. 성공 후 이메일 필드가 비워져야 함', async ({ page }) => {
        at C:\Users\user\workspaces\courses\my-project\tests\subscribe.spec.ts:115:52

    attachment #1: screenshot (image/png) ──────────────────────────────────────────────────────────
    test-results\subscribe-구독-기능-Subscribe-Feature-06-로딩-상태를-표시해야-함-Mobile-Safari\test-failed-1.png
    ────────────────────────────────────────────────────────────────────────────────────────────────

    attachment #2: video (video/webm) ──────────────────────────────────────────────────────────────
    test-results\subscribe-구독-기능-Subscribe-Feature-06-로딩-상태를-표시해야-함-Mobile-Safari\video.webm
    ────────────────────────────────────────────────────────────────────────────────────────────────

    Error Context: test-results\subscribe-구독-기능-Subscribe-Feature-06-로딩-상태를-표시해야-함-Mobile-Safari\error-context.md


[1A[2K[195/250] [Mobile Safari] › tests\blog-navigation.spec.ts:163:9 › 블로그 네비게이션 E2E 테스트 › 시나리오 2: 블로그 목록 페이지에서 포스트 확인 › 두 번째 포스트가 목록에 표시된다
[1A[2K  61) [firefox] › tests\subscribe.spec.ts:251:7 › 구독 기능 (Subscribe Feature) › 14. 페이지 성능 확인 (로딩 시간) 

    [31mTest timeout of 5000ms exceeded while running "beforeEach" hook.[39m

      2 |
      3 | test.describe('구독 기능 (Subscribe Feature)', () => {
    > 4 |   test.beforeEach(async ({ page }) => {
        |        ^
      5 |     // 각 테스트 전에 홈페이지 방문
      6 |     await page.goto('/');
      7 |   });
        at C:\Users\user\workspaces\courses\my-project\tests\subscribe.spec.ts:4:8

    attachment #1: screenshot (image/png) ──────────────────────────────────────────────────────────
    test-results\subscribe-구독-기능-Subscribe-Feature-14-페이지-성능-확인-로딩-시간--firefox\test-failed-1.png
    ────────────────────────────────────────────────────────────────────────────────────────────────

    attachment #2: video (video/webm) ──────────────────────────────────────────────────────────────
    test-results\subscribe-구독-기능-Subscribe-Feature-14-페이지-성능-확인-로딩-시간--firefox\video.webm
    ────────────────────────────────────────────────────────────────────────────────────────────────

    Error Context: test-results\subscribe-구독-기능-Subscribe-Feature-14-페이지-성능-확인-로딩-시간--firefox\error-context.md


[1A[2K  62) [Mobile Chrome] › tests\subscribe.spec.ts:136:7 › 구독 기능 (Subscribe Feature) › 08. 여러 개의 서로 다른 이메일로 구독할 수 있어야 함 

    [31mTest timeout of 5000ms exceeded.[39m

    Error: locator.fill: Test timeout of 5000ms exceeded.
    Call log:
    [2m  - waiting for locator('input[type="email"]')[22m
    [2m    - locator resolved to <input value="" required="" type="email" placeholder="이메일 주소를 입력하세요" class="flex-1 px-4 py-2 border border-gray-300 rounded-md text-gray-900 placeholder-gray-500 disabled:bg-gray-100"/>[22m


      160 |     // 세 번째 구독
      161 |     const email3 = `multi-3-${timestamp}@example.com`;
    > 162 |     await emailInput.fill(email3);
          |                      ^
      163 |     await submitButton.click();
      164 |     await expect(page.locator('text=구독이 완료되었습니다')).toBeVisible();
      165 |   });
        at C:\Users\user\workspaces\courses\my-project\tests\subscribe.spec.ts:162:22

    attachment #1: screenshot (image/png) ──────────────────────────────────────────────────────────
    test-results\subscribe-구독-기능-Subscribe--c8aca-러-개의-서로-다른-이메일로-구독할-수-있어야-함-Mobile-Chrome\test-failed-1.png
    ────────────────────────────────────────────────────────────────────────────────────────────────

    attachment #2: video (video/webm) ──────────────────────────────────────────────────────────────
    test-results\subscribe-구독-기능-Subscribe--c8aca-러-개의-서로-다른-이메일로-구독할-수-있어야-함-Mobile-Chrome\video.webm
    ────────────────────────────────────────────────────────────────────────────────────────────────

    Error Context: test-results\subscribe-구독-기능-Subscribe--c8aca-러-개의-서로-다른-이메일로-구독할-수-있어야-함-Mobile-Chrome\error-context.md


[1A[2K[196/250] [Mobile Safari] › tests\blog-navigation.spec.ts:174:9 › 블로그 네비게이션 E2E 테스트 › 시나리오 2: 블로그 목록 페이지에서 포스트 확인 › 각 포스트의 발행 날짜가 표시된다
[1A[2K  63) [firefox] › tests\blog-navigation.spec.ts:217:9 › 블로그 네비게이션 E2E 테스트 › 시나리오 2: 블로그 목록 페이지에서 포스트 확인 › 각 포스트에 "더 읽기" 링크가 있다 

    [31mTest timeout of 5000ms exceeded.[39m

    Error: page.goto: Test timeout of 5000ms exceeded.
    Call log:
    [2m  - navigating to "http://localhost:3000/blog", waiting until "load"[22m


      217 |     test('각 포스트에 "더 읽기" 링크가 있다', async ({ page }) => {
      218 |       // 1단계: 블로그 페이지로 이동
    > 219 |       await page.goto('/blog');
          |                  ^
      220 |
      221 |       // 2단계: "더 읽기" 링크 확인
      222 |       const readMoreLinks = page.getByText('더 읽기');
        at C:\Users\user\workspaces\courses\my-project\tests\blog-navigation.spec.ts:219:18

    attachment #1: screenshot (image/png) ──────────────────────────────────────────────────────────
    test-results\blog-navigation-블로그-네비게이션--aa1ee-서-포스트-확인-각-포스트에-더-읽기-링크가-있다-firefox\test-failed-1.png
    ────────────────────────────────────────────────────────────────────────────────────────────────

    attachment #2: video (video/webm) ──────────────────────────────────────────────────────────────
    test-results\blog-navigation-블로그-네비게이션--aa1ee-서-포스트-확인-각-포스트에-더-읽기-링크가-있다-firefox\video.webm
    ────────────────────────────────────────────────────────────────────────────────────────────────


[1A[2K  64) [Mobile Chrome] › tests\blog-navigation.spec.ts:386:9 › 블로그 네비게이션 E2E 테스트 › 시나리오 3: 개별 블로그 포스트 페이지 접근 및 콘텐츠 확인 › 포스트 목록에서 '더 읽기' 버튼으로 상세 페이지에 접근할 수 있다 

    Error: [2mexpect([22m[31mlocator[39m[2m).[22mtoBeVisible[2m([22m[2m)[22m failed

    Locator: getByRole('heading', { level: 1 })
    Expected: visible
    Error: strict mode violation: getByRole('heading', { level: 1 }) resolved to 2 elements:
        1) <h1 class="text-2xl font-bold text-gray-900 cursor-pointer hover:text-blue-600 transition-colors">My Awesome Site</h1> aka getByRole('link', { name: 'My Awesome Site' })
        2) <h1 class="text-3xl font-bold text-gray-900 mt-2">첫 번째 블로그 게시글</h1> aka getByRole('heading', { name: '첫 번째 블로그 게시글' })

    Call log:
    [2m  - Expect "toBeVisible" with timeout 5000ms[22m
    [2m  - waiting for getByRole('heading', { level: 1 })[22m


      399 |       // 4단계: 포스트 제목이 표시되는지 확인
      400 |       const title = page.getByRole('heading', { level: 1 });
    > 401 |       await expect(title).toBeVisible();
          |                           ^
      402 |     });
      403 |   });
      404 |
        at C:\Users\user\workspaces\courses\my-project\tests\blog-navigation.spec.ts:401:27

    attachment #1: screenshot (image/png) ──────────────────────────────────────────────────────────
    test-results\blog-navigation-블로그-네비게이션--20132--더-읽기-버튼으로-상세-페이지에-접근할-수-있다-Mobile-Chrome\test-failed-1.png
    ────────────────────────────────────────────────────────────────────────────────────────────────

    attachment #2: video (video/webm) ──────────────────────────────────────────────────────────────
    test-results\blog-navigation-블로그-네비게이션--20132--더-읽기-버튼으로-상세-페이지에-접근할-수-있다-Mobile-Chrome\video.webm
    ────────────────────────────────────────────────────────────────────────────────────────────────

    Error Context: test-results\blog-navigation-블로그-네비게이션--20132--더-읽기-버튼으로-상세-페이지에-접근할-수-있다-Mobile-Chrome\error-context.md


[1A[2K[197/250] [Mobile Safari] › tests\subscribe.spec.ts:118:7 › 구독 기능 (Subscribe Feature) › 07. 성공 후 이메일 필드가 비워져야 함
[1A[2K[198/250] [Mobile Safari] › tests\blog-navigation.spec.ts:186:9 › 블로그 네비게이션 E2E 테스트 › 시나리오 2: 블로그 목록 페이지에서 포스트 확인 › 각 포스트의 미리보기 내용이 표시된다
[1A[2K[199/250] [firefox] › tests\subscribe.spec.ts:260:7 › 구독 기능 (Subscribe Feature) › 15. API 엔드포인트 응답 검증
[1A[2K[200/250] [Mobile Chrome] › tests\subscribe.spec.ts:167:7 › 구독 기능 (Subscribe Feature) › 09. 버튼 스타일 검증 (프로젝트 규칙)
[1A[2K[201/250] [Mobile Safari] › tests\blog-navigation.spec.ts:198:9 › 블로그 네비게이션 E2E 테스트 › 시나리오 2: 블로그 목록 페이지에서 포스트 확인 › 각 포스트에 작가 정보가 표시된다
[1A[2K[202/250] [firefox] › tests\blog-navigation.spec.ts:227:9 › 블로그 네비게이션 E2E 테스트 › 시나리오 2: 블로그 목록 페이지에서 포스트 확인 › 블로그 목록 페이지에서도 Header와 Footer가 표시된다
[1A[2K[203/250] [Mobile Chrome] › tests\blog-navigation.spec.ts:409:9 › 블로그 네비게이션 E2E 테스트 › 추가 테스트: 전체 플로우 검증 › 홈페이지 → 블로그 목록 → 포스트 상세 페이지의 완전한 네비게이션 플로우
[1A[2K[204/250] [Mobile Chrome] › tests\subscribe.spec.ts:182:7 › 구독 기능 (Subscribe Feature) › 10. 모바일 환경에서도 구독할 수 있어야 함
[1A[2K  65) [Mobile Safari] › tests\blog-navigation.spec.ts:198:9 › 블로그 네비게이션 E2E 테스트 › 시나리오 2: 블로그 목록 페이지에서 포스트 확인 › 각 포스트에 작가 정보가 표시된다 

    Error: [2mexpect([22m[31mlocator[39m[2m).[22mtoBeVisible[2m([22m[2m)[22m failed

    Locator: getByText('Jane Doe')
    Expected: visible
    Error: strict mode violation: getByText('Jane Doe') resolved to 2 elements:
        1) <p class="font-semibold text-gray-900">Jane Doe</p> aka getByTestId('blog-post-0').getByText('Jane Doe')
        2) <p class="font-semibold text-gray-900">Jane Doe</p> aka getByTestId('blog-post-1').getByText('Jane Doe')

    Call log:
    [2m  - Expect "toBeVisible" with timeout 5000ms[22m
    [2m  - waiting for getByText('Jane Doe')[22m


      202 |       // 2단계: 작가명 확인
      203 |       const authorName = page.getByText('Jane Doe');
    > 204 |       await expect(authorName).toBeVisible();
          |                                ^
      205 |     });
      206 |
      207 |     test('각 포스트에 작가 프로필 이미지가 표시된다', async ({ page }) => {
        at C:\Users\user\workspaces\courses\my-project\tests\blog-navigation.spec.ts:204:32

    attachment #1: screenshot (image/png) ──────────────────────────────────────────────────────────
    test-results\blog-navigation-블로그-네비게이션--10c2b-서-포스트-확인-각-포스트에-작가-정보가-표시된다-Mobile-Safari\test-failed-1.png
    ────────────────────────────────────────────────────────────────────────────────────────────────

    attachment #2: video (video/webm) ──────────────────────────────────────────────────────────────
    test-results\blog-navigation-블로그-네비게이션--10c2b-서-포스트-확인-각-포스트에-작가-정보가-표시된다-Mobile-Safari\video.webm
    ────────────────────────────────────────────────────────────────────────────────────────────────

    Error Context: test-results\blog-navigation-블로그-네비게이션--10c2b-서-포스트-확인-각-포스트에-작가-정보가-표시된다-Mobile-Safari\error-context.md


[1A[2K  66) [Mobile Safari] › tests\subscribe.spec.ts:118:7 › 구독 기능 (Subscribe Feature) › 07. 성공 후 이메일 필드가 비워져야 함 

    [31mTest timeout of 5000ms exceeded.[39m

    Error: [2mexpect([22m[31mlocator[39m[2m).[22mtoBeVisible[2m([22m[2m)[22m failed

    Locator: locator('text=구독이 완료되었습니다')
    Expected: visible
    Error: element(s) not found

    Call log:
    [2m  - Expect "toBeVisible" with timeout 5000ms[22m
    [2m  - waiting for locator('text=구독이 완료되었습니다')[22m


      128 |
      129 |     // 성공 메시지 확인
    > 130 |     await expect(page.locator('text=구독이 완료되었습니다')).toBeVisible();
          |                                                    ^
      131 |
      132 |     // 입력 필드가 비워졌는지 확인
      133 |     await expect(emailInput).toHaveValue('');
        at C:\Users\user\workspaces\courses\my-project\tests\subscribe.spec.ts:130:52

    attachment #1: screenshot (image/png) ──────────────────────────────────────────────────────────
    test-results\subscribe-구독-기능-Subscribe-Feature-07-성공-후-이메일-필드가-비워져야-함-Mobile-Safari\test-failed-1.png
    ────────────────────────────────────────────────────────────────────────────────────────────────

    attachment #2: video (video/webm) ──────────────────────────────────────────────────────────────
    test-results\subscribe-구독-기능-Subscribe-Feature-07-성공-후-이메일-필드가-비워져야-함-Mobile-Safari\video.webm
    ────────────────────────────────────────────────────────────────────────────────────────────────

    Error Context: test-results\subscribe-구독-기능-Subscribe-Feature-07-성공-후-이메일-필드가-비워져야-함-Mobile-Safari\error-context.md


[1A[2K[205/250] [Mobile Chrome] › tests\subscribe.spec.ts:198:7 › 구독 기능 (Subscribe Feature) › 11. 브라우저 백 버튼 후에도 폼이 정상 작동해야 함
[1A[2K[206/250] [firefox] › tests\blog-navigation.spec.ts:248:9 › 블로그 네비게이션 E2E 테스트 › 시나리오 3: 개별 블로그 포스트 페이지 접근 및 콘텐츠 확인 › 블로그 목록에서 첫 번째 포스트 제목을 클릭하면 상세 페이지로 이동한다
[1A[2K  67) [Mobile Chrome] › tests\blog-navigation.spec.ts:409:9 › 블로그 네비게이션 E2E 테스트 › 추가 테스트: 전체 플로우 검증 › 홈페이지 → 블로그 목록 → 포스트 상세 페이지의 완전한 네비게이션 플로우 

    [31mTest timeout of 5000ms exceeded.[39m

    Error: [2mexpect([22m[31mpage[39m[2m).[22mtoHaveTitle[2m([22m[32mexpected[39m[2m)[22m failed

    Expected pattern: [32m/Home/[39m
    Received string:  [31m"Create Next App"[39m

    Call log:
    [2m  - Expect "toHaveTitle" with timeout 5000ms[22m
    [2m    8 × unexpected value "Create Next App"[22m


      412 |       // 1단계: 홈페이지 접속
      413 |       await page.goto('/');
    > 414 |       await expect(page).toHaveTitle(/Home/);
          |                          ^
      415 |
      416 |       // 2단계: 블로그 페이지로 이동
      417 |       await page.goto('/blog');
        at C:\Users\user\workspaces\courses\my-project\tests\blog-navigation.spec.ts:414:26

    attachment #1: screenshot (image/png) ──────────────────────────────────────────────────────────
    test-results\blog-navigation-블로그-네비게이션--00cef-→-포스트-상세-페이지의-완전한-네비게이션-플로우-Mobile-Chrome\test-failed-1.png
    ────────────────────────────────────────────────────────────────────────────────────────────────

    attachment #2: video (video/webm) ──────────────────────────────────────────────────────────────
    test-results\blog-navigation-블로그-네비게이션--00cef-→-포스트-상세-페이지의-완전한-네비게이션-플로우-Mobile-Chrome\video.webm
    ────────────────────────────────────────────────────────────────────────────────────────────────

    Error Context: test-results\blog-navigation-블로그-네비게이션--00cef-→-포스트-상세-페이지의-완전한-네비게이션-플로우-Mobile-Chrome\error-context.md


[1A[2K  68) [firefox] › tests\subscribe.spec.ts:260:7 › 구독 기능 (Subscribe Feature) › 15. API 엔드포인트 응답 검증 ──

    [31mTest timeout of 5000ms exceeded.[39m

    Error: page.waitForTimeout: Test timeout of 5000ms exceeded.

      278 |
      279 |     // API 응답 대기
    > 280 |     await page.waitForTimeout(1000);
          |                ^
      281 |
      282 |     // API가 호출되었는지 확인
      283 |     expect(apiResponse).not.toBeNull();
        at C:\Users\user\workspaces\courses\my-project\tests\subscribe.spec.ts:280:16

    attachment #1: screenshot (image/png) ──────────────────────────────────────────────────────────
    test-results\subscribe-구독-기능-Subscribe-Feature-15-API-엔드포인트-응답-검증-firefox\test-failed-1.png
    ────────────────────────────────────────────────────────────────────────────────────────────────

    attachment #2: video (video/webm) ──────────────────────────────────────────────────────────────
    test-results\subscribe-구독-기능-Subscribe-Feature-15-API-엔드포인트-응답-검증-firefox\video.webm
    ────────────────────────────────────────────────────────────────────────────────────────────────

    Error Context: test-results\subscribe-구독-기능-Subscribe-Feature-15-API-엔드포인트-응답-검증-firefox\error-context.md


[1A[2K[207/250] [Mobile Safari] › tests\blog-navigation.spec.ts:207:9 › 블로그 네비게이션 E2E 테스트 › 시나리오 2: 블로그 목록 페이지에서 포스트 확인 › 각 포스트에 작가 프로필 이미지가 표시된다
[1A[2K[208/250] [Mobile Safari] › tests\subscribe.spec.ts:136:7 › 구독 기능 (Subscribe Feature) › 08. 여러 개의 서로 다른 이메일로 구독할 수 있어야 함
[1A[2K[209/250] [firefox] › tests\blog-navigation.spec.ts:264:9 › 블로그 네비게이션 E2E 테스트 › 시나리오 3: 개별 블로그 포스트 페이지 접근 및 콘텐츠 확인 › 포스트 상세 페이지에 포스트 제목이 표시된다
[1A[2K[210/250] [Mobile Safari] › tests\blog-navigation.spec.ts:217:9 › 블로그 네비게이션 E2E 테스트 › 시나리오 2: 블로그 목록 페이지에서 포스트 확인 › 각 포스트에 "더 읽기" 링크가 있다
[1A[2K  69) [Mobile Chrome] › tests\subscribe.spec.ts:198:7 › 구독 기능 (Subscribe Feature) › 11. 브라우저 백 버튼 후에도 폼이 정상 작동해야 함 

    [31mTest timeout of 5000ms exceeded.[39m

    Error: [2mexpect([22m[31mlocator[39m[2m).[22mtoBeVisible[2m([22m[2m)[22m failed

    Locator: locator('text=구독이 완료되었습니다')
    Expected: visible
    Error: element(s) not found

    Call log:
    [2m  - Expect "toBeVisible" with timeout 5000ms[22m
    [2m  - waiting for locator('text=구독이 완료되었습니다')[22m
    [2m    - waiting for" http://localhost:3000/?" navigation to finish...[22m
    [2m    - navigated to "http://localhost:3000/?"[22m


      215 |     await submitButton.click();
      216 |
    > 217 |     await expect(page.locator('text=구독이 완료되었습니다')).toBeVisible();
          |                                                    ^
      218 |   });
      219 |
      220 |   test('12. 아주 긴 이메일 주소로도 구독할 수 있어야 함', async ({ page }) => {
        at C:\Users\user\workspaces\courses\my-project\tests\subscribe.spec.ts:217:52

    attachment #1: screenshot (image/png) ──────────────────────────────────────────────────────────
    test-results\subscribe-구독-기능-Subscribe--f8f17--브라우저-백-버튼-후에도-폼이-정상-작동해야-함-Mobile-Chrome\test-failed-1.png
    ────────────────────────────────────────────────────────────────────────────────────────────────

    attachment #2: video (video/webm) ──────────────────────────────────────────────────────────────
    test-results\subscribe-구독-기능-Subscribe--f8f17--브라우저-백-버튼-후에도-폼이-정상-작동해야-함-Mobile-Chrome\video.webm
    ────────────────────────────────────────────────────────────────────────────────────────────────

    Error Context: test-results\subscribe-구독-기능-Subscribe--f8f17--브라우저-백-버튼-후에도-폼이-정상-작동해야-함-Mobile-Chrome\error-context.md


[1A[2K[211/250] [Mobile Chrome] › tests\blog-navigation.spec.ts:446:9 › 블로그 네비게이션 E2E 테스트 › 추가 테스트: 전체 플로우 검증 › 페이지 로드 성능 기본 검증
[1A[2K[212/250] [firefox] › tests\blog-navigation.spec.ts:276:9 › 블로그 네비게이션 E2E 테스트 › 시나리오 3: 개별 블로그 포스트 페이지 접근 및 콘텐츠 확인 › 포스트 상세 페이지에 발행 날짜가 표시된다
[1A[2K[213/250] [Mobile Safari] › tests\blog-navigation.spec.ts:227:9 › 블로그 네비게이션 E2E 테스트 › 시나리오 2: 블로그 목록 페이지에서 포스트 확인 › 블로그 목록 페이지에서도 Header와 Footer가 표시된다
[1A[2K[214/250] [firefox] › tests\blog-navigation.spec.ts:285:9 › 블로그 네비게이션 E2E 테스트 › 시나리오 3: 개별 블로그 포스트 페이지 접근 및 콘텐츠 확인 › 포스트 상세 페이지에 전체 콘텐츠가 표시된다
[1A[2K[215/250] [Mobile Chrome] › tests\blog-navigation.spec.ts:459:9 › 블로그 네비게이션 E2E 테스트 › 추가 테스트: 전체 플로우 검증 › 반응형 디자인 검증 - 모바일 뷰에서도 정상 작동
[1A[2K[216/250] [Mobile Safari] › tests\blog-navigation.spec.ts:248:9 › 블로그 네비게이션 E2E 테스트 › 시나리오 3: 개별 블로그 포스트 페이지 접근 및 콘텐츠 확인 › 블로그 목록에서 첫 번째 포스트 제목을 클릭하면 상세 페이지로 이동한다
[1A[2K[217/250] [Mobile Chrome] › tests\subscribe.spec.ts:220:7 › 구독 기능 (Subscribe Feature) › 12. 아주 긴 이메일 주소로도 구독할 수 있어야 함
[1A[2K  70) [Mobile Safari] › tests\subscribe.spec.ts:136:7 › 구독 기능 (Subscribe Feature) › 08. 여러 개의 서로 다른 이메일로 구독할 수 있어야 함 

    [31mTest timeout of 5000ms exceeded.[39m

    Error: [2mexpect([22m[31mlocator[39m[2m).[22mtoBeVisible[2m([22m[2m)[22m failed

    Locator: locator('text=구독이 완료되었습니다')
    Expected: visible
    Error: element(s) not found

    Call log:
    [2m  - Expect "toBeVisible" with timeout 5000ms[22m
    [2m  - waiting for locator('text=구독이 완료되었습니다')[22m


      144 |     await emailInput.fill(email1);
      145 |     await submitButton.click();
    > 146 |     await expect(page.locator('text=구독이 완료되었습니다')).toBeVisible();
          |                                                    ^
      147 |
      148 |     // 페이지 새로고침 (메시지 숨김)
      149 |     await page.reload();
        at C:\Users\user\workspaces\courses\my-project\tests\subscribe.spec.ts:146:52

    attachment #1: screenshot (image/png) ──────────────────────────────────────────────────────────
    test-results\subscribe-구독-기능-Subscribe--c8aca-러-개의-서로-다른-이메일로-구독할-수-있어야-함-Mobile-Safari\test-failed-1.png
    ────────────────────────────────────────────────────────────────────────────────────────────────

    attachment #2: video (video/webm) ──────────────────────────────────────────────────────────────
    test-results\subscribe-구독-기능-Subscribe--c8aca-러-개의-서로-다른-이메일로-구독할-수-있어야-함-Mobile-Safari\video.webm
    ────────────────────────────────────────────────────────────────────────────────────────────────

    Error Context: test-results\subscribe-구독-기능-Subscribe--c8aca-러-개의-서로-다른-이메일로-구독할-수-있어야-함-Mobile-Safari\error-context.md


[1A[2K[218/250] [firefox] › tests\blog-navigation.spec.ts:296:9 › 블로그 네비게이션 E2E 테스트 › 시나리오 3: 개별 블로그 포스트 페이지 접근 및 콘텐츠 확인 › 포스트 상세 페이지에 작가 정보 섹션이 표시된다
[1A[2K[219/250] [Mobile Chrome] › tests\subscribe.spec.ts:234:7 › 구독 기능 (Subscribe Feature) › 13. 특수 문자가 포함된 이메일로는 구독할 수 없어야 함
[1A[2K[220/250] [Mobile Safari] › tests\blog-navigation.spec.ts:264:9 › 블로그 네비게이션 E2E 테스트 › 시나리오 3: 개별 블로그 포스트 페이지 접근 및 콘텐츠 확인 › 포스트 상세 페이지에 포스트 제목이 표시된다
[1A[2K[221/250] [firefox] › tests\blog-navigation.spec.ts:305:9 › 블로그 네비게이션 E2E 테스트 › 시나리오 3: 개별 블로그 포스트 페이지 접근 및 콘텐츠 확인 › 포스트 상세 페이지에 작가명이 표시된다
[1A[2K[222/250] [firefox] › tests\blog-navigation.spec.ts:317:9 › 블로그 네비게이션 E2E 테스트 › 시나리오 3: 개별 블로그 포스트 페이지 접근 및 콘텐츠 확인 › 포스트 상세 페이지에 작가 자기소개가 표시된다
[1A[2K[223/250] [Mobile Safari] › tests\blog-navigation.spec.ts:276:9 › 블로그 네비게이션 E2E 테스트 › 시나리오 3: 개별 블로그 포스트 페이지 접근 및 콘텐츠 확인 › 포스트 상세 페이지에 발행 날짜가 표시된다
[1A[2K[224/250] [Mobile Safari] › tests\subscribe.spec.ts:167:7 › 구독 기능 (Subscribe Feature) › 09. 버튼 스타일 검증 (프로젝트 규칙)
[1A[2K[225/250] [firefox] › tests\blog-navigation.spec.ts:328:9 › 블로그 네비게이션 E2E 테스트 › 시나리오 3: 개별 블로그 포스트 페이지 접근 및 콘텐츠 확인 › 포스트 상세 페이지에 작가 프로필 이미지가 표시된다
[1A[2K[226/250] [Mobile Safari] › tests\blog-navigation.spec.ts:285:9 › 블로그 네비게이션 E2E 테스트 › 시나리오 3: 개별 블로그 포스트 페이지 접근 및 콘텐츠 확인 › 포스트 상세 페이지에 전체 콘텐츠가 표시된다
[1A[2K[227/250] [Mobile Safari] › tests\subscribe.spec.ts:182:7 › 구독 기능 (Subscribe Feature) › 10. 모바일 환경에서도 구독할 수 있어야 함
[1A[2K[228/250] [firefox] › tests\blog-navigation.spec.ts:345:9 › 블로그 네비게이션 E2E 테스트 › 시나리오 3: 개별 블로그 포스트 페이지 접근 및 콘텐츠 확인 › 다른 포스트 상세 페이지도 정상적으로 표시된다
[1A[2K[229/250] [Mobile Safari] › tests\blog-navigation.spec.ts:296:9 › 블로그 네비게이션 E2E 테스트 › 시나리오 3: 개별 블로그 포스트 페이지 접근 및 콘텐츠 확인 › 포스트 상세 페이지에 작가 정보 섹션이 표시된다
[1A[2K  71) [Mobile Chrome] › tests\subscribe.spec.ts:234:7 › 구독 기능 (Subscribe Feature) › 13. 특수 문자가 포함된 이메일로는 구독할 수 없어야 함 

    [31mTest timeout of 5000ms exceeded.[39m

    Error: [2mexpect([22m[31mlocator[39m[2m).[22mtoBeVisible[2m([22m[2m)[22m failed

    Locator: locator('text=구독이 완료되었습니다')
    Expected: visible
    Error: element(s) not found

    Call log:
    [2m  - Expect "toBeVisible" with timeout 5000ms[22m
    [2m  - waiting for locator('text=구독이 완료되었습니다')[22m


      239 |     await emailInput.fill('user+tag@example.com'); // + 기호는 유효함
      240 |     await submitButton.click();
    > 241 |     await expect(page.locator('text=구독이 완료되었습니다')).toBeVisible();
          |                                                    ^
      242 |
      243 |     await page.reload();
      244 |
        at C:\Users\user\workspaces\courses\my-project\tests\subscribe.spec.ts:241:52

    attachment #1: screenshot (image/png) ──────────────────────────────────────────────────────────
    test-results\subscribe-구독-기능-Subscribe--1c514-수-문자가-포함된-이메일로는-구독할-수-없어야-함-Mobile-Chrome\test-failed-1.png
    ────────────────────────────────────────────────────────────────────────────────────────────────

    attachment #2: video (video/webm) ──────────────────────────────────────────────────────────────
    test-results\subscribe-구독-기능-Subscribe--1c514-수-문자가-포함된-이메일로는-구독할-수-없어야-함-Mobile-Chrome\video.webm
    ────────────────────────────────────────────────────────────────────────────────────────────────

    Error Context: test-results\subscribe-구독-기능-Subscribe--1c514-수-문자가-포함된-이메일로는-구독할-수-없어야-함-Mobile-Chrome\error-context.md


[1A[2K[230/250] [firefox] › tests\blog-navigation.spec.ts:370:9 › 블로그 네비게이션 E2E 테스트 › 시나리오 3: 개별 블로그 포스트 페이지 접근 및 콘텐츠 확인 › 포스트 상세 페이지에서도 Header와 Footer가 표시된다
[1A[2K[231/250] [Mobile Safari] › tests\blog-navigation.spec.ts:305:9 › 블로그 네비게이션 E2E 테스트 › 시나리오 3: 개별 블로그 포스트 페이지 접근 및 콘텐츠 확인 › 포스트 상세 페이지에 작가명이 표시된다
[1A[2K[232/250] [firefox] › tests\blog-navigation.spec.ts:386:9 › 블로그 네비게이션 E2E 테스트 › 시나리오 3: 개별 블로그 포스트 페이지 접근 및 콘텐츠 확인 › 포스트 목록에서 '더 읽기' 버튼으로 상세 페이지에 접근할 수 있다
[1A[2K[233/250] [Mobile Safari] › tests\blog-navigation.spec.ts:317:9 › 블로그 네비게이션 E2E 테스트 › 시나리오 3: 개별 블로그 포스트 페이지 접근 및 콘텐츠 확인 › 포스트 상세 페이지에 작가 자기소개가 표시된다
[1A[2K[234/250] [Mobile Chrome] › tests\subscribe.spec.ts:251:7 › 구독 기능 (Subscribe Feature) › 14. 페이지 성능 확인 (로딩 시간)
[1A[2K  72) [Mobile Safari] › tests\subscribe.spec.ts:182:7 › 구독 기능 (Subscribe Feature) › 10. 모바일 환경에서도 구독할 수 있어야 함 

    [31mTest timeout of 5000ms exceeded.[39m

    Error: [2mexpect([22m[31mlocator[39m[2m).[22mtoBeVisible[2m([22m[2m)[22m failed

    Locator: locator('text=구독이 완료되었습니다')
    Expected: visible
    Error: element(s) not found

    Call log:
    [2m  - Expect "toBeVisible" with timeout 5000ms[22m
    [2m  - waiting for locator('text=구독이 완료되었습니다')[22m


      193 |
      194 |     // 성공 메시지 확인
    > 195 |     await expect(page.locator('text=구독이 완료되었습니다')).toBeVisible();
          |                                                    ^
      196 |   });
      197 |
      198 |   test('11. 브라우저 백 버튼 후에도 폼이 정상 작동해야 함', async ({ page }) => {
        at C:\Users\user\workspaces\courses\my-project\tests\subscribe.spec.ts:195:52

    attachment #1: screenshot (image/png) ──────────────────────────────────────────────────────────
    test-results\subscribe-구독-기능-Subscribe-Feature-10-모바일-환경에서도-구독할-수-있어야-함-Mobile-Safari\test-failed-1.png
    ────────────────────────────────────────────────────────────────────────────────────────────────

    attachment #2: video (video/webm) ──────────────────────────────────────────────────────────────
    test-results\subscribe-구독-기능-Subscribe-Feature-10-모바일-환경에서도-구독할-수-있어야-함-Mobile-Safari\video.webm
    ────────────────────────────────────────────────────────────────────────────────────────────────

    Error Context: test-results\subscribe-구독-기능-Subscribe-Feature-10-모바일-환경에서도-구독할-수-있어야-함-Mobile-Safari\error-context.md


[1A[2K[235/250] [Mobile Chrome] › tests\subscribe.spec.ts:260:7 › 구독 기능 (Subscribe Feature) › 15. API 엔드포인트 응답 검증
[1A[2K  73) [firefox] › tests\blog-navigation.spec.ts:386:9 › 블로그 네비게이션 E2E 테스트 › 시나리오 3: 개별 블로그 포스트 페이지 접근 및 콘텐츠 확인 › 포스트 목록에서 '더 읽기' 버튼으로 상세 페이지에 접근할 수 있다 

    Error: [2mexpect([22m[31mlocator[39m[2m).[22mtoBeVisible[2m([22m[2m)[22m failed

    Locator: getByRole('heading', { level: 1 })
    Expected: visible
    Error: strict mode violation: getByRole('heading', { level: 1 }) resolved to 2 elements:
        1) <h1 class="text-2xl font-bold text-gray-900 cursor-pointer hover:text-blue-600 transition-colors">My Awesome Site</h1> aka getByRole('link', { name: 'My Awesome Site' })
        2) <h1 class="text-3xl font-bold text-gray-900 mt-2">첫 번째 블로그 게시글</h1> aka getByRole('heading', { name: '첫 번째 블로그 게시글' })

    Call log:
    [2m  - Expect "toBeVisible" with timeout 5000ms[22m
    [2m  - waiting for getByRole('heading', { level: 1 })[22m


      399 |       // 4단계: 포스트 제목이 표시되는지 확인
      400 |       const title = page.getByRole('heading', { level: 1 });
    > 401 |       await expect(title).toBeVisible();
          |                           ^
      402 |     });
      403 |   });
      404 |
        at C:\Users\user\workspaces\courses\my-project\tests\blog-navigation.spec.ts:401:27

    attachment #1: screenshot (image/png) ──────────────────────────────────────────────────────────
    test-results\blog-navigation-블로그-네비게이션--20132--더-읽기-버튼으로-상세-페이지에-접근할-수-있다-firefox\test-failed-1.png
    ────────────────────────────────────────────────────────────────────────────────────────────────

    attachment #2: video (video/webm) ──────────────────────────────────────────────────────────────
    test-results\blog-navigation-블로그-네비게이션--20132--더-읽기-버튼으로-상세-페이지에-접근할-수-있다-firefox\video.webm
    ────────────────────────────────────────────────────────────────────────────────────────────────

    Error Context: test-results\blog-navigation-블로그-네비게이션--20132--더-읽기-버튼으로-상세-페이지에-접근할-수-있다-firefox\error-context.md


[1A[2K[236/250] [Mobile Safari] › tests\blog-navigation.spec.ts:328:9 › 블로그 네비게이션 E2E 테스트 › 시나리오 3: 개별 블로그 포스트 페이지 접근 및 콘텐츠 확인 › 포스트 상세 페이지에 작가 프로필 이미지가 표시된다
[1A[2K[237/250] [Mobile Safari] › tests\subscribe.spec.ts:198:7 › 구독 기능 (Subscribe Feature) › 11. 브라우저 백 버튼 후에도 폼이 정상 작동해야 함
[1A[2K[238/250] [Mobile Safari] › tests\blog-navigation.spec.ts:345:9 › 블로그 네비게이션 E2E 테스트 › 시나리오 3: 개별 블로그 포스트 페이지 접근 및 콘텐츠 확인 › 다른 포스트 상세 페이지도 정상적으로 표시된다
[1A[2K[239/250] [firefox] › tests\blog-navigation.spec.ts:409:9 › 블로그 네비게이션 E2E 테스트 › 추가 테스트: 전체 플로우 검증 › 홈페이지 → 블로그 목록 → 포스트 상세 페이지의 완전한 네비게이션 플로우
[1A[2K[240/250] [Mobile Safari] › tests\blog-navigation.spec.ts:370:9 › 블로그 네비게이션 E2E 테스트 › 시나리오 3: 개별 블로그 포스트 페이지 접근 및 콘텐츠 확인 › 포스트 상세 페이지에서도 Header와 Footer가 표시된다
[1A[2K[241/250] [Mobile Safari] › tests\blog-navigation.spec.ts:386:9 › 블로그 네비게이션 E2E 테스트 › 시나리오 3: 개별 블로그 포스트 페이지 접근 및 콘텐츠 확인 › 포스트 목록에서 '더 읽기' 버튼으로 상세 페이지에 접근할 수 있다
[1A[2K[242/250] [Mobile Safari] › tests\subscribe.spec.ts:220:7 › 구독 기능 (Subscribe Feature) › 12. 아주 긴 이메일 주소로도 구독할 수 있어야 함
[1A[2K  74) [Mobile Safari] › tests\blog-navigation.spec.ts:386:9 › 블로그 네비게이션 E2E 테스트 › 시나리오 3: 개별 블로그 포스트 페이지 접근 및 콘텐츠 확인 › 포스트 목록에서 '더 읽기' 버튼으로 상세 페이지에 접근할 수 있다 

    Error: [2mexpect([22m[31mlocator[39m[2m).[22mtoBeVisible[2m([22m[2m)[22m failed

    Locator: getByRole('heading', { level: 1 })
    Expected: visible
    Error: strict mode violation: getByRole('heading', { level: 1 }) resolved to 2 elements:
        1) <h1 class="text-2xl font-bold text-gray-900 cursor-pointer hover:text-blue-600 transition-colors">My Awesome Site</h1> aka getByRole('link', { name: 'My Awesome Site' })
        2) <h1 class="text-3xl font-bold text-gray-900 mt-2">첫 번째 블로그 게시글</h1> aka getByRole('heading', { name: '첫 번째 블로그 게시글' })

    Call log:
    [2m  - Expect "toBeVisible" with timeout 5000ms[22m
    [2m  - waiting for getByRole('heading', { level: 1 })[22m


      399 |       // 4단계: 포스트 제목이 표시되는지 확인
      400 |       const title = page.getByRole('heading', { level: 1 });
    > 401 |       await expect(title).toBeVisible();
          |                           ^
      402 |     });
      403 |   });
      404 |
        at C:\Users\user\workspaces\courses\my-project\tests\blog-navigation.spec.ts:401:27

    attachment #1: screenshot (image/png) ──────────────────────────────────────────────────────────
    test-results\blog-navigation-블로그-네비게이션--20132--더-읽기-버튼으로-상세-페이지에-접근할-수-있다-Mobile-Safari\test-failed-1.png
    ────────────────────────────────────────────────────────────────────────────────────────────────

    Error Context: test-results\blog-navigation-블로그-네비게이션--20132--더-읽기-버튼으로-상세-페이지에-접근할-수-있다-Mobile-Safari\error-context.md


[1A[2K[243/250] [Mobile Safari] › tests\blog-navigation.spec.ts:409:9 › 블로그 네비게이션 E2E 테스트 › 추가 테스트: 전체 플로우 검증 › 홈페이지 → 블로그 목록 → 포스트 상세 페이지의 완전한 네비게이션 플로우
[1A[2K  75) [Mobile Safari] › tests\blog-navigation.spec.ts:409:9 › 블로그 네비게이션 E2E 테스트 › 추가 테스트: 전체 플로우 검증 › 홈페이지 → 블로그 목록 → 포스트 상세 페이지의 완전한 네비게이션 플로우 

    Error: worker process exited unexpectedly (code=3221225794, signal=null)


[1A[2K[244/250] [Mobile Safari] › tests\blog-navigation.spec.ts:446:9 › 블로그 네비게이션 E2E 테스트 › 추가 테스트: 전체 플로우 검증 › 페이지 로드 성능 기본 검증
[1A[2K[245/250] [Mobile Safari] › tests\blog-navigation.spec.ts:459:9 › 블로그 네비게이션 E2E 테스트 › 추가 테스트: 전체 플로우 검증 › 반응형 디자인 검증 - 모바일 뷰에서도 정상 작동
[1A[2K  76) [firefox] › tests\blog-navigation.spec.ts:409:9 › 블로그 네비게이션 E2E 테스트 › 추가 테스트: 전체 플로우 검증 › 홈페이지 → 블로그 목록 → 포스트 상세 페이지의 완전한 네비게이션 플로우 

    [31mTest timeout of 5000ms exceeded.[39m

    Error: [2mexpect([22m[31mpage[39m[2m).[22mtoHaveTitle[2m([22m[32mexpected[39m[2m)[22m failed

    Expected pattern: [32m/Home/[39m
    Received string:  [31m"Create Next App"[39m

    Call log:
    [2m  - Expect "toHaveTitle" with timeout 5000ms[22m
    [2m    6 × unexpected value "Create Next App"[22m


      412 |       // 1단계: 홈페이지 접속
      413 |       await page.goto('/');
    > 414 |       await expect(page).toHaveTitle(/Home/);
          |                          ^
      415 |
      416 |       // 2단계: 블로그 페이지로 이동
      417 |       await page.goto('/blog');
        at C:\Users\user\workspaces\courses\my-project\tests\blog-navigation.spec.ts:414:26

    attachment #1: screenshot (image/png) ──────────────────────────────────────────────────────────
    test-results\blog-navigation-블로그-네비게이션--00cef-→-포스트-상세-페이지의-완전한-네비게이션-플로우-firefox\test-failed-1.png
    ────────────────────────────────────────────────────────────────────────────────────────────────

    Error Context: test-results\blog-navigation-블로그-네비게이션--00cef-→-포스트-상세-페이지의-완전한-네비게이션-플로우-firefox\error-context.md


[1A[2K[246/250] [firefox] › tests\blog-navigation.spec.ts:446:9 › 블로그 네비게이션 E2E 테스트 › 추가 테스트: 전체 플로우 검증 › 페이지 로드 성능 기본 검증
[1A[2K  77) [firefox] › tests\blog-navigation.spec.ts:446:9 › 블로그 네비게이션 E2E 테스트 › 추가 테스트: 전체 플로우 검증 › 페이지 로드 성능 기본 검증 

    Error: worker process exited unexpectedly (code=3221225794, signal=null)


[1A[2K[247/250] [firefox] › tests\blog-navigation.spec.ts:459:9 › 블로그 네비게이션 E2E 테스트 › 추가 테스트: 전체 플로우 검증 › 반응형 디자인 검증 - 모바일 뷰에서도 정상 작동
[1A[2K  78) [Mobile Safari] › tests\subscribe.spec.ts:220:7 › 구독 기능 (Subscribe Feature) › 12. 아주 긴 이메일 주소로도 구독할 수 있어야 함 

    [31mTest timeout of 5000ms exceeded.[39m

    Error: [2mexpect([22m[31mlocator[39m[2m).[22mtoBeVisible[2m([22m[2m)[22m failed

    Locator: locator('text=구독이 완료되었습니다')
    Expected: visible
    Error: element(s) not found

    Call log:
    [2m  - Expect "toBeVisible" with timeout 5000ms[22m
    [2m  - waiting for locator('text=구독이 완료되었습니다')[22m


      229 |
      230 |     // 성공 메시지 확인
    > 231 |     await expect(page.locator('text=구독이 완료되었습니다')).toBeVisible();
          |                                                    ^
      232 |   });
      233 |
      234 |   test('13. 특수 문자가 포함된 이메일로는 구독할 수 없어야 함', async ({ page }) => {
        at C:\Users\user\workspaces\courses\my-project\tests\subscribe.spec.ts:231:52

    attachment #1: screenshot (image/png) ──────────────────────────────────────────────────────────
    test-results\subscribe-구독-기능-Subscribe--e0f0b-2-아주-긴-이메일-주소로도-구독할-수-있어야-함-Mobile-Safari\test-failed-1.png
    ────────────────────────────────────────────────────────────────────────────────────────────────

    Error Context: test-results\subscribe-구독-기능-Subscribe--e0f0b-2-아주-긴-이메일-주소로도-구독할-수-있어야-함-Mobile-Safari\error-context.md


[1A[2K[248/250] [Mobile Safari] › tests\subscribe.spec.ts:234:7 › 구독 기능 (Subscribe Feature) › 13. 특수 문자가 포함된 이메일로는 구독할 수 없어야 함
[1A[2K  79) [Mobile Safari] › tests\subscribe.spec.ts:234:7 › 구독 기능 (Subscribe Feature) › 13. 특수 문자가 포함된 이메일로는 구독할 수 없어야 함 

    Error: worker process exited unexpectedly (code=3221225794, signal=null)


[1A[2K[249/250] [Mobile Safari] › tests\subscribe.spec.ts:251:7 › 구독 기능 (Subscribe Feature) › 14. 페이지 성능 확인 (로딩 시간)
[1A[2K[250/250] [Mobile Safari] › tests\subscribe.spec.ts:260:7 › 구독 기능 (Subscribe Feature) › 15. API 엔드포인트 응답 검증
[1A[2K  79 failed
    [chromium] › tests\blog-navigation.spec.ts:8:9 › 블로그 네비게이션 E2E 테스트 › 시나리오 1: 홈페이지 접속 및 기본 요소 확인 › 홈페이지가 정상적으로 로드된다 
    [chromium] › tests\blog-navigation.spec.ts:121:9 › 블로그 네비게이션 E2E 테스트 › 시나리오 2: 블로그 목록 페이지에서 포스트 확인 › 블로그 목록 페이지로 이동할 수 있다 
    [chromium] › tests\blog-navigation.spec.ts:198:9 › 블로그 네비게이션 E2E 테스트 › 시나리오 2: 블로그 목록 페이지에서 포스트 확인 › 각 포스트에 작가 정보가 표시된다 
    [chromium] › tests\blog-navigation.spec.ts:248:9 › 블로그 네비게이션 E2E 테스트 › 시나리오 3: 개별 블로그 포스트 페이지 접근 및 콘텐츠 확인 › 블로그 목록에서 첫 번째 포스트 제목을 클릭하면 상세 페이지로 이동한다 
    [chromium] › tests\blog-navigation.spec.ts:386:9 › 블로그 네비게이션 E2E 테스트 › 시나리오 3: 개별 블로그 포스트 페이지 접근 및 콘텐츠 확인 › 포스트 목록에서 '더 읽기' 버튼으로 상세 페이지에 접근할 수 있다 
    [chromium] › tests\blog-navigation.spec.ts:409:9 › 블로그 네비게이션 E2E 테스트 › 추가 테스트: 전체 플로우 검증 › 홈페이지 → 블로그 목록 → 포스트 상세 페이지의 완전한 네비게이션 플로우 
    [chromium] › tests\subscribe.spec.ts:20:7 › 구독 기능 (Subscribe Feature) › 02. 유효한 이메일로 구독할 수 있어야 함 
    [chromium] › tests\subscribe.spec.ts:42:7 › 구독 기능 (Subscribe Feature) › 03. 이미 구독 중인 이메일로는 중복 구독이 불가능해야 함 
    [chromium] › tests\subscribe.spec.ts:74:7 › 구독 기능 (Subscribe Feature) › 04. 잘못된 이메일 형식으로는 구독할 수 없어야 함 
    [chromium] › tests\subscribe.spec.ts:220:7 › 구독 기능 (Subscribe Feature) › 12. 아주 긴 이메일 주소로도 구독할 수 있어야 함 
    [chromium] › tests\subscribe.spec.ts:234:7 › 구독 기능 (Subscribe Feature) › 13. 특수 문자가 포함된 이메일로는 구독할 수 없어야 함 
    [firefox] › tests\blog-navigation.spec.ts:8:9 › 블로그 네비게이션 E2E 테스트 › 시나리오 1: 홈페이지 접속 및 기본 요소 확인 › 홈페이지가 정상적으로 로드된다 
    [firefox] › tests\blog-navigation.spec.ts:16:9 › 블로그 네비게이션 E2E 테스트 › 시나리오 1: 홈페이지 접속 및 기본 요소 확인 › 네비게이션 바(Header)가 표시된다 
    [firefox] › tests\blog-navigation.spec.ts:25:9 › 블로그 네비게이션 E2E 테스트 › 시나리오 1: 홈페이지 접속 및 기본 요소 확인 › 사이트 로고/제목이 네비게이션 바에 표시된다 
    [firefox] › tests\blog-navigation.spec.ts:37:9 › 블로그 네비게이션 E2E 테스트 › 시나리오 1: 홈페이지 접속 및 기본 요소 확인 › 네비게이션 바에 "가입하기" 버튼이 있다 
    [firefox] › tests\blog-navigation.spec.ts:46:9 › 블로그 네비게이션 E2E 테스트 › 시나리오 1: 홈페이지 접속 및 기본 요소 확인 › 메인 콘텐츠가 표시된다 
    [firefox] › tests\blog-navigation.spec.ts:121:9 › 블로그 네비게이션 E2E 테스트 › 시나리오 2: 블로그 목록 페이지에서 포스트 확인 › 블로그 목록 페이지로 이동할 수 있다 
    [firefox] › tests\blog-navigation.spec.ts:129:9 › 블로그 네비게이션 E2E 테스트 › 시나리오 2: 블로그 목록 페이지에서 포스트 확인 › 블로그 페이지 제목이 표시된다 
    [firefox] › tests\blog-navigation.spec.ts:198:9 › 블로그 네비게이션 E2E 테스트 › 시나리오 2: 블로그 목록 페이지에서 포스트 확인 › 각 포스트에 작가 정보가 표시된다 
    [firefox] › tests\blog-navigation.spec.ts:207:9 › 블로그 네비게이션 E2E 테스트 › 시나리오 2: 블로그 목록 페이지에서 포스트 확인 › 각 포스트에 작가 프로필 이미지가 표시된다 
    [firefox] › tests\blog-navigation.spec.ts:217:9 › 블로그 네비게이션 E2E 테스트 › 시나리오 2: 블로그 목록 페이지에서 포스트 확인 › 각 포스트에 "더 읽기" 링크가 있다 
    [firefox] › tests\blog-navigation.spec.ts:386:9 › 블로그 네비게이션 E2E 테스트 › 시나리오 3: 개별 블로그 포스트 페이지 접근 및 콘텐츠 확인 › 포스트 목록에서 '더 읽기' 버튼으로 상세 페이지에 접근할 수 있다 
    [firefox] › tests\blog-navigation.spec.ts:409:9 › 블로그 네비게이션 E2E 테스트 › 추가 테스트: 전체 플로우 검증 › 홈페이지 → 블로그 목록 → 포스트 상세 페이지의 완전한 네비게이션 플로우 
    [firefox] › tests\blog-navigation.spec.ts:446:9 › 블로그 네비게이션 E2E 테스트 › 추가 테스트: 전체 플로우 검증 › 페이지 로드 성능 기본 검증 
    [firefox] › tests\subscribe.spec.ts:9:7 › 구독 기능 (Subscribe Feature) › 01. 구독 폼이 페이지에 표시되어야 함 ───
    [firefox] › tests\subscribe.spec.ts:20:7 › 구독 기능 (Subscribe Feature) › 02. 유효한 이메일로 구독할 수 있어야 함 
    [firefox] › tests\subscribe.spec.ts:42:7 › 구독 기능 (Subscribe Feature) › 03. 이미 구독 중인 이메일로는 중복 구독이 불가능해야 함 
    [firefox] › tests\subscribe.spec.ts:74:7 › 구독 기능 (Subscribe Feature) › 04. 잘못된 이메일 형식으로는 구독할 수 없어야 함 
    [firefox] › tests\subscribe.spec.ts:87:7 › 구독 기능 (Subscribe Feature) › 05. 이메일 필드가 비어있으면 구독할 수 없어야 함 
    [firefox] › tests\subscribe.spec.ts:100:7 › 구독 기능 (Subscribe Feature) › 06. 로딩 상태를 표시해야 함 ──────
    [firefox] › tests\subscribe.spec.ts:118:7 › 구독 기능 (Subscribe Feature) › 07. 성공 후 이메일 필드가 비워져야 함 
    [firefox] › tests\subscribe.spec.ts:136:7 › 구독 기능 (Subscribe Feature) › 08. 여러 개의 서로 다른 이메일로 구독할 수 있어야 함 
    [firefox] › tests\subscribe.spec.ts:198:7 › 구독 기능 (Subscribe Feature) › 11. 브라우저 백 버튼 후에도 폼이 정상 작동해야 함 
    [firefox] › tests\subscribe.spec.ts:234:7 › 구독 기능 (Subscribe Feature) › 13. 특수 문자가 포함된 이메일로는 구독할 수 없어야 함 
    [firefox] › tests\subscribe.spec.ts:251:7 › 구독 기능 (Subscribe Feature) › 14. 페이지 성능 확인 (로딩 시간) ──
    [firefox] › tests\subscribe.spec.ts:260:7 › 구독 기능 (Subscribe Feature) › 15. API 엔드포인트 응답 검증 ────
    [webkit] › tests\blog-navigation.spec.ts:8:9 › 블로그 네비게이션 E2E 테스트 › 시나리오 1: 홈페이지 접속 및 기본 요소 확인 › 홈페이지가 정상적으로 로드된다 
    [webkit] › tests\blog-navigation.spec.ts:16:9 › 블로그 네비게이션 E2E 테스트 › 시나리오 1: 홈페이지 접속 및 기본 요소 확인 › 네비게이션 바(Header)가 표시된다 
    [webkit] › tests\blog-navigation.spec.ts:198:9 › 블로그 네비게이션 E2E 테스트 › 시나리오 2: 블로그 목록 페이지에서 포스트 확인 › 각 포스트에 작가 정보가 표시된다 
    [webkit] › tests\blog-navigation.spec.ts:386:9 › 블로그 네비게이션 E2E 테스트 › 시나리오 3: 개별 블로그 포스트 페이지 접근 및 콘텐츠 확인 › 포스트 목록에서 '더 읽기' 버튼으로 상세 페이지에 접근할 수 있다 
    [webkit] › tests\blog-navigation.spec.ts:409:9 › 블로그 네비게이션 E2E 테스트 › 추가 테스트: 전체 플로우 검증 › 홈페이지 → 블로그 목록 → 포스트 상세 페이지의 완전한 네비게이션 플로우 
    [webkit] › tests\subscribe.spec.ts:9:7 › 구독 기능 (Subscribe Feature) › 01. 구독 폼이 페이지에 표시되어야 함 ────
    [webkit] › tests\subscribe.spec.ts:20:7 › 구독 기능 (Subscribe Feature) › 02. 유효한 이메일로 구독할 수 있어야 함 ─
    [webkit] › tests\subscribe.spec.ts:42:7 › 구독 기능 (Subscribe Feature) › 03. 이미 구독 중인 이메일로는 중복 구독이 불가능해야 함 
    [webkit] › tests\subscribe.spec.ts:74:7 › 구독 기능 (Subscribe Feature) › 04. 잘못된 이메일 형식으로는 구독할 수 없어야 함 
    [webkit] › tests\subscribe.spec.ts:100:7 › 구독 기능 (Subscribe Feature) › 06. 로딩 상태를 표시해야 함 ───────
    [webkit] › tests\subscribe.spec.ts:118:7 › 구독 기능 (Subscribe Feature) › 07. 성공 후 이메일 필드가 비워져야 함 ─
    [webkit] › tests\subscribe.spec.ts:136:7 › 구독 기능 (Subscribe Feature) › 08. 여러 개의 서로 다른 이메일로 구독할 수 있어야 함 
    [webkit] › tests\subscribe.spec.ts:182:7 › 구독 기능 (Subscribe Feature) › 10. 모바일 환경에서도 구독할 수 있어야 함 
    [webkit] › tests\subscribe.spec.ts:198:7 › 구독 기능 (Subscribe Feature) › 11. 브라우저 백 버튼 후에도 폼이 정상 작동해야 함 
    [webkit] › tests\subscribe.spec.ts:234:7 › 구독 기능 (Subscribe Feature) › 13. 특수 문자가 포함된 이메일로는 구독할 수 없어야 함 
    [webkit] › tests\subscribe.spec.ts:260:7 › 구독 기능 (Subscribe Feature) › 15. API 엔드포인트 응답 검증 ─────
    [Mobile Chrome] › tests\blog-navigation.spec.ts:8:9 › 블로그 네비게이션 E2E 테스트 › 시나리오 1: 홈페이지 접속 및 기본 요소 확인 › 홈페이지가 정상적으로 로드된다 
    [Mobile Chrome] › tests\blog-navigation.spec.ts:25:9 › 블로그 네비게이션 E2E 테스트 › 시나리오 1: 홈페이지 접속 및 기본 요소 확인 › 사이트 로고/제목이 네비게이션 바에 표시된다 
    [Mobile Chrome] › tests\blog-navigation.spec.ts:91:9 › 블로그 네비게이션 E2E 테스트 › 시나리오 1: 홈페이지 접속 및 기본 요소 확인 › Footer에 저작권 정보가 표시된다 
    [Mobile Chrome] › tests\blog-navigation.spec.ts:198:9 › 블로그 네비게이션 E2E 테스트 › 시나리오 2: 블로그 목록 페이지에서 포스트 확인 › 각 포스트에 작가 정보가 표시된다 
    [Mobile Chrome] › tests\blog-navigation.spec.ts:248:9 › 블로그 네비게이션 E2E 테스트 › 시나리오 3: 개별 블로그 포스트 페이지 접근 및 콘텐츠 확인 › 블로그 목록에서 첫 번째 포스트 제목을 클릭하면 상세 페이지로 이동한다 
    [Mobile Chrome] › tests\blog-navigation.spec.ts:386:9 › 블로그 네비게이션 E2E 테스트 › 시나리오 3: 개별 블로그 포스트 페이지 접근 및 콘텐츠 확인 › 포스트 목록에서 '더 읽기' 버튼으로 상세 페이지에 접근할 수 있다 
    [Mobile Chrome] › tests\blog-navigation.spec.ts:409:9 › 블로그 네비게이션 E2E 테스트 › 추가 테스트: 전체 플로우 검증 › 홈페이지 → 블로그 목록 → 포스트 상세 페이지의 완전한 네비게이션 플로우 
    [Mobile Chrome] › tests\subscribe.spec.ts:20:7 › 구독 기능 (Subscribe Feature) › 02. 유효한 이메일로 구독할 수 있어야 함 
    [Mobile Chrome] › tests\subscribe.spec.ts:42:7 › 구독 기능 (Subscribe Feature) › 03. 이미 구독 중인 이메일로는 중복 구독이 불가능해야 함 
    [Mobile Chrome] › tests\subscribe.spec.ts:74:7 › 구독 기능 (Subscribe Feature) › 04. 잘못된 이메일 형식으로는 구독할 수 없어야 함 
    [Mobile Chrome] › tests\subscribe.spec.ts:136:7 › 구독 기능 (Subscribe Feature) › 08. 여러 개의 서로 다른 이메일로 구독할 수 있어야 함 
    [Mobile Chrome] › tests\subscribe.spec.ts:198:7 › 구독 기능 (Subscribe Feature) › 11. 브라우저 백 버튼 후에도 폼이 정상 작동해야 함 
    [Mobile Chrome] › tests\subscribe.spec.ts:234:7 › 구독 기능 (Subscribe Feature) › 13. 특수 문자가 포함된 이메일로는 구독할 수 없어야 함 
    [Mobile Safari] › tests\blog-navigation.spec.ts:8:9 › 블로그 네비게이션 E2E 테스트 › 시나리오 1: 홈페이지 접속 및 기본 요소 확인 › 홈페이지가 정상적으로 로드된다 
    [Mobile Safari] › tests\blog-navigation.spec.ts:55:9 › 블로그 네비게이션 E2E 테스트 › 시나리오 1: 홈페이지 접속 및 기본 요소 확인 › 홈페이지에 메인 제목이 표시된다 
    [Mobile Safari] › tests\blog-navigation.spec.ts:198:9 › 블로그 네비게이션 E2E 테스트 › 시나리오 2: 블로그 목록 페이지에서 포스트 확인 › 각 포스트에 작가 정보가 표시된다 
    [Mobile Safari] › tests\blog-navigation.spec.ts:386:9 › 블로그 네비게이션 E2E 테스트 › 시나리오 3: 개별 블로그 포스트 페이지 접근 및 콘텐츠 확인 › 포스트 목록에서 '더 읽기' 버튼으로 상세 페이지에 접근할 수 있다 
    [Mobile Safari] › tests\blog-navigation.spec.ts:409:9 › 블로그 네비게이션 E2E 테스트 › 추가 테스트: 전체 플로우 검증 › 홈페이지 → 블로그 목록 → 포스트 상세 페이지의 완전한 네비게이션 플로우 
    [Mobile Safari] › tests\subscribe.spec.ts:20:7 › 구독 기능 (Subscribe Feature) › 02. 유효한 이메일로 구독할 수 있어야 함 
    [Mobile Safari] › tests\subscribe.spec.ts:42:7 › 구독 기능 (Subscribe Feature) › 03. 이미 구독 중인 이메일로는 중복 구독이 불가능해야 함 
    [Mobile Safari] › tests\subscribe.spec.ts:74:7 › 구독 기능 (Subscribe Feature) › 04. 잘못된 이메일 형식으로는 구독할 수 없어야 함 
    [Mobile Safari] › tests\subscribe.spec.ts:100:7 › 구독 기능 (Subscribe Feature) › 06. 로딩 상태를 표시해야 함 
    [Mobile Safari] › tests\subscribe.spec.ts:118:7 › 구독 기능 (Subscribe Feature) › 07. 성공 후 이메일 필드가 비워져야 함 
    [Mobile Safari] › tests\subscribe.spec.ts:136:7 › 구독 기능 (Subscribe Feature) › 08. 여러 개의 서로 다른 이메일로 구독할 수 있어야 함 
    [Mobile Safari] › tests\subscribe.spec.ts:182:7 › 구독 기능 (Subscribe Feature) › 10. 모바일 환경에서도 구독할 수 있어야 함 
    [Mobile Safari] › tests\subscribe.spec.ts:220:7 › 구독 기능 (Subscribe Feature) › 12. 아주 긴 이메일 주소로도 구독할 수 있어야 함 
    [Mobile Safari] › tests\subscribe.spec.ts:234:7 › 구독 기능 (Subscribe Feature) › 13. 특수 문자가 포함된 이메일로는 구독할 수 없어야 함 
  5 did not run
  166 passed (4.5m)
